Archive member included to satisfy reference by file (symbol)

D:/STM32CUBEIDE/STM32CubeIDE_1.16.0/STM32CubeIDE/plugins/com.st.stm32cube.ide.mcu.externaltools.gnu-tools-for-stm32.12.3.rel1.win32_1.0.200.202406191623/tools/bin/../lib/gcc/arm-none-eabi/12.3.1/../../../../arm-none-eabi/lib/thumb/v7e-m+fp/hard\libc_nano.a(libc_a-exit.o)
                              D:/STM32CUBEIDE/STM32CubeIDE_1.16.0/STM32CubeIDE/plugins/com.st.stm32cube.ide.mcu.externaltools.gnu-tools-for-stm32.12.3.rel1.win32_1.0.200.202406191623/tools/bin/../lib/gcc/arm-none-eabi/12.3.1/../../../../arm-none-eabi/lib/thumb/v7e-m+fp/hard/crt0.o (exit)
D:/STM32CUBEIDE/STM32CubeIDE_1.16.0/STM32CubeIDE/plugins/com.st.stm32cube.ide.mcu.externaltools.gnu-tools-for-stm32.12.3.rel1.win32_1.0.200.202406191623/tools/bin/../lib/gcc/arm-none-eabi/12.3.1/../../../../arm-none-eabi/lib/thumb/v7e-m+fp/hard\libc_nano.a(libc_a-findfp.o)
                              D:/STM32CUBEIDE/STM32CubeIDE_1.16.0/STM32CubeIDE/plugins/com.st.stm32cube.ide.mcu.externaltools.gnu-tools-for-stm32.12.3.rel1.win32_1.0.200.202406191623/tools/bin/../lib/gcc/arm-none-eabi/12.3.1/../../../../arm-none-eabi/lib/thumb/v7e-m+fp/hard\libc_nano.a(libc_a-exit.o) (__stdio_exit_handler)
D:/STM32CUBEIDE/STM32CubeIDE_1.16.0/STM32CubeIDE/plugins/com.st.stm32cube.ide.mcu.externaltools.gnu-tools-for-stm32.12.3.rel1.win32_1.0.200.202406191623/tools/bin/../lib/gcc/arm-none-eabi/12.3.1/../../../../arm-none-eabi/lib/thumb/v7e-m+fp/hard\libc_nano.a(libc_a-fwalk.o)
                              D:/STM32CUBEIDE/STM32CubeIDE_1.16.0/STM32CubeIDE/plugins/com.st.stm32cube.ide.mcu.externaltools.gnu-tools-for-stm32.12.3.rel1.win32_1.0.200.202406191623/tools/bin/../lib/gcc/arm-none-eabi/12.3.1/../../../../arm-none-eabi/lib/thumb/v7e-m+fp/hard\libc_nano.a(libc_a-findfp.o) (_fwalk_sglue)
D:/STM32CUBEIDE/STM32CubeIDE_1.16.0/STM32CubeIDE/plugins/com.st.stm32cube.ide.mcu.externaltools.gnu-tools-for-stm32.12.3.rel1.win32_1.0.200.202406191623/tools/bin/../lib/gcc/arm-none-eabi/12.3.1/../../../../arm-none-eabi/lib/thumb/v7e-m+fp/hard\libc_nano.a(libc_a-stdio.o)
                              D:/STM32CUBEIDE/STM32CubeIDE_1.16.0/STM32CubeIDE/plugins/com.st.stm32cube.ide.mcu.externaltools.gnu-tools-for-stm32.12.3.rel1.win32_1.0.200.202406191623/tools/bin/../lib/gcc/arm-none-eabi/12.3.1/../../../../arm-none-eabi/lib/thumb/v7e-m+fp/hard\libc_nano.a(libc_a-findfp.o) (__sread)
D:/STM32CUBEIDE/STM32CubeIDE_1.16.0/STM32CubeIDE/plugins/com.st.stm32cube.ide.mcu.externaltools.gnu-tools-for-stm32.12.3.rel1.win32_1.0.200.202406191623/tools/bin/../lib/gcc/arm-none-eabi/12.3.1/../../../../arm-none-eabi/lib/thumb/v7e-m+fp/hard\libc_nano.a(libc_a-memset.o)
                              D:/STM32CUBEIDE/STM32CubeIDE_1.16.0/STM32CubeIDE/plugins/com.st.stm32cube.ide.mcu.externaltools.gnu-tools-for-stm32.12.3.rel1.win32_1.0.200.202406191623/tools/bin/../lib/gcc/arm-none-eabi/12.3.1/../../../../arm-none-eabi/lib/thumb/v7e-m+fp/hard/crt0.o (memset)
D:/STM32CUBEIDE/STM32CubeIDE_1.16.0/STM32CubeIDE/plugins/com.st.stm32cube.ide.mcu.externaltools.gnu-tools-for-stm32.12.3.rel1.win32_1.0.200.202406191623/tools/bin/../lib/gcc/arm-none-eabi/12.3.1/../../../../arm-none-eabi/lib/thumb/v7e-m+fp/hard\libc_nano.a(libc_a-closer.o)
                              D:/STM32CUBEIDE/STM32CubeIDE_1.16.0/STM32CubeIDE/plugins/com.st.stm32cube.ide.mcu.externaltools.gnu-tools-for-stm32.12.3.rel1.win32_1.0.200.202406191623/tools/bin/../lib/gcc/arm-none-eabi/12.3.1/../../../../arm-none-eabi/lib/thumb/v7e-m+fp/hard\libc_nano.a(libc_a-stdio.o) (_close_r)
D:/STM32CUBEIDE/STM32CubeIDE_1.16.0/STM32CubeIDE/plugins/com.st.stm32cube.ide.mcu.externaltools.gnu-tools-for-stm32.12.3.rel1.win32_1.0.200.202406191623/tools/bin/../lib/gcc/arm-none-eabi/12.3.1/../../../../arm-none-eabi/lib/thumb/v7e-m+fp/hard\libc_nano.a(libc_a-reent.o)
                              D:/STM32CUBEIDE/STM32CubeIDE_1.16.0/STM32CubeIDE/plugins/com.st.stm32cube.ide.mcu.externaltools.gnu-tools-for-stm32.12.3.rel1.win32_1.0.200.202406191623/tools/bin/../lib/gcc/arm-none-eabi/12.3.1/../../../../arm-none-eabi/lib/thumb/v7e-m+fp/hard\libc_nano.a(libc_a-closer.o) (errno)
D:/STM32CUBEIDE/STM32CubeIDE_1.16.0/STM32CubeIDE/plugins/com.st.stm32cube.ide.mcu.externaltools.gnu-tools-for-stm32.12.3.rel1.win32_1.0.200.202406191623/tools/bin/../lib/gcc/arm-none-eabi/12.3.1/../../../../arm-none-eabi/lib/thumb/v7e-m+fp/hard\libc_nano.a(libc_a-impure.o)
                              D:/STM32CUBEIDE/STM32CubeIDE_1.16.0/STM32CubeIDE/plugins/com.st.stm32cube.ide.mcu.externaltools.gnu-tools-for-stm32.12.3.rel1.win32_1.0.200.202406191623/tools/bin/../lib/gcc/arm-none-eabi/12.3.1/../../../../arm-none-eabi/lib/thumb/v7e-m+fp/hard\libc_nano.a(libc_a-reent.o) (_impure_ptr)
[...]
Memory Configuration

Name             Origin             Length             Attributes
CCMRAM           0x10000000         0x00010000         xrw
RAM              0x20000000         0x00020000         xrw
FLASH            0x08000000         0x00100000         xr
*default*        0x00000000         0xffffffff

Linker script and memory map

LOAD D:/STM32CUBEIDE/STM32CubeIDE_1.16.0/STM32CubeIDE/plugins/com.st.stm32cube.ide.mcu.externaltools.gnu-tools-for-stm32.12.3.rel1.win32_1.0.200.202406191623/tools/bin/../lib/gcc/arm-none-eabi/12.3.1/thumb/v7e-m+fp/hard/crti.o
LOAD D:/STM32CUBEIDE/STM32CubeIDE_1.16.0/STM32CubeIDE/plugins/com.st.stm32cube.ide.mcu.externaltools.gnu-tools-for-stm32.12.3.rel1.win32_1.0.200.202406191623/tools/bin/../lib/gcc/arm-none-eabi/12.3.1/thumb/v7e-m+fp/hard/crtbegin.o
LOAD D:/STM32CUBEIDE/STM32CubeIDE_1.16.0/STM32CubeIDE/plugins/com.st.stm32cube.ide.mcu.externaltools.gnu-tools-for-stm32.12.3.rel1.win32_1.0.200.202406191623/tools/bin/../lib/gcc/arm-none-eabi/12.3.1/../../../../arm-none-eabi/lib/thumb/v7e-m+fp/hard/crt0.o
LOAD ./Core/Src/button.o
LOAD ./Core/Src/fsmc.o
LOAD ./Core/Src/gpio.o
LOAD ./Core/Src/lcd.o
LOAD ./Core/Src/led_7seg.o
LOAD ./Core/Src/main.o
LOAD ./Core/Src/picture.o
LOAD ./Core/Src/software_timer.o
LOAD ./Core/Src/spi.o
LOAD ./Core/Src/stm32f4xx_hal_msp.o
LOAD ./Core/Src/stm32f4xx_it.o
LOAD ./Core/Src/syscalls.o
LOAD ./Core/Src/sysmem.o
LOAD ./Core/Src/system_stm32f4xx.o
LOAD ./Core/Src/tim.o
LOAD ./Core/Src/traffic_light.o
LOAD ./Core/Startup/startup_stm32f407zetx.o
LOAD ./Drivers/STM32F4xx_HAL_Driver/Src/stm32f4xx_hal.o
LOAD ./Drivers/STM32F4xx_HAL_Driver/Src/stm32f4xx_hal_cortex.o
LOAD ./Drivers/STM32F4xx_HAL_Driver/Src/stm32f4xx_hal_dma.o
LOAD ./Drivers/STM32F4xx_HAL_Driver/Src/stm32f4xx_hal_dma_ex.o
LOAD ./Drivers/STM32F4xx_HAL_Driver/Src/stm32f4xx_hal_exti.o
LOAD ./Drivers/STM32F4xx_HAL_Driver/Src/stm32f4xx_hal_flash.o
LOAD ./Drivers/STM32F4xx_HAL_Driver/Src/stm32f4xx_hal_flash_ex.o
LOAD ./Drivers/STM32F4xx_HAL_Driver/Src/stm32f4xx_hal_flash_ramfunc.o
LOAD ./Drivers/STM32F4xx_HAL_Driver/Src/stm32f4xx_hal_gpio.o
LOAD ./Drivers/STM32F4xx_HAL_Driver/Src/stm32f4xx_hal_pwr.o
LOAD ./Drivers/STM32F4xx_HAL_Driver/Src/stm32f4xx_hal_pwr_ex.o
LOAD ./Drivers/STM32F4xx_HAL_Driver/Src/stm32f4xx_hal_rcc.o
LOAD ./Drivers/STM32F4xx_HAL_Driver/Src/stm32f4xx_hal_rcc_ex.o
LOAD ./Drivers/STM32F4xx_HAL_Driver/Src/stm32f4xx_hal_spi.o
LOAD ./Drivers/STM32F4xx_HAL_Driver/Src/stm32f4xx_hal_sram.o
LOAD ./Drivers/STM32F4xx_HAL_Driver/Src/stm32f4xx_hal_tim.o
LOAD ./Drivers/STM32F4xx_HAL_Driver/Src/stm32f4xx_hal_tim_ex.o
LOAD ./Drivers/STM32F4xx_HAL_Driver/Src/stm32f4xx_ll_fsmc.o
START GROUP
LOAD D:/STM32CUBEIDE/STM32CubeIDE_1.16.0/STM32CubeIDE/plugins/com.st.stm32cube.ide.mcu.externaltools.gnu-tools-for-stm32.12.3.rel1.win32_1.0.200.202406191623/tools/bin/../lib/gcc/arm-none-eabi/12.3.1/../../../../arm-none-eabi/lib/thumb/v7e-m+fp/hard\libc_nano.a
LOAD D:/STM32CUBEIDE/STM32CubeIDE_1.16.0/STM32CubeIDE/plugins/com.st.stm32cube.ide.mcu.externaltools.gnu-tools-for-stm32.12.3.rel1.win32_1.0.200.202406191623/tools/bin/../lib/gcc/arm-none-eabi/12.3.1/../../../../arm-none-eabi/lib/thumb/v7e-m+fp/hard\libm.a
END GROUP
START GROUP
LOAD D:/STM32CUBEIDE/STM32CubeIDE_1.16.0/STM32CubeIDE/plugins/com.st.stm32cube.ide.mcu.externaltools.gnu-tools-for-stm32.12.3.rel1.win32_1.0.200.202406191623/tools/bin/../lib/gcc/arm-none-eabi/12.3.1/thumb/v7e-m+fp/hard\libgcc.a
LOAD D:/STM32CUBEIDE/STM32CubeIDE_1.16.0/STM32CubeIDE/plugins/com.st.stm32cube.ide.mcu.externaltools.gnu-tools-for-stm32.12.3.rel1.win32_1.0.200.202406191623/tools/bin/../lib/gcc/arm-none-eabi/12.3.1/../../../../arm-none-eabi/lib/thumb/v7e-m+fp/hard\libc_nano.a
END GROUP
START GROUP
LOAD D:/STM32CUBEIDE/STM32CubeIDE_1.16.0/STM32CubeIDE/plugins/com.st.stm32cube.ide.mcu.externaltools.gnu-tools-for-stm32.12.3.rel1.win32_1.0.200.202406191623/tools/bin/../lib/gcc/arm-none-eabi/12.3.1/thumb/v7e-m+fp/hard\libgcc.a
LOAD D:/STM32CUBEIDE/STM32CubeIDE_1.16.0/STM32CubeIDE/plugins/com.st.stm32cube.ide.mcu.externaltools.gnu-tools-for-stm32.12.3.rel1.win32_1.0.200.202406191623/tools/bin/../lib/gcc/arm-none-eabi/12.3.1/../../../../arm-none-eabi/lib/thumb/v7e-m+fp/hard\libc_nano.a
LOAD D:/STM32CUBEIDE/STM32CubeIDE_1.16.0/STM32CubeIDE/plugins/com.st.stm32cube.ide.mcu.externaltools.gnu-tools-for-stm32.12.3.rel1.win32_1.0.200.202406191623/tools/bin/../lib/gcc/arm-none-eabi/12.3.1/../../../../arm-none-eabi/lib/thumb/v7e-m+fp/hard\libnosys.a
END GROUP
START GROUP
LOAD D:/STM32CUBEIDE/STM32CubeIDE_1.16.0/STM32CubeIDE/plugins/com.st.stm32cube.ide.mcu.externaltools.gnu-tools-for-stm32.12.3.rel1.win32_1.0.200.202406191623/tools/bin/../lib/gcc/arm-none-eabi/12.3.1/thumb/v7e-m+fp/hard\libgcc.a
LOAD D:/STM32CUBEIDE/STM32CubeIDE_1.16.0/STM32CubeIDE/plugins/com.st.stm32cube.ide.mcu.externaltools.gnu-tools-for-stm32.12.3.rel1.win32_1.0.200.202406191623/tools/bin/../lib/gcc/arm-none-eabi/12.3.1/../../../../arm-none-eabi/lib/thumb/v7e-m+fp/hard\libc_nano.a
LOAD D:/STM32CUBEIDE/STM32CubeIDE_1.16.0/STM32CubeIDE/plugins/com.st.stm32cube.ide.mcu.externaltools.gnu-tools-for-stm32.12.3.rel1.win32_1.0.200.202406191623/tools/bin/../lib/gcc/arm-none-eabi/12.3.1/../../../../arm-none-eabi/lib/thumb/v7e-m+fp/hard\libnosys.a
END GROUP
LOAD D:/STM32CUBEIDE/STM32CubeIDE_1.16.0/STM32CubeIDE/plugins/com.st.stm32cube.ide.mcu.externaltools.gnu-tools-for-stm32.12.3.rel1.win32_1.0.200.202406191623/tools/bin/../lib/gcc/arm-none-eabi/12.3.1/thumb/v7e-m+fp/hard/crtend.o
LOAD D:/STM32CUBEIDE/STM32CubeIDE_1.16.0/STM32CubeIDE/plugins/com.st.stm32cube.ide.mcu.externaltools.gnu-tools-for-stm32.12.3.rel1.win32_1.0.200.202406191623/tools/bin/../lib/gcc/arm-none-eabi/12.3.1/thumb/v7e-m+fp/hard/crtn.o
                0x20020000                        _estack = (ORIGIN (RAM) + LENGTH (RAM))
                0x00000200                        _Min_Heap_Size = 0x200
                0x00000400                        _Min_Stack_Size = 0x400

.isr_vector     0x08000000      0x188
                0x08000000                        . = ALIGN (0x4)
 *(.isr_vector)
 .isr_vector    0x08000000      0x188 ./Core/Startup/startup_stm32f407zetx.o
                0x08000000                g_pfnVectors
                0x08000188                        . = ALIGN (0x4)

.text           0x08000188     0x49d0
                0x08000188                        . = ALIGN (0x4)
 *(.text)
 .text          0x08000188       0x40 D:/STM32CUBEIDE/STM32CubeIDE_1.16.0/STM32CubeIDE/plugins/com.st.stm32cube.ide.mcu.externaltools.gnu-tools-for-stm32.12.3.rel1.win32_1.0.200.202406191623/tools/bin/../lib/gcc/arm-none-eabi/12.3.1/thumb/v7e-m+fp/hard/crtbegin.o
 .text          0x080001c8       0x10 D:/STM32CUBEIDE/STM32CubeIDE_1.16.0/STM32CubeIDE/plugins/com.st.stm32cube.ide.mcu.externaltools.gnu-tools-for-stm32.12.3.rel1.win32_1.0.200.202406191623/tools/bin/../lib/gcc/arm-none-eabi/12.3.1/../../../../arm-none-eabi/lib/thumb/v7e-m+fp/hard\libc_nano.a(libc_a-strlen.o)
                0x080001c8                strlen
 .text          0x080001d8       0x30 D:/STM32CUBEIDE/STM32CubeIDE_1.16.0/STM32CubeIDE/plugins/com.st.stm32cube.ide.mcu.externaltools.gnu-tools-for-stm32.12.3.rel1.win32_1.0.200.202406191623/tools/bin/../lib/gcc/arm-none-eabi/12.3.1/thumb/v7e-m+fp/hard\libgcc.a(_aeabi_uldivmod.o)
                0x080001d8                __aeabi_uldivmod
 .text          0x08000208      0x2bc D:/STM32CUBEIDE/STM32CubeIDE_1.16.0/STM32CubeIDE/plugins/com.st.stm32cube.ide.mcu.externaltools.gnu-tools-for-stm32.12.3.rel1.win32_1.0.200.202406191623/tools/bin/../lib/gcc/arm-none-eabi/12.3.1/thumb/v7e-m+fp/hard\libgcc.a(_udivmoddi4.o)
                0x08000208                __udivmoddi4
 .text          0x080004c4        0x4 D:/STM32CUBEIDE/STM32CubeIDE_1.16.0/STM32CubeIDE/plugins/com.st.stm32cube.ide.mcu.externaltools.gnu-tools-for-stm32.12.3.rel1.win32_1.0.200.202406191623/tools/bin/../lib/gcc/arm-none-eabi/12.3.1/thumb/v7e-m+fp/hard\libgcc.a(_dvmd_tls.o)
                0x080004c4                __aeabi_idiv0
                0x080004c4                __aeabi_ldiv0
 *(.text*)
 .text.button_init
                0x080004c8       0x18 ./Core/Src/button.o
                0x080004c8                button_init
 .text.button_Scan
                0x080004e0       0xd8 ./Core/Src/button.o
                0x080004e0                button_Scan
 .text.MX_FSMC_Init
                0x080005b8       0xf4 ./Core/Src/fsmc.o
                0x080005b8                MX_FSMC_Init
 .text.HAL_FSMC_MspInit
                0x080006ac       0x98 ./Core/Src/fsmc.o
 .text.HAL_SRAM_MspInit
                0x08000744       0x14 ./Core/Src/fsmc.o
                0x08000744                HAL_SRAM_MspInit
 .text.MX_GPIO_Init
                0x08000758      0x1f0 ./Core/Src/gpio.o
                0x08000758                MX_GPIO_Init
 .text.LCD_WR_REG
                0x08000948       0x20 ./Core/Src/lcd.o
                0x08000948                LCD_WR_REG
 .text.LCD_WR_DATA
                0x08000968       0x20 ./Core/Src/lcd.o
 .text.LCD_RD_DATA
                0x08000988       0x24 ./Core/Src/lcd.o
 .text.lcd_AddressSet
                0x080009ac       0x98 ./Core/Src/lcd.o
                0x080009ac                lcd_AddressSet
 .text.lcd_Clear
                0x08000a44       0x64 ./Core/Src/lcd.o
                0x08000a44                lcd_Clear
 .text.lcd_Fill
                0x08000aa8       0x6c ./Core/Src/lcd.o
                0x08000aa8                lcd_Fill
 .text.lcd_DrawPoint
                0x08000b14       0x2e ./Core/Src/lcd.o
                0x08000b14                lcd_DrawPoint
 *fill*         0x08000b42        0x2 
 .text.lcd_ShowChar
                0x08000b44      0x1a0 ./Core/Src/lcd.o
                0x08000b44                lcd_ShowChar
 .text.mypow    0x08000ce4       0x38 ./Core/Src/lcd.o
                0x08000ce4                mypow
 .text.lcd_ShowIntNum
                0x08000d1c       0xfc ./Core/Src/lcd.o
                0x08000d1c                lcd_ShowIntNum
 .text.lcd_ShowPicture
                0x08000e18       0xac ./Core/Src/lcd.o
                0x08000e18                lcd_ShowPicture
 .text.lcd_SetDir
                0x08000ec4       0x48 ./Core/Src/lcd.o
                0x08000ec4                lcd_SetDir
 .text.lcd_init
                0x08000f0c      0x2c0 ./Core/Src/lcd.o
                0x08000f0c                lcd_init
 .text._draw_circle_8
                0x080011cc      0x116 ./Core/Src/lcd.o
 .text.lcd_DrawCircle
                0x080012e2       0xd8 ./Core/Src/lcd.o
                0x080012e2                lcd_DrawCircle
 *fill*         0x080013ba        0x2 
 .text.lcd_ShowStr
                0x080013bc       0xc8 ./Core/Src/lcd.o
                0x080013bc                lcd_ShowStr
 .text.lcd_StrCenter
                0x08001484       0x64 ./Core/Src/lcd.o
                0x08001484                lcd_StrCenter
 .text.led7_init
                0x080014e8       0x18 ./Core/Src/led_7seg.o
                0x080014e8                led7_init
 .text.led7_Scan
                0x08001500      0x118 ./Core/Src/led_7seg.o
                0x08001500                led7_Scan
 .text.main     0x08001618       0x58 ./Core/Src/main.o
                0x08001618                main
 .text.SystemClock_Config
                0x08001670       0xd4 ./Core/Src/main.o
                0x08001670                SystemClock_Config
 .text.system_init
                0x08001744       0x40 ./Core/Src/main.o
                0x08001744                system_init
 .text.test_LedDebug
                0x08001784       0x48 ./Core/Src/main.o
                0x08001784                test_LedDebug
 .text.button_bai3
                0x080017cc       0x78 ./Core/Src/main.o
                0x080017cc                button_bai3
 .text.normal_run
                0x08001844       0x94 ./Core/Src/main.o
                0x08001844                normal_run
 .text.Error_Handler
                0x080018d8        0xc ./Core/Src/main.o
                0x080018d8                Error_Handler
 .text.timer_init
                0x080018e4       0x14 ./Core/Src/software_timer.o
                0x080018e4                timer_init
 .text.setTimer2
                0x080018f8       0x38 ./Core/Src/software_timer.o
                0x080018f8                setTimer2
 .text.HAL_TIM_PeriodElapsedCallback
                0x08001930       0x54 ./Core/Src/software_timer.o
                0x08001930                HAL_TIM_PeriodElapsedCallback
 .text.MX_SPI1_Init
                0x08001984       0x6c ./Core/Src/spi.o
                0x08001984                MX_SPI1_Init
 .text.HAL_SPI_MspInit
                0x080019f0       0x90 ./Core/Src/spi.o
                0x080019f0                HAL_SPI_MspInit
 .text.HAL_MspInit
                0x08001a80       0x50 ./Core/Src/stm32f4xx_hal_msp.o
                0x08001a80                HAL_MspInit
 .text.NMI_Handler
                0x08001ad0        0x8 ./Core/Src/stm32f4xx_it.o
                0x08001ad0                NMI_Handler
 .text.HardFault_Handler
                0x08001ad8        0x8 ./Core/Src/stm32f4xx_it.o
                0x08001ad8                HardFault_Handler
 .text.MemManage_Handler
                0x08001ae0        0x8 ./Core/Src/stm32f4xx_it.o
                0x08001ae0                MemManage_Handler
 .text.BusFault_Handler
                0x08001ae8        0x8 ./Core/Src/stm32f4xx_it.o
                0x08001ae8                BusFault_Handler
 .text.UsageFault_Handler
                0x08001af0        0x8 ./Core/Src/stm32f4xx_it.o
                0x08001af0                UsageFault_Handler
 .text.SVC_Handler
                0x08001af8        0xe ./Core/Src/stm32f4xx_it.o
                0x08001af8                SVC_Handler
 .text.DebugMon_Handler
                0x08001b06        0xe ./Core/Src/stm32f4xx_it.o
                0x08001b06                DebugMon_Handler
 .text.PendSV_Handler
                0x08001b14        0xe ./Core/Src/stm32f4xx_it.o
                0x08001b14                PendSV_Handler
 .text.SysTick_Handler
                0x08001b22        0xc ./Core/Src/stm32f4xx_it.o
                0x08001b22                SysTick_Handler
 *fill*         0x08001b2e        0x2 
 .text.TIM2_IRQHandler
                0x08001b30       0x14 ./Core/Src/stm32f4xx_it.o
                0x08001b30                TIM2_IRQHandler
 .text.SystemInit
                0x08001b44       0x24 ./Core/Src/system_stm32f4xx.o
                0x08001b44                SystemInit
 .text.MX_TIM2_Init
                0x08001b68       0x98 ./Core/Src/tim.o
                0x08001b68                MX_TIM2_Init
 .text.HAL_TIM_Base_MspInit
                0x08001c00       0x4c ./Core/Src/tim.o
                0x08001c00                HAL_TIM_Base_MspInit
 .text.Blink    0x08001c4c      0x150 ./Core/Src/traffic_light.o
                0x08001c4c                Blink
 .text.TrafficLight_Update
                0x08001d9c      0x4b4 ./Core/Src/traffic_light.o
                0x08001d9c                TrafficLight_Update
 .text.handleSwitchState
                0x08002250      0x160 ./Core/Src/traffic_light.o
                0x08002250                handleSwitchState
 .text.handleIncreaseCounter
                0x080023b0       0x5c ./Core/Src/traffic_light.o
                0x080023b0                handleIncreaseCounter
 .text.handleConfirmValue
                0x0800240c       0x54 ./Core/Src/traffic_light.o
                0x0800240c                handleConfirmValue
 .text.Reset_Handler
                0x08002460       0x50 ./Core/Startup/startup_stm32f407zetx.o
                0x08002460                Reset_Handler
 .text.Default_Handler
                0x080024b0        0x2 ./Core/Startup/startup_stm32f407zetx.o
                0x080024b0                RTC_Alarm_IRQHandler
                0x080024b0                HASH_RNG_IRQHandler
                0x080024b0                EXTI2_IRQHandler
                0x080024b0                TIM8_CC_IRQHandler
                0x080024b0                TIM1_CC_IRQHandler
                0x080024b0                DMA2_Stream5_IRQHandler
                0x080024b0                DMA1_Stream5_IRQHandler
                0x080024b0                PVD_IRQHandler
                0x080024b0                SDIO_IRQHandler
                0x080024b0                TAMP_STAMP_IRQHandler
                0x080024b0                CAN2_RX1_IRQHandler
                0x080024b0                EXTI3_IRQHandler
                0x080024b0                TIM8_TRG_COM_TIM14_IRQHandler
                0x080024b0                TIM1_UP_TIM10_IRQHandler
                0x080024b0                TIM8_UP_TIM13_IRQHandler
                0x080024b0                I2C3_ER_IRQHandler
                0x080024b0                EXTI0_IRQHandler
                0x080024b0                I2C2_EV_IRQHandler
                0x080024b0                DMA1_Stream2_IRQHandler
                0x080024b0                CAN1_RX0_IRQHandler
                0x080024b0                FPU_IRQHandler
                0x080024b0                OTG_HS_WKUP_IRQHandler
                0x080024b0                CAN2_SCE_IRQHandler
                0x080024b0                DMA2_Stream2_IRQHandler
                0x080024b0                SPI1_IRQHandler
                0x080024b0                TIM6_DAC_IRQHandler
                0x080024b0                TIM1_BRK_TIM9_IRQHandler
                0x080024b0                DCMI_IRQHandler
                0x080024b0                CAN2_RX0_IRQHandler
                0x080024b0                DMA2_Stream3_IRQHandler
                0x080024b0                USART6_IRQHandler
                0x080024b0                USART3_IRQHandler
                0x080024b0                CAN1_RX1_IRQHandler
                0x080024b0                UART5_IRQHandler
                0x080024b0                DMA2_Stream0_IRQHandler
                0x080024b0                TIM4_IRQHandler
                0x080024b0                I2C1_EV_IRQHandler
                0x080024b0                DMA1_Stream6_IRQHandler
                0x080024b0                DMA1_Stream1_IRQHandler
                0x080024b0                UART4_IRQHandler
                0x080024b0                TIM3_IRQHandler
                0x080024b0                RCC_IRQHandler
                0x080024b0                TIM8_BRK_TIM12_IRQHandler
                0x080024b0                Default_Handler
                0x080024b0                EXTI15_10_IRQHandler
                0x080024b0                ADC_IRQHandler
                0x080024b0                DMA1_Stream7_IRQHandler
                0x080024b0                TIM7_IRQHandler
                0x080024b0                CAN2_TX_IRQHandler
                0x080024b0                TIM5_IRQHandler
                0x080024b0                DMA2_Stream7_IRQHandler
                0x080024b0                I2C3_EV_IRQHandler
                0x080024b0                EXTI9_5_IRQHandler
                0x080024b0                RTC_WKUP_IRQHandler
                0x080024b0                ETH_WKUP_IRQHandler
                0x080024b0                SPI2_IRQHandler
                0x080024b0                OTG_HS_EP1_IN_IRQHandler
                0x080024b0                DMA1_Stream0_IRQHandler
                0x080024b0                CAN1_TX_IRQHandler
                0x080024b0                EXTI4_IRQHandler
                0x080024b0                FSMC_IRQHandler
                0x080024b0                ETH_IRQHandler
                0x080024b0                OTG_HS_EP1_OUT_IRQHandler
                0x080024b0                WWDG_IRQHandler
                0x080024b0                OTG_FS_WKUP_IRQHandler
                0x080024b0                TIM1_TRG_COM_TIM11_IRQHandler
                0x080024b0                OTG_HS_IRQHandler
                0x080024b0                EXTI1_IRQHandler
                0x080024b0                USART2_IRQHandler
                0x080024b0                I2C2_ER_IRQHandler
                0x080024b0                DMA2_Stream1_IRQHandler
                0x080024b0                CAN1_SCE_IRQHandler
                0x080024b0                FLASH_IRQHandler
                0x080024b0                DMA2_Stream4_IRQHandler
                0x080024b0                USART1_IRQHandler
                0x080024b0                OTG_FS_IRQHandler
                0x080024b0                SPI3_IRQHandler
                0x080024b0                DMA1_Stream4_IRQHandler
                0x080024b0                I2C1_ER_IRQHandler
                0x080024b0                DMA2_Stream6_IRQHandler
                0x080024b0                DMA1_Stream3_IRQHandler
 *fill*         0x080024b2        0x2 
 .text.HAL_Init
                0x080024b4       0x44 ./Drivers/STM32F4xx_HAL_Driver/Src/stm32f4xx_hal.o
                0x080024b4                HAL_Init
 .text.HAL_InitTick
                0x080024f8       0x60 ./Drivers/STM32F4xx_HAL_Driver/Src/stm32f4xx_hal.o
                0x080024f8                HAL_InitTick
 .text.HAL_IncTick
                0x08002558       0x28 ./Drivers/STM32F4xx_HAL_Driver/Src/stm32f4xx_hal.o
                0x08002558                HAL_IncTick
 .text.HAL_GetTick
                0x08002580       0x18 ./Drivers/STM32F4xx_HAL_Driver/Src/stm32f4xx_hal.o
                0x08002580                HAL_GetTick
 .text.HAL_Delay
                0x08002598       0x48 ./Drivers/STM32F4xx_HAL_Driver/Src/stm32f4xx_hal.o
                0x08002598                HAL_Delay
 .text.__NVIC_SetPriorityGrouping
                0x080025e0       0x48 ./Drivers/STM32F4xx_HAL_Driver/Src/stm32f4xx_hal_cortex.o
 .text.__NVIC_GetPriorityGrouping
                0x08002628       0x1c ./Drivers/STM32F4xx_HAL_Driver/Src/stm32f4xx_hal_cortex.o
 .text.__NVIC_EnableIRQ
                0x08002644       0x3c ./Drivers/STM32F4xx_HAL_Driver/Src/stm32f4xx_hal_cortex.o
 .text.__NVIC_SetPriority
                0x08002680       0x54 ./Drivers/STM32F4xx_HAL_Driver/Src/stm32f4xx_hal_cortex.o
 .text.NVIC_EncodePriority
                0x080026d4       0x66 ./Drivers/STM32F4xx_HAL_Driver/Src/stm32f4xx_hal_cortex.o
 *fill*         0x0800273a        0x2 
 .text.SysTick_Config
                0x0800273c       0x44 ./Drivers/STM32F4xx_HAL_Driver/Src/stm32f4xx_hal_cortex.o
 .text.HAL_NVIC_SetPriorityGrouping
                0x08002780       0x16 ./Drivers/STM32F4xx_HAL_Driver/Src/stm32f4xx_hal_cortex.o
                0x08002780                HAL_NVIC_SetPriorityGrouping
 .text.HAL_NVIC_SetPriority
                0x08002796       0x38 ./Drivers/STM32F4xx_HAL_Driver/Src/stm32f4xx_hal_cortex.o
                0x08002796                HAL_NVIC_SetPriority
 .text.HAL_NVIC_EnableIRQ
                0x080027ce       0x1c ./Drivers/STM32F4xx_HAL_Driver/Src/stm32f4xx_hal_cortex.o
                0x080027ce                HAL_NVIC_EnableIRQ
 .text.HAL_SYSTICK_Config
                0x080027ea       0x18 ./Drivers/STM32F4xx_HAL_Driver/Src/stm32f4xx_hal_cortex.o
                0x080027ea                HAL_SYSTICK_Config
 *fill*         0x08002802        0x2 
 .text.HAL_GPIO_Init
                0x08002804      0x338 ./Drivers/STM32F4xx_HAL_Driver/Src/stm32f4xx_hal_gpio.o
                0x08002804                HAL_GPIO_Init
 .text.HAL_GPIO_WritePin
                0x08002b3c       0x32 ./Drivers/STM32F4xx_HAL_Driver/Src/stm32f4xx_hal_gpio.o
                0x08002b3c                HAL_GPIO_WritePin
 .text.HAL_GPIO_TogglePin
                0x08002b6e       0x34 ./Drivers/STM32F4xx_HAL_Driver/Src/stm32f4xx_hal_gpio.o
                0x08002b6e                HAL_GPIO_TogglePin
 *fill*         0x08002ba2        0x2 
 .text.HAL_RCC_OscConfig
                0x08002ba4      0x4f0 ./Drivers/STM32F4xx_HAL_Driver/Src/stm32f4xx_hal_rcc.o
                0x08002ba4                HAL_RCC_OscConfig
 .text.HAL_RCC_ClockConfig
                0x08003094      0x1cc ./Drivers/STM32F4xx_HAL_Driver/Src/stm32f4xx_hal_rcc.o
                0x08003094                HAL_RCC_ClockConfig
 .text.HAL_RCC_GetSysClockFreq
                0x08003260      0x20c ./Drivers/STM32F4xx_HAL_Driver/Src/stm32f4xx_hal_rcc.o
                0x08003260                HAL_RCC_GetSysClockFreq
 .text.HAL_SPI_Init
                0x0800346c      0x112 ./Drivers/STM32F4xx_HAL_Driver/Src/stm32f4xx_hal_spi.o
                0x0800346c                HAL_SPI_Init
 .text.HAL_SPI_Transmit
                0x0800357e      0x278 ./Drivers/STM32F4xx_HAL_Driver/Src/stm32f4xx_hal_spi.o
                0x0800357e                HAL_SPI_Transmit
 .text.HAL_SPI_Receive
                0x080037f6      0x222 ./Drivers/STM32F4xx_HAL_Driver/Src/stm32f4xx_hal_spi.o
                0x080037f6                HAL_SPI_Receive
 .text.HAL_SPI_TransmitReceive
                0x08003a18      0x344 ./Drivers/STM32F4xx_HAL_Driver/Src/stm32f4xx_hal_spi.o
                0x08003a18                HAL_SPI_TransmitReceive
 .text.SPI_WaitFlagStateUntilTimeout
                0x08003d5c      0x110 ./Drivers/STM32F4xx_HAL_Driver/Src/stm32f4xx_hal_spi.o
 .text.SPI_EndRxTransaction
                0x08003e6c       0xca ./Drivers/STM32F4xx_HAL_Driver/Src/stm32f4xx_hal_spi.o
 *fill*         0x08003f36        0x2 
 .text.SPI_EndRxTxTransaction
                0x08003f38       0x84 ./Drivers/STM32F4xx_HAL_Driver/Src/stm32f4xx_hal_spi.o
 .text.HAL_SRAM_Init
                0x08003fbc       0x88 ./Drivers/STM32F4xx_HAL_Driver/Src/stm32f4xx_hal_sram.o
                0x08003fbc                HAL_SRAM_Init
 .text.HAL_TIM_Base_Init
                0x08004044       0x9e ./Drivers/STM32F4xx_HAL_Driver/Src/stm32f4xx_hal_tim.o
                0x08004044                HAL_TIM_Base_Init
 *fill*         0x080040e2        0x2 
 .text.HAL_TIM_Base_Start_IT
                0x080040e4       0xe0 ./Drivers/STM32F4xx_HAL_Driver/Src/stm32f4xx_hal_tim.o
                0x080040e4                HAL_TIM_Base_Start_IT
 .text.HAL_TIM_IRQHandler
                0x080041c4      0x210 ./Drivers/STM32F4xx_HAL_Driver/Src/stm32f4xx_hal_tim.o
                0x080041c4                HAL_TIM_IRQHandler
 .text.HAL_TIM_ConfigClockSource
                0x080043d4      0x18e ./Drivers/STM32F4xx_HAL_Driver/Src/stm32f4xx_hal_tim.o
                0x080043d4                HAL_TIM_ConfigClockSource
 .text.HAL_TIM_OC_DelayElapsedCallback
                0x08004562       0x14 ./Drivers/STM32F4xx_HAL_Driver/Src/stm32f4xx_hal_tim.o
                0x08004562                HAL_TIM_OC_DelayElapsedCallback
 .text.HAL_TIM_IC_CaptureCallback
                0x08004576       0x14 ./Drivers/STM32F4xx_HAL_Driver/Src/stm32f4xx_hal_tim.o
                0x08004576                HAL_TIM_IC_CaptureCallback
 .text.HAL_TIM_PWM_PulseFinishedCallback
                0x0800458a       0x14 ./Drivers/STM32F4xx_HAL_Driver/Src/stm32f4xx_hal_tim.o
                0x0800458a                HAL_TIM_PWM_PulseFinishedCallback
 .text.HAL_TIM_TriggerCallback
                0x0800459e       0x14 ./Drivers/STM32F4xx_HAL_Driver/Src/stm32f4xx_hal_tim.o
                0x0800459e                HAL_TIM_TriggerCallback
 *fill*         0x080045b2        0x2 
 .text.TIM_Base_SetConfig
                0x080045b4      0x140 ./Drivers/STM32F4xx_HAL_Driver/Src/stm32f4xx_hal_tim.o
                0x080045b4                TIM_Base_SetConfig
 .text.TIM_TI1_ConfigInputStage
                0x080046f4       0x5e ./Drivers/STM32F4xx_HAL_Driver/Src/stm32f4xx_hal_tim.o
 .text.TIM_TI2_ConfigInputStage
                0x08004752       0x60 ./Drivers/STM32F4xx_HAL_Driver/Src/stm32f4xx_hal_tim.o
 .text.TIM_ITRx_SetConfig
                0x080047b2       0x36 ./Drivers/STM32F4xx_HAL_Driver/Src/stm32f4xx_hal_tim.o
 .text.TIM_ETR_SetConfig
                0x080047e8       0x40 ./Drivers/STM32F4xx_HAL_Driver/Src/stm32f4xx_hal_tim.o
                0x080047e8                TIM_ETR_SetConfig
 .text.HAL_TIMEx_MasterConfigSynchronization
                0x08004828       0xf8 ./Drivers/STM32F4xx_HAL_Driver/Src/stm32f4xx_hal_tim_ex.o
                0x08004828                HAL_TIMEx_MasterConfigSynchronization
 .text.HAL_TIMEx_CommutCallback
                0x08004920       0x14 ./Drivers/STM32F4xx_HAL_Driver/Src/stm32f4xx_hal_tim_ex.o
                0x08004920                HAL_TIMEx_CommutCallback
 .text.HAL_TIMEx_BreakCallback
                0x08004934       0x14 ./Drivers/STM32F4xx_HAL_Driver/Src/stm32f4xx_hal_tim_ex.o
                0x08004934                HAL_TIMEx_BreakCallback
 .text.FSMC_NORSRAM_Init
                0x08004948       0xa4 ./Drivers/STM32F4xx_HAL_Driver/Src/stm32f4xx_ll_fsmc.o
                0x08004948                FSMC_NORSRAM_Init
 .text.FSMC_NORSRAM_Timing_Init
                0x080049ec       0x7a ./Drivers/STM32F4xx_HAL_Driver/Src/stm32f4xx_ll_fsmc.o
                0x080049ec                FSMC_NORSRAM_Timing_Init
 *fill*         0x08004a66        0x2 
 .text.FSMC_NORSRAM_Extended_Timing_Init
                0x08004a68       0x80 ./Drivers/STM32F4xx_HAL_Driver/Src/stm32f4xx_ll_fsmc.o
                0x08004a68                FSMC_NORSRAM_Extended_Timing_Init
 .text.memset   0x08004ae8       0x10 D:/STM32CUBEIDE/STM32CubeIDE_1.16.0/STM32CubeIDE/plugins/com.st.stm32cube.ide.mcu.externaltools.gnu-tools-for-stm32.12.3.rel1.win32_1.0.200.202406191623/tools/bin/../lib/gcc/arm-none-eabi/12.3.1/../../../../arm-none-eabi/lib/thumb/v7e-m+fp/hard\libc_nano.a(libc_a-memset.o)
                0x08004ae8                memset
 .text.__libc_init_array
                0x08004af8       0x48 D:/STM32CUBEIDE/STM32CubeIDE_1.16.0/STM32CubeIDE/plugins/com.st.stm32cube.ide.mcu.externaltools.gnu-tools-for-stm32.12.3.rel1.win32_1.0.200.202406191623/tools/bin/../lib/gcc/arm-none-eabi/12.3.1/../../../../arm-none-eabi/lib/thumb/v7e-m+fp/hard\libc_nano.a(libc_a-init.o)
                0x08004af8                __libc_init_array
 *(.glue_7)
 .glue_7        0x08004b40        0x0 linker stubs
 *(.glue_7t)
 .glue_7t       0x08004b40        0x0 linker stubs
 *(.eh_frame)
 .eh_frame      0x08004b40        0x0 D:/STM32CUBEIDE/STM32CubeIDE_1.16.0/STM32CubeIDE/plugins/com.st.stm32cube.ide.mcu.externaltools.gnu-tools-for-stm32.12.3.rel1.win32_1.0.200.202406191623/tools/bin/../lib/gcc/arm-none-eabi/12.3.1/thumb/v7e-m+fp/hard/crtbegin.o
 *(.init)
 .init          0x08004b40        0x4 D:/STM32CUBEIDE/STM32CubeIDE_1.16.0/STM32CubeIDE/plugins/com.st.stm32cube.ide.mcu.externaltools.gnu-tools-for-stm32.12.3.rel1.win32_1.0.200.202406191623/tools/bin/../lib/gcc/arm-none-eabi/12.3.1/thumb/v7e-m+fp/hard/crti.o
                0x08004b40                _init
 .init          0x08004b44        0x8 D:/STM32CUBEIDE/STM32CubeIDE_1.16.0/STM32CubeIDE/plugins/com.st.stm32cube.ide.mcu.externaltools.gnu-tools-for-stm32.12.3.rel1.win32_1.0.200.202406191623/tools/bin/../lib/gcc/arm-none-eabi/12.3.1/thumb/v7e-m+fp/hard/crtn.o
 *(.fini)
 .fini          0x08004b4c        0x4 D:/STM32CUBEIDE/STM32CubeIDE_1.16.0/STM32CubeIDE/plugins/com.st.stm32cube.ide.mcu.externaltools.gnu-tools-for-stm32.12.3.rel1.win32_1.0.200.202406191623/tools/bin/../lib/gcc/arm-none-eabi/12.3.1/thumb/v7e-m+fp/hard/crti.o
                0x08004b4c                _fini
 .fini          0x08004b50        0x8 D:/STM32CUBEIDE/STM32CubeIDE_1.16.0/STM32CubeIDE/plugins/com.st.stm32cube.ide.mcu.externaltools.gnu-tools-for-stm32.12.3.rel1.win32_1.0.200.202406191623/tools/bin/../lib/gcc/arm-none-eabi/12.3.1/thumb/v7e-m+fp/hard/crtn.o
                0x08004b58                        . = ALIGN (0x4)
                0x08004b58                        _etext = .

.vfp11_veneer   0x08004b58        0x0
 .vfp11_veneer  0x08004b58        0x0 linker stubs

.v4_bx          0x08004b58        0x0
 .v4_bx         0x08004b58        0x0 linker stubs

.iplt           0x08004b58        0x0
 .iplt          0x08004b58        0x0 D:/STM32CUBEIDE/STM32CubeIDE_1.16.0/STM32CubeIDE/plugins/com.st.stm32cube.ide.mcu.externaltools.gnu-tools-for-stm32.12.3.rel1.win32_1.0.200.202406191623/tools/bin/../lib/gcc/arm-none-eabi/12.3.1/thumb/v7e-m+fp/hard/crtbegin.o

.rodata         0x08004b58     0x6f64
                0x08004b58                        . = ALIGN (0x4)
 *(.rodata)
 .rodata        0x08004b58       0x1e ./Core/Src/main.o
 *fill*         0x08004b76        0x2 
 .rodata        0x08004b78       0x6a ./Core/Src/traffic_light.o
 *(.rodata*)
 *fill*         0x08004be2        0x2 
 .rodata.ascii_1608
                0x08004be4      0x5f0 ./Core/Src/lcd.o
                0x08004be4                ascii_1608
 .rodata.ascii_2412
                0x080051d4     0x11d0 ./Core/Src/lcd.o
                0x080051d4                ascii_2412
 .rodata.ascii_3216
                0x080063a4     0x17c0 ./Core/Src/lcd.o
                0x080063a4                ascii_3216
 .rodata.gImage_logo
                0x08007b64     0x3f48 ./Core/Src/picture.o
                0x08007b64                gImage_logo
 .rodata.AHBPrescTable
                0x0800baac       0x10 ./Core/Src/system_stm32f4xx.o
                0x0800baac                AHBPrescTable
                0x0800babc                        . = ALIGN (0x4)

.ARM.extab      0x0800babc        0x0
                0x0800babc                        . = ALIGN (0x4)
 *(.ARM.extab* .gnu.linkonce.armextab.*)
                0x0800babc                        . = ALIGN (0x4)

.ARM            0x0800babc        0x8
                0x0800babc                        . = ALIGN (0x4)
                0x0800babc                        __exidx_start = .
 *(.ARM.exidx*)
 .ARM.exidx     0x0800babc        0x8 D:/STM32CUBEIDE/STM32CubeIDE_1.16.0/STM32CubeIDE/plugins/com.st.stm32cube.ide.mcu.externaltools.gnu-tools-for-stm32.12.3.rel1.win32_1.0.200.202406191623/tools/bin/../lib/gcc/arm-none-eabi/12.3.1/../../../../arm-none-eabi/lib/thumb/v7e-m+fp/hard\libc_nano.a(libc_a-strlen.o)
 .ARM.exidx     0x0800bac4        0x0 D:/STM32CUBEIDE/STM32CubeIDE_1.16.0/STM32CubeIDE/plugins/com.st.stm32cube.ide.mcu.externaltools.gnu-tools-for-stm32.12.3.rel1.win32_1.0.200.202406191623/tools/bin/../lib/gcc/arm-none-eabi/12.3.1/thumb/v7e-m+fp/hard\libgcc.a(_udivmoddi4.o)
                                  0x8 (size before relaxing)
                0x0800bac4                        __exidx_end = .
                0x0800bac4                        . = ALIGN (0x4)

.rel.dyn        0x0800bac4        0x0
 .rel.iplt      0x0800bac4        0x0 D:/STM32CUBEIDE/STM32CubeIDE_1.16.0/STM32CubeIDE/plugins/com.st.stm32cube.ide.mcu.externaltools.gnu-tools-for-stm32.12.3.rel1.win32_1.0.200.202406191623/tools/bin/../lib/gcc/arm-none-eabi/12.3.1/thumb/v7e-m+fp/hard/crtbegin.o

.preinit_array  0x0800bac4        0x0
                0x0800bac4                        . = ALIGN (0x4)
                0x0800bac4                        PROVIDE (__preinit_array_start = .)
 *(.preinit_array*)
                0x0800bac4                        PROVIDE (__preinit_array_end = .)
                0x0800bac4                        . = ALIGN (0x4)

.init_array     0x0800bac4        0x4
                0x0800bac4                        . = ALIGN (0x4)
                0x0800bac4                        PROVIDE (__init_array_start = .)
 *(SORT_BY_NAME(.init_array.*))
 *(.init_array*)
 .init_array    0x0800bac4        0x4 D:/STM32CUBEIDE/STM32CubeIDE_1.16.0/STM32CubeIDE/plugins/com.st.stm32cube.ide.mcu.externaltools.gnu-tools-for-stm32.12.3.rel1.win32_1.0.200.202406191623/tools/bin/../lib/gcc/arm-none-eabi/12.3.1/thumb/v7e-m+fp/hard/crtbegin.o
                0x0800bac8                        PROVIDE (__init_array_end = .)
                0x0800bac8                        . = ALIGN (0x4)

.fini_array     0x0800bac8        0x4
                0x0800bac8                        . = ALIGN (0x4)
                [!provide]                        PROVIDE (__fini_array_start = .)
 *(SORT_BY_NAME(.fini_array.*))
 *(.fini_array*)
 .fini_array    0x0800bac8        0x4 D:/STM32CUBEIDE/STM32CubeIDE_1.16.0/STM32CubeIDE/plugins/com.st.stm32cube.ide.mcu.externaltools.gnu-tools-for-stm32.12.3.rel1.win32_1.0.200.202406191623/tools/bin/../lib/gcc/arm-none-eabi/12.3.1/thumb/v7e-m+fp/hard/crtbegin.o
                [!provide]                        PROVIDE (__fini_array_end = .)
                0x0800bacc                        . = ALIGN (0x4)
                0x0800bacc                        _sidata = LOADADDR (.data)

.data           0x20000000       0x48 load address 0x0800bacc
                0x20000000                        . = ALIGN (0x4)
                0x20000000                        _sdata = .
 *(.data)
 *(.data*)
 .data.button_count
                0x20000000       0x20 ./Core/Src/button.o
                0x20000000                button_count
 .data.led7seg  0x20000020        0x4 ./Core/Src/led_7seg.o
                0x20000020                led7seg
 .data.spi_buffer
                0x20000024        0x2 ./Core/Src/led_7seg.o
                0x20000024                spi_buffer
 *fill*         0x20000026        0x2 
 .data.SystemCoreClock
                0x20000028        0x4 ./Core/Src/system_stm32f4xx.o
                0x20000028                SystemCoreClock
 .data.GREEN_DURATION
                0x2000002c        0x4 ./Core/Src/traffic_light.o
                0x2000002c                GREEN_DURATION
 .data.YELLOW_DURATION
                0x20000030        0x4 ./Core/Src/traffic_light.o
                0x20000030                YELLOW_DURATION
 .data.RED_DURATION
                0x20000034        0x4 ./Core/Src/traffic_light.o
                0x20000034                RED_DURATION
 .data.stateCounter
                0x20000038        0x1 ./Core/Src/traffic_light.o
                0x20000038                stateCounter
 .data.GREEN_COUNTER
                0x20000039        0x1 ./Core/Src/traffic_light.o
                0x20000039                GREEN_COUNTER
 .data.YELLOW_COUNTER
                0x2000003a        0x1 ./Core/Src/traffic_light.o
                0x2000003a                YELLOW_COUNTER
 .data.RED_COUNTER
                0x2000003b        0x1 ./Core/Src/traffic_light.o
                0x2000003b                RED_COUNTER
 .data.isLightOn.0
                0x2000003c        0x1 ./Core/Src/traffic_light.o
 *fill*         0x2000003d        0x3 
 .data.uwTickPrio
                0x20000040        0x4 ./Drivers/STM32F4xx_HAL_Driver/Src/stm32f4xx_hal.o
                0x20000040                uwTickPrio
 .data.uwTickFreq
                0x20000044        0x1 ./Drivers/STM32F4xx_HAL_Driver/Src/stm32f4xx_hal.o
                0x20000044                uwTickFreq
 *(.RamFunc)
 *(.RamFunc*)
                0x20000048                        . = ALIGN (0x4)
 *fill*         0x20000045        0x3 
                0x20000048                        _edata = .
                0x0800bb14                        _siccmram = LOADADDR (.ccmram)

.igot.plt       0x20000048        0x0 load address 0x0800bb14
 .igot.plt      0x20000048        0x0 D:/STM32CUBEIDE/STM32CubeIDE_1.16.0/STM32CubeIDE/plugins/com.st.stm32cube.ide.mcu.externaltools.gnu-tools-for-stm32.12.3.rel1.win32_1.0.200.202406191623/tools/bin/../lib/gcc/arm-none-eabi/12.3.1/thumb/v7e-m+fp/hard/crtbegin.o

.ccmram         0x10000000        0x0 load address 0x0800bb14
                0x10000000                        . = ALIGN (0x4)
                0x10000000                        _sccmram = .
 *(.ccmram)
 *(.ccmram*)
                0x10000000                        . = ALIGN (0x4)
                0x10000000                        _eccmram = .
                0x10000000                        . = ALIGN (0x4)

.bss            0x20000048      0x12c
                0x20000048                        _sbss = .
                0x20000048                        __bss_start__ = _sbss
 *(.bss)
 .bss           0x20000048       0x1c D:/STM32CUBEIDE/STM32CubeIDE_1.16.0/STM32CubeIDE/plugins/com.st.stm32cube.ide.mcu.externaltools.gnu-tools-for-stm32.12.3.rel1.win32_1.0.200.202406191623/tools/bin/../lib/gcc/arm-none-eabi/12.3.1/thumb/v7e-m+fp/hard/crtbegin.o
 *(.bss*)
 .bss.spi_button
                0x20000064        0x2 ./Core/Src/button.o
                0x20000064                spi_button
 *fill*         0x20000066        0x2 
 .bss.hsram1    0x20000068       0x50 ./Core/Src/fsmc.o
                0x20000068                hsram1
 .bss.FSMC_Initialized
                0x200000b8        0x4 ./Core/Src/fsmc.o
 .bss.lcddev    0x200000bc        0x6 ./Core/Src/lcd.o
                0x200000bc                lcddev
 .bss.led7_index
                0x200000c2        0x2 ./Core/Src/led_7seg.o
                0x200000c2                led7_index
 .bss.systemState
                0x200000c4        0x1 ./Core/Src/main.o
                0x200000c4                systemState
 .bss.count_led_debug
                0x200000c5        0x1 ./Core/Src/main.o
                0x200000c5                count_led_debug
 .bss.flag_timer2
                0x200000c6        0x2 ./Core/Src/software_timer.o
                0x200000c6                flag_timer2
 .bss.timer2_counter
                0x200000c8        0x2 ./Core/Src/software_timer.o
                0x200000c8                timer2_counter
 .bss.timer2_MUL
                0x200000ca        0x2 ./Core/Src/software_timer.o
                0x200000ca                timer2_MUL
 .bss.hspi1     0x200000cc       0x58 ./Core/Src/spi.o
                0x200000cc                hspi1
 .bss.htim2     0x20000124       0x48 ./Core/Src/tim.o
                0x20000124                htim2
 .bss.currentState
                0x2000016c        0x1 ./Core/Src/traffic_light.o
                0x2000016c                currentState
 .bss.counter   0x2000016d        0x1 ./Core/Src/traffic_light.o
                0x2000016d                counter
 .bss.counter_blink
                0x2000016e        0x1 ./Core/Src/traffic_light.o
                0x2000016e                counter_blink
 *fill*         0x2000016f        0x1 
 .bss.uwTick    0x20000170        0x4 ./Drivers/STM32F4xx_HAL_Driver/Src/stm32f4xx_hal.o
                0x20000170                uwTick
 *(COMMON)
                0x20000174                        . = ALIGN (0x4)
                0x20000174                        _ebss = .
                0x20000174                        __bss_end__ = _ebss

._user_heap_stack
                0x20000174      0x604
                0x20000178                        . = ALIGN (0x8)
 *fill*         0x20000174        0x4 
                [!provide]                        PROVIDE (end = .)
                0x20000178                        PROVIDE (_end = .)
                0x20000378                        . = (. + _Min_Heap_Size)
 *fill*         0x20000178      0x200 
                0x20000778                        . = (. + _Min_Stack_Size)
 *fill*         0x20000378      0x400 
                0x20000778                        . = ALIGN (0x8)

/DISCARD/
 libc.a(*)
 libm.a(*)
 libgcc.a(*)

.ARM.attributes
                0x00000000       0x30
 *(.ARM.attributes)
 .ARM.attributes
                0x00000000       0x22 D:/STM32CUBEIDE/STM32CubeIDE_1.16.0/STM32CubeIDE/plugins/com.st.stm32cube.ide.mcu.externaltools.gnu-tools-for-stm32.12.3.rel1.win32_1.0.200.202406191623/tools/bin/../lib/gcc/arm-none-eabi/12.3.1/thumb/v7e-m+fp/hard/crti.o
 .ARM.attributes
                0x00000022       0x34 D:/STM32CUBEIDE/STM32CubeIDE_1.16.0/STM32CubeIDE/plugins/com.st.stm32cube.ide.mcu.externaltools.gnu-tools-for-stm32.12.3.rel1.win32_1.0.200.202406191623/tools/bin/../lib/gcc/arm-none-eabi/12.3.1/thumb/v7e-m+fp/hard/crtbegin.o
 .ARM.attributes
                0x00000056       0x34 ./Core/Src/button.o
 .ARM.attributes
                0x0000008a       0x34 ./Core/Src/fsmc.o
 .ARM.attributes
                0x000000be       0x34 ./Core/Src/gpio.o
 .ARM.attributes
                0x000000f2       0x34 ./Core/Src/lcd.o
 .ARM.attributes
                0x00000126       0x34 ./Core/Src/led_7seg.o
 .ARM.attributes
                0x0000015a       0x34 ./Core/Src/main.o
 .ARM.attributes
                0x0000018e       0x34 ./Core/Src/picture.o
 .ARM.attributes
                0x000001c2       0x34 ./Core/Src/software_timer.o
 .ARM.attributes
                0x000001f6       0x34 ./Core/Src/spi.o
 .ARM.attributes
                0x0000022a       0x34 ./Core/Src/stm32f4xx_hal_msp.o
 .ARM.attributes
                0x0000025e       0x34 ./Core/Src/stm32f4xx_it.o
 .ARM.attributes
                0x00000292       0x34 ./Core/Src/system_stm32f4xx.o
 .ARM.attributes
                0x000002c6       0x34 ./Core/Src/tim.o
 .ARM.attributes
                0x000002fa       0x34 ./Core/Src/traffic_light.o
 .ARM.attributes
                0x0000032e       0x21 ./Core/Startup/startup_stm32f407zetx.o
 .ARM.attributes
                0x0000034f       0x34 ./Drivers/STM32F4xx_HAL_Driver/Src/stm32f4xx_hal.o
 .ARM.attributes
                0x00000383       0x34 ./Drivers/STM32F4xx_HAL_Driver/Src/stm32f4xx_hal_cortex.o
 .ARM.attributes
                0x000003b7       0x34 ./Drivers/STM32F4xx_HAL_Driver/Src/stm32f4xx_hal_gpio.o
 .ARM.attributes
                0x000003eb       0x34 ./Drivers/STM32F4xx_HAL_Driver/Src/stm32f4xx_hal_rcc.o
 .ARM.attributes
                0x0000041f       0x34 ./Drivers/STM32F4xx_HAL_Driver/Src/stm32f4xx_hal_spi.o
 .ARM.attributes
                0x00000453       0x34 ./Drivers/STM32F4xx_HAL_Driver/Src/stm32f4xx_hal_sram.o
 .ARM.attributes
                0x00000487       0x34 ./Drivers/STM32F4xx_HAL_Driver/Src/stm32f4xx_hal_tim.o
 .ARM.attributes
                0x000004bb       0x34 ./Drivers/STM32F4xx_HAL_Driver/Src/stm32f4xx_hal_tim_ex.o
 .ARM.attributes
                0x000004ef       0x34 ./Drivers/STM32F4xx_HAL_Driver/Src/stm32f4xx_ll_fsmc.o
 .ARM.attributes
                0x00000523       0x34 D:/STM32CUBEIDE/STM32CubeIDE_1.16.0/STM32CubeIDE/plugins/com.st.stm32cube.ide.mcu.externaltools.gnu-tools-for-stm32.12.3.rel1.win32_1.0.200.202406191623/tools/bin/../lib/gcc/arm-none-eabi/12.3.1/../../../../arm-none-eabi/lib/thumb/v7e-m+fp/hard\libc_nano.a(libc_a-memset.o)
 .ARM.attributes
                0x00000557       0x34 D:/STM32CUBEIDE/STM32CubeIDE_1.16.0/STM32CubeIDE/plugins/com.st.stm32cube.ide.mcu.externaltools.gnu-tools-for-stm32.12.3.rel1.win32_1.0.200.202406191623/tools/bin/../lib/gcc/arm-none-eabi/12.3.1/../../../../arm-none-eabi/lib/thumb/v7e-m+fp/hard\libc_nano.a(libc_a-init.o)
 .ARM.attributes
                0x0000058b       0x17 D:/STM32CUBEIDE/STM32CubeIDE_1.16.0/STM32CubeIDE/plugins/com.st.stm32cube.ide.mcu.externaltools.gnu-tools-for-stm32.12.3.rel1.win32_1.0.200.202406191623/tools/bin/../lib/gcc/arm-none-eabi/12.3.1/../../../../arm-none-eabi/lib/thumb/v7e-m+fp/hard\libc_nano.a(libc_a-strlen.o)
 .ARM.attributes
                0x000005a2       0x22 D:/STM32CUBEIDE/STM32CubeIDE_1.16.0/STM32CubeIDE/plugins/com.st.stm32cube.ide.mcu.externaltools.gnu-tools-for-stm32.12.3.rel1.win32_1.0.200.202406191623/tools/bin/../lib/gcc/arm-none-eabi/12.3.1/thumb/v7e-m+fp/hard\libgcc.a(_aeabi_uldivmod.o)
 .ARM.attributes
                0x000005c4       0x34 D:/STM32CUBEIDE/STM32CubeIDE_1.16.0/STM32CubeIDE/plugins/com.st.stm32cube.ide.mcu.externaltools.gnu-tools-for-stm32.12.3.rel1.win32_1.0.200.202406191623/tools/bin/../lib/gcc/arm-none-eabi/12.3.1/thumb/v7e-m+fp/hard\libgcc.a(_udivmoddi4.o)
 .ARM.attributes
                0x000005f8       0x22 D:/STM32CUBEIDE/STM32CubeIDE_1.16.0/STM32CubeIDE/plugins/com.st.stm32cube.ide.mcu.externaltools.gnu-tools-for-stm32.12.3.rel1.win32_1.0.200.202406191623/tools/bin/../lib/gcc/arm-none-eabi/12.3.1/thumb/v7e-m+fp/hard\libgcc.a(_dvmd_tls.o)
 .ARM.attributes
                0x0000061a       0x22 D:/STM32CUBEIDE/STM32CubeIDE_1.16.0/STM32CubeIDE/plugins/com.st.stm32cube.ide.mcu.externaltools.gnu-tools-for-stm32.12.3.rel1.win32_1.0.200.202406191623/tools/bin/../lib/gcc/arm-none-eabi/12.3.1/thumb/v7e-m+fp/hard/crtn.o
OUTPUT(Bai3_Lcd_button.elf elf32-littlearm)
LOAD linker stubs
LOAD D:/STM32CUBEIDE/STM32CubeIDE_1.16.0/STM32CubeIDE/plugins/com.st.stm32cube.ide.mcu.externaltools.gnu-tools-for-stm32.12.3.rel1.win32_1.0.200.202406191623/tools/bin/../lib/gcc/arm-none-eabi/12.3.1/../../../../arm-none-eabi/lib/thumb/v7e-m+fp/hard\libc.a
LOAD D:/STM32CUBEIDE/STM32CubeIDE_1.16.0/STM32CubeIDE/plugins/com.st.stm32cube.ide.mcu.externaltools.gnu-tools-for-stm32.12.3.rel1.win32_1.0.200.202406191623/tools/bin/../lib/gcc/arm-none-eabi/12.3.1/../../../../arm-none-eabi/lib/thumb/v7e-m+fp/hard\libm.a
LOAD D:/STM32CUBEIDE/STM32CubeIDE_1.16.0/STM32CubeIDE/plugins/com.st.stm32cube.ide.mcu.externaltools.gnu-tools-for-stm32.12.3.rel1.win32_1.0.200.202406191623/tools/bin/../lib/gcc/arm-none-eabi/12.3.1/thumb/v7e-m+fp/hard\libgcc.a

.debug_info     0x00000000     0xf0cb
 .debug_info    0x00000000      0x76e ./Core/Src/button.o
 .debug_info    0x0000076e      0x99a ./Core/Src/fsmc.o
 .debug_info    0x00001108      0x45d ./Core/Src/gpio.o
 .debug_info    0x00001565      0xd9a ./Core/Src/lcd.o
 .debug_info    0x000022ff      0x803 ./Core/Src/led_7seg.o
 .debug_info    0x00002b02      0x89d ./Core/Src/main.o
 .debug_info    0x0000339f       0x95 ./Core/Src/picture.o
 .debug_info    0x00003434      0x729 ./Core/Src/software_timer.o
 .debug_info    0x00003b5d      0x943 ./Core/Src/spi.o
 .debug_info    0x000044a0      0x269 ./Core/Src/stm32f4xx_hal_msp.o
 .debug_info    0x00004709      0x6e1 ./Core/Src/stm32f4xx_it.o
 .debug_info    0x00004dea      0x512 ./Core/Src/system_stm32f4xx.o
 .debug_info    0x000052fc      0xbf9 ./Core/Src/tim.o
 .debug_info    0x00005ef5      0x2e8 ./Core/Src/traffic_light.o
 .debug_info    0x000061dd       0x30 ./Core/Startup/startup_stm32f407zetx.o
 .debug_info    0x0000620d      0x948 ./Drivers/STM32F4xx_HAL_Driver/Src/stm32f4xx_hal.o
 .debug_info    0x00006b55      0xd46 ./Drivers/STM32F4xx_HAL_Driver/Src/stm32f4xx_hal_cortex.o
 .debug_info    0x0000789b      0x6c3 ./Drivers/STM32F4xx_HAL_Driver/Src/stm32f4xx_hal_gpio.o
 .debug_info    0x00007f5e      0x8b1 ./Drivers/STM32F4xx_HAL_Driver/Src/stm32f4xx_hal_rcc.o
 .debug_info    0x0000880f     0x15fb ./Drivers/STM32F4xx_HAL_Driver/Src/stm32f4xx_hal_spi.o
 .debug_info    0x00009e0a      0xb3e ./Drivers/STM32F4xx_HAL_Driver/Src/stm32f4xx_hal_sram.o
 .debug_info    0x0000a948     0x2949 ./Drivers/STM32F4xx_HAL_Driver/Src/stm32f4xx_hal_tim.o
 .debug_info    0x0000d291     0x14ae ./Drivers/STM32F4xx_HAL_Driver/Src/stm32f4xx_hal_tim_ex.o
 .debug_info    0x0000e73f      0x98c ./Drivers/STM32F4xx_HAL_Driver/Src/stm32f4xx_ll_fsmc.o

.debug_abbrev   0x00000000     0x2cbb
 .debug_abbrev  0x00000000      0x1dd ./Core/Src/button.o
 .debug_abbrev  0x000001dd      0x215 ./Core/Src/fsmc.o
 .debug_abbrev  0x000003f2      0x152 ./Core/Src/gpio.o
 .debug_abbrev  0x00000544      0x341 ./Core/Src/lcd.o
 .debug_abbrev  0x00000885      0x1cc ./Core/Src/led_7seg.o
 .debug_abbrev  0x00000a51      0x292 ./Core/Src/main.o
 .debug_abbrev  0x00000ce3       0x72 ./Core/Src/picture.o
 .debug_abbrev  0x00000d55      0x1e6 ./Core/Src/software_timer.o
 .debug_abbrev  0x00000f3b      0x1f3 ./Core/Src/spi.o
 .debug_abbrev  0x0000112e       0xd8 ./Core/Src/stm32f4xx_hal_msp.o
 .debug_abbrev  0x00001206      0x192 ./Core/Src/stm32f4xx_it.o
 .debug_abbrev  0x00001398      0x11a ./Core/Src/system_stm32f4xx.o
 .debug_abbrev  0x000014b2      0x1f0 ./Core/Src/tim.o
 .debug_abbrev  0x000016a2      0x110 ./Core/Src/traffic_light.o
 .debug_abbrev  0x000017b2       0x24 ./Core/Startup/startup_stm32f407zetx.o
 .debug_abbrev  0x000017d6      0x213 ./Drivers/STM32F4xx_HAL_Driver/Src/stm32f4xx_hal.o
 .debug_abbrev  0x000019e9      0x327 ./Drivers/STM32F4xx_HAL_Driver/Src/stm32f4xx_hal_cortex.o
 .debug_abbrev  0x00001d10      0x1d4 ./Drivers/STM32F4xx_HAL_Driver/Src/stm32f4xx_hal_gpio.o
 .debug_abbrev  0x00001ee4      0x2b6 ./Drivers/STM32F4xx_HAL_Driver/Src/stm32f4xx_hal_rcc.o
 .debug_abbrev  0x0000219a      0x284 ./Drivers/STM32F4xx_HAL_Driver/Src/stm32f4xx_hal_spi.o
 .debug_abbrev  0x0000241e      0x208 ./Drivers/STM32F4xx_HAL_Driver/Src/stm32f4xx_hal_sram.o
 .debug_abbrev  0x00002626      0x271 ./Drivers/STM32F4xx_HAL_Driver/Src/stm32f4xx_hal_tim.o
 .debug_abbrev  0x00002897      0x27c ./Drivers/STM32F4xx_HAL_Driver/Src/stm32f4xx_hal_tim_ex.o
 .debug_abbrev  0x00002b13      0x1a8 ./Drivers/STM32F4xx_HAL_Driver/Src/stm32f4xx_ll_fsmc.o

.debug_aranges  0x00000000      0xf08
 .debug_aranges
                0x00000000       0x28 ./Core/Src/button.o
 .debug_aranges
                0x00000028       0x40 ./Core/Src/fsmc.o
 .debug_aranges
                0x00000068       0x20 ./Core/Src/gpio.o
 .debug_aranges
                0x00000088       0xd8 ./Core/Src/lcd.o
 .debug_aranges
                0x00000160       0x48 ./Core/Src/led_7seg.o
 .debug_aranges
                0x000001a8       0x68 ./Core/Src/main.o
 .debug_aranges
                0x00000210       0x18 ./Core/Src/picture.o
 .debug_aranges
                0x00000228       0x30 ./Core/Src/software_timer.o
 .debug_aranges
                0x00000258       0x30 ./Core/Src/spi.o
 .debug_aranges
                0x00000288       0x20 ./Core/Src/stm32f4xx_hal_msp.o
 .debug_aranges
                0x000002a8       0x68 ./Core/Src/stm32f4xx_it.o
 .debug_aranges
                0x00000310       0x28 ./Core/Src/system_stm32f4xx.o
 .debug_aranges
                0x00000338       0x30 ./Core/Src/tim.o
 .debug_aranges
                0x00000368       0x40 ./Core/Src/traffic_light.o
 .debug_aranges
                0x000003a8       0x28 ./Core/Startup/startup_stm32f407zetx.o
 .debug_aranges
                0x000003d0       0xf0 ./Drivers/STM32F4xx_HAL_Driver/Src/stm32f4xx_hal.o
 .debug_aranges
                0x000004c0      0x118 ./Drivers/STM32F4xx_HAL_Driver/Src/stm32f4xx_hal_cortex.o
 .debug_aranges
                0x000005d8       0x58 ./Drivers/STM32F4xx_HAL_Driver/Src/stm32f4xx_hal_gpio.o
 .debug_aranges
                0x00000630       0x88 ./Drivers/STM32F4xx_HAL_Driver/Src/stm32f4xx_hal_rcc.o
 .debug_aranges
                0x000006b8      0x1d0 ./Drivers/STM32F4xx_HAL_Driver/Src/stm32f4xx_hal_spi.o
 .debug_aranges
                0x00000888       0xa0 ./Drivers/STM32F4xx_HAL_Driver/Src/stm32f4xx_hal_sram.o
 .debug_aranges
                0x00000928      0x3d0 ./Drivers/STM32F4xx_HAL_Driver/Src/stm32f4xx_hal_tim.o
 .debug_aranges
                0x00000cf8      0x168 ./Drivers/STM32F4xx_HAL_Driver/Src/stm32f4xx_hal_tim_ex.o
 .debug_aranges
                0x00000e60       0xa8 ./Drivers/STM32F4xx_HAL_Driver/Src/stm32f4xx_ll_fsmc.o

.debug_rnglists
                0x00000000      0xb5f
 .debug_rnglists
                0x00000000       0x1a ./Core/Src/button.o
 .debug_rnglists
                0x0000001a       0x2d ./Core/Src/fsmc.o
 .debug_rnglists
                0x00000047       0x14 ./Core/Src/gpio.o
 .debug_rnglists
                0x0000005b       0xa8 ./Core/Src/lcd.o
 .debug_rnglists
                0x00000103       0x32 ./Core/Src/led_7seg.o
 .debug_rnglists
                0x00000135       0x4b ./Core/Src/main.o
 .debug_rnglists
                0x00000180       0x1f ./Core/Src/software_timer.o
 .debug_rnglists
                0x0000019f       0x20 ./Core/Src/spi.o
 .debug_rnglists
                0x000001bf       0x13 ./Core/Src/stm32f4xx_hal_msp.o
 .debug_rnglists
                0x000001d2       0x49 ./Core/Src/stm32f4xx_it.o
 .debug_rnglists
                0x0000021b       0x1a ./Core/Src/system_stm32f4xx.o
 .debug_rnglists
                0x00000235       0x20 ./Core/Src/tim.o
 .debug_rnglists
                0x00000255       0x2e ./Core/Src/traffic_light.o
 .debug_rnglists
                0x00000283       0x19 ./Core/Startup/startup_stm32f407zetx.o
 .debug_rnglists
                0x0000029c       0xaf ./Drivers/STM32F4xx_HAL_Driver/Src/stm32f4xx_hal.o
 .debug_rnglists
                0x0000034b       0xce ./Drivers/STM32F4xx_HAL_Driver/Src/stm32f4xx_hal_cortex.o
 .debug_rnglists
                0x00000419       0x3f ./Drivers/STM32F4xx_HAL_Driver/Src/stm32f4xx_hal_gpio.o
 .debug_rnglists
                0x00000458       0x66 ./Drivers/STM32F4xx_HAL_Driver/Src/stm32f4xx_hal_rcc.o
 .debug_rnglists
                0x000004be      0x16f ./Drivers/STM32F4xx_HAL_Driver/Src/stm32f4xx_hal_spi.o
 .debug_rnglists
                0x0000062d       0x76 ./Drivers/STM32F4xx_HAL_Driver/Src/stm32f4xx_hal_sram.o
 .debug_rnglists
                0x000006a3      0x31a ./Drivers/STM32F4xx_HAL_Driver/Src/stm32f4xx_hal_tim.o
 .debug_rnglists
                0x000009bd      0x125 ./Drivers/STM32F4xx_HAL_Driver/Src/stm32f4xx_hal_tim_ex.o
 .debug_rnglists
                0x00000ae2       0x7d ./Drivers/STM32F4xx_HAL_Driver/Src/stm32f4xx_ll_fsmc.o

.debug_macro    0x00000000    0x22901
 .debug_macro   0x00000000      0x216 ./Core/Src/button.o
 .debug_macro   0x00000216      0xab4 ./Core/Src/button.o
 .debug_macro   0x00000cca      0x2a1 ./Core/Src/button.o
 .debug_macro   0x00000f6b       0x2e ./Core/Src/button.o
 .debug_macro   0x00000f99       0x2f ./Core/Src/button.o
 .debug_macro   0x00000fc8       0x22 ./Core/Src/button.o
 .debug_macro   0x00000fea       0x8e ./Core/Src/button.o
 .debug_macro   0x00001078       0x51 ./Core/Src/button.o
 .debug_macro   0x000010c9      0x103 ./Core/Src/button.o
 .debug_macro   0x000011cc       0x6a ./Core/Src/button.o
 .debug_macro   0x00001236      0x1df ./Core/Src/button.o
 .debug_macro   0x00001415       0x1c ./Core/Src/button.o
 .debug_macro   0x00001431       0x22 ./Core/Src/button.o
 .debug_macro   0x00001453       0xd9 ./Core/Src/button.o
 .debug_macro   0x0000152c     0x102d ./Core/Src/button.o
 .debug_macro   0x00002559      0x11f ./Core/Src/button.o
 .debug_macro   0x00002678    0x15e58 ./Core/Src/button.o
 .debug_macro   0x000184d0       0x6d ./Core/Src/button.o
 .debug_macro   0x0001853d     0x3666 ./Core/Src/button.o
 .debug_macro   0x0001bba3      0x189 ./Core/Src/button.o
 .debug_macro   0x0001bd2c       0x5c ./Core/Src/button.o
 .debug_macro   0x0001bd88      0x96b ./Core/Src/button.o
 .debug_macro   0x0001c6f3      0x9fe ./Core/Src/button.o
 .debug_macro   0x0001d0f1      0x116 ./Core/Src/button.o
 .debug_macro   0x0001d207      0x13e ./Core/Src/button.o
 .debug_macro   0x0001d345       0xa5 ./Core/Src/button.o
 .debug_macro   0x0001d3ea      0x174 ./Core/Src/button.o
 .debug_macro   0x0001d55e      0x287 ./Core/Src/button.o
 .debug_macro   0x0001d7e5       0x5f ./Core/Src/button.o
 .debug_macro   0x0001d844      0x236 ./Core/Src/button.o
 .debug_macro   0x0001da7a      0x12c ./Core/Src/button.o
 .debug_macro   0x0001dba6      0x21e ./Core/Src/button.o
 .debug_macro   0x0001ddc4       0x2e ./Core/Src/button.o
 .debug_macro   0x0001ddf2      0x543 ./Core/Src/button.o
 .debug_macro   0x0001e335      0x11a ./Core/Src/button.o
 .debug_macro   0x0001e44f       0x7e ./Core/Src/button.o
 .debug_macro   0x0001e4cd       0x89 ./Core/Src/button.o
 .debug_macro   0x0001e556      0x225 ./Core/Src/button.o
 .debug_macro   0x0001e77b      0x8d1 ./Core/Src/button.o
 .debug_macro   0x0001f04c       0x47 ./Core/Src/button.o
 .debug_macro   0x0001f093      0x12d ./Core/Src/button.o
 .debug_macro   0x0001f1c0       0x88 ./Core/Src/button.o
 .debug_macro   0x0001f248      0x202 ./Core/Src/fsmc.o
 .debug_macro   0x0001f44a      0x202 ./Core/Src/gpio.o
 .debug_macro   0x0001f64c      0x317 ./Core/Src/lcd.o
 .debug_macro   0x0001f963       0x2a ./Core/Src/lcd.o
 .debug_macro   0x0001f98d       0x61 ./Core/Src/lcd.o
 .debug_macro   0x0001f9ee       0x43 ./Core/Src/lcd.o
 .debug_macro   0x0001fa31       0x34 ./Core/Src/lcd.o
 .debug_macro   0x0001fa65       0x16 ./Core/Src/lcd.o
 .debug_macro   0x0001fa7b       0x35 ./Core/Src/lcd.o
 .debug_macro   0x0001fab0       0x16 ./Core/Src/lcd.o
 .debug_macro   0x0001fac6       0x43 ./Core/Src/lcd.o
 .debug_macro   0x0001fb09       0x34 ./Core/Src/lcd.o
 .debug_macro   0x0001fb3d       0x10 ./Core/Src/lcd.o
 .debug_macro   0x0001fb4d       0x58 ./Core/Src/lcd.o
 .debug_macro   0x0001fba5       0x8e ./Core/Src/lcd.o
 .debug_macro   0x0001fc33       0x1c ./Core/Src/lcd.o
 .debug_macro   0x0001fc4f      0x177 ./Core/Src/lcd.o
 .debug_macro   0x0001fdc6      0x369 ./Core/Src/lcd.o
 .debug_macro   0x0002012f       0x16 ./Core/Src/lcd.o
 .debug_macro   0x00020145       0x29 ./Core/Src/lcd.o
 .debug_macro   0x0002016e       0x16 ./Core/Src/lcd.o
 .debug_macro   0x00020184       0x20 ./Core/Src/lcd.o
 .debug_macro   0x000201a4       0xca ./Core/Src/lcd.o
 .debug_macro   0x0002026e      0x20c ./Core/Src/led_7seg.o
 .debug_macro   0x0002047a      0x375 ./Core/Src/main.o
 .debug_macro   0x000207ef       0x1b ./Core/Src/picture.o
 .debug_macro   0x0002080a      0x22a ./Core/Src/software_timer.o
 .debug_macro   0x00020a34      0x202 ./Core/Src/spi.o
 .debug_macro   0x00020c36      0x1f8 ./Core/Src/stm32f4xx_hal_msp.o
 .debug_macro   0x00020e2e      0x202 ./Core/Src/stm32f4xx_it.o
 .debug_macro   0x00021030      0x1e9 ./Core/Src/system_stm32f4xx.o
 .debug_macro   0x00021219      0x202 ./Core/Src/tim.o
 .debug_macro   0x0002141b      0x31b ./Core/Src/traffic_light.o
 .debug_macro   0x00021736      0x249 ./Drivers/STM32F4xx_HAL_Driver/Src/stm32f4xx_hal.o
 .debug_macro   0x0002197f      0x1e9 ./Drivers/STM32F4xx_HAL_Driver/Src/stm32f4xx_hal_cortex.o
 .debug_macro   0x00021b68      0x1ef ./Drivers/STM32F4xx_HAL_Driver/Src/stm32f4xx_hal_gpio.o
 .debug_macro   0x00021d57      0x20d ./Drivers/STM32F4xx_HAL_Driver/Src/stm32f4xx_hal_rcc.o
 .debug_macro   0x00021f64      0x1f8 ./Drivers/STM32F4xx_HAL_Driver/Src/stm32f4xx_hal_spi.o
 .debug_macro   0x0002215c      0x1e9 ./Drivers/STM32F4xx_HAL_Driver/Src/stm32f4xx_hal_sram.o
 .debug_macro   0x00022345      0x1ea ./Drivers/STM32F4xx_HAL_Driver/Src/stm32f4xx_hal_tim.o
 .debug_macro   0x0002252f      0x1e9 ./Drivers/STM32F4xx_HAL_Driver/Src/stm32f4xx_hal_tim_ex.o
 .debug_macro   0x00022718      0x1e9 ./Drivers/STM32F4xx_HAL_Driver/Src/stm32f4xx_ll_fsmc.o

.debug_line     0x00000000    0x13206
 .debug_line    0x00000000      0x800 ./Core/Src/button.o
 .debug_line    0x00000800      0x875 ./Core/Src/fsmc.o
 .debug_line    0x00001075      0x7d3 ./Core/Src/gpio.o
 .debug_line    0x00001848     0x1107 ./Core/Src/lcd.o
 .debug_line    0x0000294f      0x870 ./Core/Src/led_7seg.o
 .debug_line    0x000031bf      0xc19 ./Core/Src/main.o
 .debug_line    0x00003dd8       0x4f ./Core/Src/picture.o
 .debug_line    0x00003e27      0x7f3 ./Core/Src/software_timer.o
 .debug_line    0x0000461a      0x7e6 ./Core/Src/spi.o
 .debug_line    0x00004e00      0x775 ./Core/Src/stm32f4xx_hal_msp.o
 .debug_line    0x00005575      0x84f ./Core/Src/stm32f4xx_it.o
 .debug_line    0x00005dc4      0x7f9 ./Core/Src/system_stm32f4xx.o
 .debug_line    0x000065bd      0x7e2 ./Core/Src/tim.o
 .debug_line    0x00006d9f      0xbb2 ./Core/Src/traffic_light.o
 .debug_line    0x00007951       0x7a ./Core/Startup/startup_stm32f407zetx.o
 .debug_line    0x000079cb      0xa62 ./Drivers/STM32F4xx_HAL_Driver/Src/stm32f4xx_hal.o
 .debug_line    0x0000842d      0xd0f ./Drivers/STM32F4xx_HAL_Driver/Src/stm32f4xx_hal_cortex.o
 .debug_line    0x0000913c      0xbf0 ./Drivers/STM32F4xx_HAL_Driver/Src/stm32f4xx_hal_gpio.o
 .debug_line    0x00009d2c      0xdd5 ./Drivers/STM32F4xx_HAL_Driver/Src/stm32f4xx_hal_rcc.o
 .debug_line    0x0000ab01     0x1d15 ./Drivers/STM32F4xx_HAL_Driver/Src/stm32f4xx_hal_spi.o
 .debug_line    0x0000c816      0xbfe ./Drivers/STM32F4xx_HAL_Driver/Src/stm32f4xx_hal_sram.o
 .debug_line    0x0000d414     0x3772 ./Drivers/STM32F4xx_HAL_Driver/Src/stm32f4xx_hal_tim.o
 .debug_line    0x00010b86     0x1a59 ./Drivers/STM32F4xx_HAL_Driver/Src/stm32f4xx_hal_tim_ex.o
 .debug_line    0x000125df      0xc27 ./Drivers/STM32F4xx_HAL_Driver/Src/stm32f4xx_ll_fsmc.o

.debug_str      0x00000000    0xcd224
 .debug_str     0x00000000    0xc5f96 ./Core/Src/button.o
                              0xc6299 (size before relaxing)
 .debug_str     0x000c5f96      0x3f5 ./Core/Src/fsmc.o
                              0xc645e (size before relaxing)
 .debug_str     0x000c638b       0x20 ./Core/Src/gpio.o
                              0xc5f0c (size before relaxing)
 .debug_str     0x000c63ab     0x36e3 ./Core/Src/lcd.o
                              0xc94bf (size before relaxing)
 .debug_str     0x000c9a8e       0xa9 ./Core/Src/led_7seg.o
                              0xc62d6 (size before relaxing)
 .debug_str     0x000c9b37      0x33f ./Core/Src/main.o
                              0xc9767 (size before relaxing)
 .debug_str     0x000c9e76       0x21 ./Core/Src/picture.o
                               0x2e53 (size before relaxing)
 .debug_str     0x000c9e97      0x2f3 ./Core/Src/software_timer.o
                              0xc6376 (size before relaxing)
 .debug_str     0x000ca18a       0x4b ./Core/Src/spi.o
                              0xc6398 (size before relaxing)
 .debug_str     0x000ca1d5       0x2c ./Core/Src/stm32f4xx_hal_msp.o
                              0xc5e41 (size before relaxing)
 .debug_str     0x000ca201       0xec ./Core/Src/stm32f4xx_it.o
                              0xc6325 (size before relaxing)
 .debug_str     0x000ca2ed       0xdb ./Core/Src/system_stm32f4xx.o
                              0xc5ccf (size before relaxing)
 .debug_str     0x000ca3c8      0x653 ./Core/Src/tim.o
                              0xc6a16 (size before relaxing)
 .debug_str     0x000caa1b       0xf2 ./Core/Src/traffic_light.o
                              0xc9365 (size before relaxing)
 .debug_str     0x000cab0d       0x44 ./Core/Startup/startup_stm32f407zetx.o
                                 0x98 (size before relaxing)
 .debug_str     0x000cab51      0x603 ./Drivers/STM32F4xx_HAL_Driver/Src/stm32f4xx_hal.o
                              0xc6853 (size before relaxing)
 .debug_str     0x000cb154      0x32d ./Drivers/STM32F4xx_HAL_Driver/Src/stm32f4xx_hal_cortex.o
                              0xc6586 (size before relaxing)
 .debug_str     0x000cb481      0x109 ./Drivers/STM32F4xx_HAL_Driver/Src/stm32f4xx_hal_gpio.o
                              0xc5e4a (size before relaxing)
 .debug_str     0x000cb58a      0x233 ./Drivers/STM32F4xx_HAL_Driver/Src/stm32f4xx_hal_rcc.o
                              0xc6103 (size before relaxing)
 .debug_str     0x000cb7bd      0x581 ./Drivers/STM32F4xx_HAL_Driver/Src/stm32f4xx_hal_spi.o
                              0xc6593 (size before relaxing)
 .debug_str     0x000cbd3e      0x1a6 ./Drivers/STM32F4xx_HAL_Driver/Src/stm32f4xx_hal_sram.o
                              0xc6276 (size before relaxing)
 .debug_str     0x000cbee4      0xda8 ./Drivers/STM32F4xx_HAL_Driver/Src/stm32f4xx_hal_tim.o
                              0xc7049 (size before relaxing)
 .debug_str     0x000ccc8c      0x493 ./Drivers/STM32F4xx_HAL_Driver/Src/stm32f4xx_hal_tim_ex.o
                              0xc6865 (size before relaxing)
 .debug_str     0x000cd11f      0x105 ./Drivers/STM32F4xx_HAL_Driver/Src/stm32f4xx_ll_fsmc.o
                              0xc607e (size before relaxing)

.comment        0x00000000       0x43
 .comment       0x00000000       0x43 ./Core/Src/button.o
                                 0x44 (size before relaxing)
 .comment       0x00000043       0x44 ./Core/Src/fsmc.o
 .comment       0x00000043       0x44 ./Core/Src/gpio.o
 .comment       0x00000043       0x44 ./Core/Src/lcd.o
 .comment       0x00000043       0x44 ./Core/Src/led_7seg.o
 .comment       0x00000043       0x44 ./Core/Src/main.o
 .comment       0x00000043       0x44 ./Core/Src/picture.o
 .comment       0x00000043       0x44 ./Core/Src/software_timer.o
 .comment       0x00000043       0x44 ./Core/Src/spi.o
 .comment       0x00000043       0x44 ./Core/Src/stm32f4xx_hal_msp.o
 .comment       0x00000043       0x44 ./Core/Src/stm32f4xx_it.o
 .comment       0x00000043       0x44 ./Core/Src/system_stm32f4xx.o
 .comment       0x00000043       0x44 ./Core/Src/tim.o
 .comment       0x00000043       0x44 ./Core/Src/traffic_light.o
 .comment       0x00000043       0x44 ./Drivers/STM32F4xx_HAL_Driver/Src/stm32f4xx_hal.o
 .comment       0x00000043       0x44 ./Drivers/STM32F4xx_HAL_Driver/Src/stm32f4xx_hal_cortex.o
 .comment       0x00000043       0x44 ./Drivers/STM32F4xx_HAL_Driver/Src/stm32f4xx_hal_gpio.o
 .comment       0x00000043       0x44 ./Drivers/STM32F4xx_HAL_Driver/Src/stm32f4xx_hal_rcc.o
 .comment       0x00000043       0x44 ./Drivers/STM32F4xx_HAL_Driver/Src/stm32f4xx_hal_spi.o
 .comment       0x00000043       0x44 ./Drivers/STM32F4xx_HAL_Driver/Src/stm32f4xx_hal_sram.o
 .comment       0x00000043       0x44 ./Drivers/STM32F4xx_HAL_Driver/Src/stm32f4xx_hal_tim.o
 .comment       0x00000043       0x44 ./Drivers/STM32F4xx_HAL_Driver/Src/stm32f4xx_hal_tim_ex.o
 .comment       0x00000043       0x44 ./Drivers/STM32F4xx_HAL_Driver/Src/stm32f4xx_ll_fsmc.o

.debug_frame    0x00000000     0x3c64
 .debug_frame   0x00000000       0x50 ./Core/Src/button.o
 .debug_frame   0x00000050       0xbc ./Core/Src/fsmc.o
 .debug_frame   0x0000010c       0x34 ./Core/Src/gpio.o
 .debug_frame   0x00000140      0x394 ./Core/Src/lcd.o
 .debug_frame   0x000004d4       0xe8 ./Core/Src/led_7seg.o
 .debug_frame   0x000005bc      0x13c ./Core/Src/main.o
 .debug_frame   0x000006f8       0x78 ./Core/Src/software_timer.o
 .debug_frame   0x00000770       0x74 ./Core/Src/spi.o
 .debug_frame   0x000007e4       0x38 ./Core/Src/stm32f4xx_hal_msp.o
 .debug_frame   0x0000081c      0x120 ./Core/Src/stm32f4xx_it.o
 .debug_frame   0x0000093c       0x58 ./Core/Src/system_stm32f4xx.o
 .debug_frame   0x00000994       0x7c ./Core/Src/tim.o
 .debug_frame   0x00000a10       0xc0 ./Core/Src/traffic_light.o
 .debug_frame   0x00000ad0      0x374 ./Drivers/STM32F4xx_HAL_Driver/Src/stm32f4xx_hal.o
 .debug_frame   0x00000e44      0x498 ./Drivers/STM32F4xx_HAL_Driver/Src/stm32f4xx_hal_cortex.o
 .debug_frame   0x000012dc      0x14c ./Drivers/STM32F4xx_HAL_Driver/Src/stm32f4xx_hal_gpio.o
 .debug_frame   0x00001428      0x1f4 ./Drivers/STM32F4xx_HAL_Driver/Src/stm32f4xx_hal_rcc.o
 .debug_frame   0x0000161c      0x824 ./Drivers/STM32F4xx_HAL_Driver/Src/stm32f4xx_hal_spi.o
 .debug_frame   0x00001e40      0x2a0 ./Drivers/STM32F4xx_HAL_Driver/Src/stm32f4xx_hal_sram.o
 .debug_frame   0x000020e0     0x11c4 ./Drivers/STM32F4xx_HAL_Driver/Src/stm32f4xx_hal_tim.o
 .debug_frame   0x000032a4      0x638 ./Drivers/STM32F4xx_HAL_Driver/Src/stm32f4xx_hal_tim_ex.o
 .debug_frame   0x000038dc      0x2dc ./Drivers/STM32F4xx_HAL_Driver/Src/stm32f4xx_ll_fsmc.o
 .debug_frame   0x00003bb8       0x20 D:/STM32CUBEIDE/STM32CubeIDE_1.16.0/STM32CubeIDE/plugins/com.st.stm32cube.ide.mcu.externaltools.gnu-tools-for-stm32.12.3.rel1.win32_1.0.200.202406191623/tools/bin/../lib/gcc/arm-none-eabi/12.3.1/../../../../arm-none-eabi/lib/thumb/v7e-m+fp/hard\libc_nano.a(libc_a-memset.o)
 .debug_frame   0x00003bd8       0x2c D:/STM32CUBEIDE/STM32CubeIDE_1.16.0/STM32CubeIDE/plugins/com.st.stm32cube.ide.mcu.externaltools.gnu-tools-for-stm32.12.3.rel1.win32_1.0.200.202406191623/tools/bin/../lib/gcc/arm-none-eabi/12.3.1/../../../../arm-none-eabi/lib/thumb/v7e-m+fp/hard\libc_nano.a(libc_a-init.o)
 .debug_frame   0x00003c04       0x2c D:/STM32CUBEIDE/STM32CubeIDE_1.16.0/STM32CubeIDE/plugins/com.st.stm32cube.ide.mcu.externaltools.gnu-tools-for-stm32.12.3.rel1.win32_1.0.200.202406191623/tools/bin/../lib/gcc/arm-none-eabi/12.3.1/thumb/v7e-m+fp/hard\libgcc.a(_aeabi_uldivmod.o)
 .debug_frame   0x00003c30       0x34 D:/STM32CUBEIDE/STM32CubeIDE_1.16.0/STM32CubeIDE/plugins/com.st.stm32cube.ide.mcu.externaltools.gnu-tools-for-stm32.12.3.rel1.win32_1.0.200.202406191623/tools/bin/../lib/gcc/arm-none-eabi/12.3.1/thumb/v7e-m+fp/hard\libgcc.a(_udivmoddi4.o)

.debug_line_str
                0x00000000       0x7c
 .debug_line_str
                0x00000000       0x7c ./Core/Startup/startup_stm32f407zetx.o
