../Core/Src/main.c:86:5:main	8	static
../Core/Src/main.c:151:6:SystemClock_Config	88	static
../Core/Src/main.c:192:6:system_init	8	static
../Core/Src/main.c:206:6:test_LedDebug	8	static
../Core/Src/main.c:213:9:isButtonUp	4	static
../Core/Src/main.c:221:9:isButtonDown	4	static
../Core/Src/main.c:229:9:isButtonRight	4	static
../Core/Src/main.c:241:6:test_Adc	48	static
../Core/Src/main.c:279:6:checkingCondition	8	static
../Core/Src/main.c:307:6:init_RTC_timer	8	static
../Core/Src/main.c:319:6:test_Buzzer	8	static
../Core/Src/main.c:339:6:Error_Handler	4	static,ignoring_inline_asm
