../Core/Src/main.c:85:5:main	8	static
../Core/Src/main.c:144:6:SystemClock_Config	88	static
../Core/Src/main.c:185:6:system_init	8	static
../Core/Src/main.c:198:6:test_LedDebug	8	static
../Core/Src/main.c:205:9:isButtonUp	4	static
../Core/Src/main.c:213:9:isButtonDown	4	static
../Core/Src/main.c:221:9:isButtonRight	4	static
../Core/Src/main.c:233:6:test_Adc	48	static
../Core/Src/main.c:271:6:checkingCondition	8	static
../Core/Src/main.c:299:6:init_RTC_timer	8	static
../Core/Src/main.c:311:6:test_Buzzer	8	static
../Core/Src/main.c:331:6:Error_Handler	4	static,ignoring_inline_asm
