main.c:98:5:main	8	static
main.c:157:6:SystemClock_Config	88	static
main.c:198:6:system_init	8	static
main.c:211:6:test_LedDebug	8	static
main.c:218:9:isButtonUp	4	static
main.c:226:9:isButtonDown	4	static
main.c:234:9:isButtonRight	4	static
main.c:242:9:isButtonModeSwitch	4	static
main.c:251:6:display_TextMode	48	static
main.c:282:6:display_GraphMode	64	static
main.c:350:6:test_Adc	16	static
main.c:394:6:checkingCondition	8	static
main.c:422:6:init_RTC_timer	8	static
main.c:434:6:test_Buzzer	8	static
main.c:454:6:Error_Handler	4	static,ignoring_inline_asm
