Archive member included to satisfy reference by file (symbol)

D:/STM32CUBEIDE/STM32CubeIDE_1.16.0/STM32CubeIDE/plugins/com.st.stm32cube.ide.mcu.externaltools.gnu-tools-for-stm32.12.3.rel1.win32_1.0.200.202406191623/tools/bin/../lib/gcc/arm-none-eabi/12.3.1/../../../../arm-none-eabi/lib/thumb/v7e-m+fp/hard\libc_nano.a(libc_a-exit.o)
                              D:/STM32CUBEIDE/STM32CubeIDE_1.16.0/STM32CubeIDE/plugins/com.st.stm32cube.ide.mcu.externaltools.gnu-tools-for-stm32.12.3.rel1.win32_1.0.200.202406191623/tools/bin/../lib/gcc/arm-none-eabi/12.3.1/../../../../arm-none-eabi/lib/thumb/v7e-m+fp/hard/crt0.o (exit)
D:/STM32CUBEIDE/STM32CubeIDE_1.16.0/STM32CubeIDE/plugins/com.st.stm32cube.ide.mcu.externaltools.gnu-tools-for-stm32.12.3.rel1.win32_1.0.200.202406191623/tools/bin/../lib/gcc/arm-none-eabi/12.3.1/../../../../arm-none-eabi/lib/thumb/v7e-m+fp/hard\libc_nano.a(libc_a-findfp.o)
                              D:/STM32CUBEIDE/STM32CubeIDE_1.16.0/STM32CubeIDE/plugins/com.st.stm32cube.ide.mcu.externaltools.gnu-tools-for-stm32.12.3.rel1.win32_1.0.200.202406191623/tools/bin/../lib/gcc/arm-none-eabi/12.3.1/../../../../arm-none-eabi/lib/thumb/v7e-m+fp/hard\libc_nano.a(libc_a-exit.o) (__stdio_exit_handler)
D:/STM32CUBEIDE/STM32CubeIDE_1.16.0/STM32CubeIDE/plugins/com.st.stm32cube.ide.mcu.externaltools.gnu-tools-for-stm32.12.3.rel1.win32_1.0.200.202406191623/tools/bin/../lib/gcc/arm-none-eabi/12.3.1/../../../../arm-none-eabi/lib/thumb/v7e-m+fp/hard\libc_nano.a(libc_a-fwalk.o)
                              D:/STM32CUBEIDE/STM32CubeIDE_1.16.0/STM32CubeIDE/plugins/com.st.stm32cube.ide.mcu.externaltools.gnu-tools-for-stm32.12.3.rel1.win32_1.0.200.202406191623/tools/bin/../lib/gcc/arm-none-eabi/12.3.1/../../../../arm-none-eabi/lib/thumb/v7e-m+fp/hard\libc_nano.a(libc_a-findfp.o) (_fwalk_sglue)
D:/STM32CUBEIDE/STM32CubeIDE_1.16.0/STM32CubeIDE/plugins/com.st.stm32cube.ide.mcu.externaltools.gnu-tools-for-stm32.12.3.rel1.win32_1.0.200.202406191623/tools/bin/../lib/gcc/arm-none-eabi/12.3.1/../../../../arm-none-eabi/lib/thumb/v7e-m+fp/hard\libc_nano.a(libc_a-sprintf.o)
                              ./Core/Src/uart.o (sprintf)
D:/STM32CUBEIDE/STM32CubeIDE_1.16.0/STM32CubeIDE/plugins/com.st.stm32cube.ide.mcu.externaltools.gnu-tools-for-stm32.12.3.rel1.win32_1.0.200.202406191623/tools/bin/../lib/gcc/arm-none-eabi/12.3.1/../../../../arm-none-eabi/lib/thumb/v7e-m+fp/hard\libc_nano.a(libc_a-stdio.o)
                              D:/STM32CUBEIDE/STM32CubeIDE_1.16.0/STM32CubeIDE/plugins/com.st.stm32cube.ide.mcu.externaltools.gnu-tools-for-stm32.12.3.rel1.win32_1.0.200.202406191623/tools/bin/../lib/gcc/arm-none-eabi/12.3.1/../../../../arm-none-eabi/lib/thumb/v7e-m+fp/hard\libc_nano.a(libc_a-findfp.o) (__sread)
D:/STM32CUBEIDE/STM32CubeIDE_1.16.0/STM32CubeIDE/plugins/com.st.stm32cube.ide.mcu.externaltools.gnu-tools-for-stm32.12.3.rel1.win32_1.0.200.202406191623/tools/bin/../lib/gcc/arm-none-eabi/12.3.1/../../../../arm-none-eabi/lib/thumb/v7e-m+fp/hard\libc_nano.a(libc_a-memset.o)
                              D:/STM32CUBEIDE/STM32CubeIDE_1.16.0/STM32CubeIDE/plugins/com.st.stm32cube.ide.mcu.externaltools.gnu-tools-for-stm32.12.3.rel1.win32_1.0.200.202406191623/tools/bin/../lib/gcc/arm-none-eabi/12.3.1/../../../../arm-none-eabi/lib/thumb/v7e-m+fp/hard/crt0.o (memset)
D:/STM32CUBEIDE/STM32CubeIDE_1.16.0/STM32CubeIDE/plugins/com.st.stm32cube.ide.mcu.externaltools.gnu-tools-for-stm32.12.3.rel1.win32_1.0.200.202406191623/tools/bin/../lib/gcc/arm-none-eabi/12.3.1/../../../../arm-none-eabi/lib/thumb/v7e-m+fp/hard\libc_nano.a(libc_a-closer.o)
                              D:/STM32CUBEIDE/STM32CubeIDE_1.16.0/STM32CubeIDE/plugins/com.st.stm32cube.ide.mcu.externaltools.gnu-tools-for-stm32.12.3.rel1.win32_1.0.200.202406191623/tools/bin/../lib/gcc/arm-none-eabi/12.3.1/../../../../arm-none-eabi/lib/thumb/v7e-m+fp/hard\libc_nano.a(libc_a-stdio.o) (_close_r)
D:/STM32CUBEIDE/STM32CubeIDE_1.16.0/STM32CubeIDE/plugins/com.st.stm32cube.ide.mcu.externaltools.gnu-tools-for-stm32.12.3.rel1.win32_1.0.200.202406191623/tools/bin/../lib/gcc/arm-none-eabi/12.3.1/../../../../arm-none-eabi/lib/thumb/v7e-m+fp/hard\libc_nano.a(libc_a-reent.o)
                              D:/STM32CUBEIDE/STM32CubeIDE_1.16.0/STM32CubeIDE/plugins/com.st.stm32cube.ide.mcu.externaltools.gnu-tools-for-stm32.12.3.rel1.win32_1.0.200.202406191623/tools/bin/../lib/gcc/arm-none-eabi/12.3.1/../../../../arm-none-eabi/lib/thumb/v7e-m+fp/hard\libc_nano.a(libc_a-closer.o) (errno)
D:/STM32CUBEIDE/STM32CubeIDE_1.16.0/STM32CubeIDE/plugins/com.st.stm32cube.ide.mcu.externaltools.gnu-tools-for-stm32.12.3.rel1.win32_1.0.200.202406191623/tools/bin/../lib/gcc/arm-none-eabi/12.3.1/../../../../arm-none-eabi/lib/thumb/v7e-m+fp/hard\libc_nano.a(libc_a-impure.o)
[...]
Memory Configuration

Name             Origin             Length             Attributes
CCMRAM           0x10000000         0x00010000         xrw
RAM              0x20000000         0x00020000         xrw
FLASH            0x08000000         0x00100000         xr
*default*        0x00000000         0xffffffff

Linker script and memory map

LOAD D:/STM32CUBEIDE/STM32CubeIDE_1.16.0/STM32CubeIDE/plugins/com.st.stm32cube.ide.mcu.externaltools.gnu-tools-for-stm32.12.3.rel1.win32_1.0.200.202406191623/tools/bin/../lib/gcc/arm-none-eabi/12.3.1/thumb/v7e-m+fp/hard/crti.o
LOAD D:/STM32CUBEIDE/STM32CubeIDE_1.16.0/STM32CubeIDE/plugins/com.st.stm32cube.ide.mcu.externaltools.gnu-tools-for-stm32.12.3.rel1.win32_1.0.200.202406191623/tools/bin/../lib/gcc/arm-none-eabi/12.3.1/thumb/v7e-m+fp/hard/crtbegin.o
LOAD D:/STM32CUBEIDE/STM32CubeIDE_1.16.0/STM32CubeIDE/plugins/com.st.stm32cube.ide.mcu.externaltools.gnu-tools-for-stm32.12.3.rel1.win32_1.0.200.202406191623/tools/bin/../lib/gcc/arm-none-eabi/12.3.1/../../../../arm-none-eabi/lib/thumb/v7e-m+fp/hard/crt0.o
LOAD ./Core/Src/button.o
LOAD ./Core/Src/ds3231.o
LOAD ./Core/Src/fsmc.o
LOAD ./Core/Src/gpio.o
LOAD ./Core/Src/i2c.o
LOAD ./Core/Src/lcd.o
LOAD ./Core/Src/led_7seg.o
LOAD ./Core/Src/main.o
LOAD ./Core/Src/picture.o
LOAD ./Core/Src/software_timer.o
LOAD ./Core/Src/spi.o
LOAD ./Core/Src/stm32f4xx_hal_msp.o
LOAD ./Core/Src/stm32f4xx_it.o
LOAD ./Core/Src/syscalls.o
LOAD ./Core/Src/sysmem.o
LOAD ./Core/Src/system_stm32f4xx.o
LOAD ./Core/Src/tim.o
LOAD ./Core/Src/uart.o
LOAD ./Core/Src/usart.o
LOAD ./Core/Src/utils.o
LOAD ./Core/Startup/startup_stm32f407zetx.o
LOAD ./Drivers/STM32F4xx_HAL_Driver/Src/stm32f4xx_hal.o
LOAD ./Drivers/STM32F4xx_HAL_Driver/Src/stm32f4xx_hal_cortex.o
LOAD ./Drivers/STM32F4xx_HAL_Driver/Src/stm32f4xx_hal_dma.o
LOAD ./Drivers/STM32F4xx_HAL_Driver/Src/stm32f4xx_hal_dma_ex.o
LOAD ./Drivers/STM32F4xx_HAL_Driver/Src/stm32f4xx_hal_exti.o
LOAD ./Drivers/STM32F4xx_HAL_Driver/Src/stm32f4xx_hal_flash.o
LOAD ./Drivers/STM32F4xx_HAL_Driver/Src/stm32f4xx_hal_flash_ex.o
LOAD ./Drivers/STM32F4xx_HAL_Driver/Src/stm32f4xx_hal_flash_ramfunc.o
LOAD ./Drivers/STM32F4xx_HAL_Driver/Src/stm32f4xx_hal_gpio.o
LOAD ./Drivers/STM32F4xx_HAL_Driver/Src/stm32f4xx_hal_i2c.o
LOAD ./Drivers/STM32F4xx_HAL_Driver/Src/stm32f4xx_hal_i2c_ex.o
LOAD ./Drivers/STM32F4xx_HAL_Driver/Src/stm32f4xx_hal_pwr.o
LOAD ./Drivers/STM32F4xx_HAL_Driver/Src/stm32f4xx_hal_pwr_ex.o
LOAD ./Drivers/STM32F4xx_HAL_Driver/Src/stm32f4xx_hal_rcc.o
LOAD ./Drivers/STM32F4xx_HAL_Driver/Src/stm32f4xx_hal_rcc_ex.o
LOAD ./Drivers/STM32F4xx_HAL_Driver/Src/stm32f4xx_hal_spi.o
LOAD ./Drivers/STM32F4xx_HAL_Driver/Src/stm32f4xx_hal_sram.o
LOAD ./Drivers/STM32F4xx_HAL_Driver/Src/stm32f4xx_hal_tim.o
LOAD ./Drivers/STM32F4xx_HAL_Driver/Src/stm32f4xx_hal_tim_ex.o
LOAD ./Drivers/STM32F4xx_HAL_Driver/Src/stm32f4xx_hal_uart.o
LOAD ./Drivers/STM32F4xx_HAL_Driver/Src/stm32f4xx_ll_fsmc.o
START GROUP
LOAD D:/STM32CUBEIDE/STM32CubeIDE_1.16.0/STM32CubeIDE/plugins/com.st.stm32cube.ide.mcu.externaltools.gnu-tools-for-stm32.12.3.rel1.win32_1.0.200.202406191623/tools/bin/../lib/gcc/arm-none-eabi/12.3.1/../../../../arm-none-eabi/lib/thumb/v7e-m+fp/hard\libc_nano.a
LOAD D:/STM32CUBEIDE/STM32CubeIDE_1.16.0/STM32CubeIDE/plugins/com.st.stm32cube.ide.mcu.externaltools.gnu-tools-for-stm32.12.3.rel1.win32_1.0.200.202406191623/tools/bin/../lib/gcc/arm-none-eabi/12.3.1/../../../../arm-none-eabi/lib/thumb/v7e-m+fp/hard\libm.a
END GROUP
START GROUP
LOAD D:/STM32CUBEIDE/STM32CubeIDE_1.16.0/STM32CubeIDE/plugins/com.st.stm32cube.ide.mcu.externaltools.gnu-tools-for-stm32.12.3.rel1.win32_1.0.200.202406191623/tools/bin/../lib/gcc/arm-none-eabi/12.3.1/thumb/v7e-m+fp/hard\libgcc.a
LOAD D:/STM32CUBEIDE/STM32CubeIDE_1.16.0/STM32CubeIDE/plugins/com.st.stm32cube.ide.mcu.externaltools.gnu-tools-for-stm32.12.3.rel1.win32_1.0.200.202406191623/tools/bin/../lib/gcc/arm-none-eabi/12.3.1/../../../../arm-none-eabi/lib/thumb/v7e-m+fp/hard\libc_nano.a
END GROUP
START GROUP
LOAD D:/STM32CUBEIDE/STM32CubeIDE_1.16.0/STM32CubeIDE/plugins/com.st.stm32cube.ide.mcu.externaltools.gnu-tools-for-stm32.12.3.rel1.win32_1.0.200.202406191623/tools/bin/../lib/gcc/arm-none-eabi/12.3.1/thumb/v7e-m+fp/hard\libgcc.a
LOAD D:/STM32CUBEIDE/STM32CubeIDE_1.16.0/STM32CubeIDE/plugins/com.st.stm32cube.ide.mcu.externaltools.gnu-tools-for-stm32.12.3.rel1.win32_1.0.200.202406191623/tools/bin/../lib/gcc/arm-none-eabi/12.3.1/../../../../arm-none-eabi/lib/thumb/v7e-m+fp/hard\libc_nano.a
LOAD D:/STM32CUBEIDE/STM32CubeIDE_1.16.0/STM32CubeIDE/plugins/com.st.stm32cube.ide.mcu.externaltools.gnu-tools-for-stm32.12.3.rel1.win32_1.0.200.202406191623/tools/bin/../lib/gcc/arm-none-eabi/12.3.1/../../../../arm-none-eabi/lib/thumb/v7e-m+fp/hard\libnosys.a
END GROUP
START GROUP
LOAD D:/STM32CUBEIDE/STM32CubeIDE_1.16.0/STM32CubeIDE/plugins/com.st.stm32cube.ide.mcu.externaltools.gnu-tools-for-stm32.12.3.rel1.win32_1.0.200.202406191623/tools/bin/../lib/gcc/arm-none-eabi/12.3.1/thumb/v7e-m+fp/hard\libgcc.a
LOAD D:/STM32CUBEIDE/STM32CubeIDE_1.16.0/STM32CubeIDE/plugins/com.st.stm32cube.ide.mcu.externaltools.gnu-tools-for-stm32.12.3.rel1.win32_1.0.200.202406191623/tools/bin/../lib/gcc/arm-none-eabi/12.3.1/../../../../arm-none-eabi/lib/thumb/v7e-m+fp/hard\libc_nano.a
LOAD D:/STM32CUBEIDE/STM32CubeIDE_1.16.0/STM32CubeIDE/plugins/com.st.stm32cube.ide.mcu.externaltools.gnu-tools-for-stm32.12.3.rel1.win32_1.0.200.202406191623/tools/bin/../lib/gcc/arm-none-eabi/12.3.1/../../../../arm-none-eabi/lib/thumb/v7e-m+fp/hard\libnosys.a
END GROUP
LOAD D:/STM32CUBEIDE/STM32CubeIDE_1.16.0/STM32CubeIDE/plugins/com.st.stm32cube.ide.mcu.externaltools.gnu-tools-for-stm32.12.3.rel1.win32_1.0.200.202406191623/tools/bin/../lib/gcc/arm-none-eabi/12.3.1/thumb/v7e-m+fp/hard/crtend.o
LOAD D:/STM32CUBEIDE/STM32CubeIDE_1.16.0/STM32CubeIDE/plugins/com.st.stm32cube.ide.mcu.externaltools.gnu-tools-for-stm32.12.3.rel1.win32_1.0.200.202406191623/tools/bin/../lib/gcc/arm-none-eabi/12.3.1/thumb/v7e-m+fp/hard/crtn.o
                0x20020000                        _estack = (ORIGIN (RAM) + LENGTH (RAM))
                0x00000200                        _Min_Heap_Size = 0x200
                0x00000400                        _Min_Stack_Size = 0x400

.isr_vector     0x08000000      0x188
                0x08000000                        . = ALIGN (0x4)
 *(.isr_vector)
 .isr_vector    0x08000000      0x188 ./Core/Startup/startup_stm32f407zetx.o
                0x08000000                g_pfnVectors
                0x08000188                        . = ALIGN (0x4)

.text           0x08000188     0x7328
                0x08000188                        . = ALIGN (0x4)
 *(.text)
 .text          0x08000188       0x40 D:/STM32CUBEIDE/STM32CubeIDE_1.16.0/STM32CubeIDE/plugins/com.st.stm32cube.ide.mcu.externaltools.gnu-tools-for-stm32.12.3.rel1.win32_1.0.200.202406191623/tools/bin/../lib/gcc/arm-none-eabi/12.3.1/thumb/v7e-m+fp/hard/crtbegin.o
 .text          0x080001c8       0x10 D:/STM32CUBEIDE/STM32CubeIDE_1.16.0/STM32CubeIDE/plugins/com.st.stm32cube.ide.mcu.externaltools.gnu-tools-for-stm32.12.3.rel1.win32_1.0.200.202406191623/tools/bin/../lib/gcc/arm-none-eabi/12.3.1/../../../../arm-none-eabi/lib/thumb/v7e-m+fp/hard\libc_nano.a(libc_a-strlen.o)
                0x080001c8                strlen
 .text          0x080001d8       0x30 D:/STM32CUBEIDE/STM32CubeIDE_1.16.0/STM32CubeIDE/plugins/com.st.stm32cube.ide.mcu.externaltools.gnu-tools-for-stm32.12.3.rel1.win32_1.0.200.202406191623/tools/bin/../lib/gcc/arm-none-eabi/12.3.1/thumb/v7e-m+fp/hard\libgcc.a(_aeabi_uldivmod.o)
                0x080001d8                __aeabi_uldivmod
 .text          0x08000208      0x2bc D:/STM32CUBEIDE/STM32CubeIDE_1.16.0/STM32CubeIDE/plugins/com.st.stm32cube.ide.mcu.externaltools.gnu-tools-for-stm32.12.3.rel1.win32_1.0.200.202406191623/tools/bin/../lib/gcc/arm-none-eabi/12.3.1/thumb/v7e-m+fp/hard\libgcc.a(_udivmoddi4.o)
                0x08000208                __udivmoddi4
 .text          0x080004c4        0x4 D:/STM32CUBEIDE/STM32CubeIDE_1.16.0/STM32CubeIDE/plugins/com.st.stm32cube.ide.mcu.externaltools.gnu-tools-for-stm32.12.3.rel1.win32_1.0.200.202406191623/tools/bin/../lib/gcc/arm-none-eabi/12.3.1/thumb/v7e-m+fp/hard\libgcc.a(_dvmd_tls.o)
                0x080004c4                __aeabi_idiv0
                0x080004c4                __aeabi_ldiv0
 *(.text*)
 .text.button_init
                0x080004c8       0x18 ./Core/Src/button.o
                0x080004c8                button_init
 .text.button_Scan
                0x080004e0       0xd8 ./Core/Src/button.o
                0x080004e0                button_Scan
 .text.ds3231_init
                0x080005b8       0x88 ./Core/Src/ds3231.o
                0x080005b8                ds3231_init
 .text.ds3231_Write
                0x08000640       0x44 ./Core/Src/ds3231.o
                0x08000640                ds3231_Write
 .text.ds3231_ReadTime
                0x08000684       0xc8 ./Core/Src/ds3231.o
                0x08000684                ds3231_ReadTime
 .text.MX_FSMC_Init
                0x0800074c       0xf4 ./Core/Src/fsmc.o
                0x0800074c                MX_FSMC_Init
 .text.HAL_FSMC_MspInit
                0x08000840       0x98 ./Core/Src/fsmc.o
 .text.HAL_SRAM_MspInit
                0x080008d8       0x14 ./Core/Src/fsmc.o
                0x080008d8                HAL_SRAM_MspInit
 .text.MX_GPIO_Init
                0x080008ec      0x1f0 ./Core/Src/gpio.o
                0x080008ec                MX_GPIO_Init
 .text.MX_I2C1_Init
                0x08000adc       0x5c ./Core/Src/i2c.o
                0x08000adc                MX_I2C1_Init
 .text.HAL_I2C_MspInit
                0x08000b38       0x90 ./Core/Src/i2c.o
                0x08000b38                HAL_I2C_MspInit
 .text.LCD_WR_REG
                0x08000bc8       0x20 ./Core/Src/lcd.o
                0x08000bc8                LCD_WR_REG
 .text.LCD_WR_DATA
                0x08000be8       0x20 ./Core/Src/lcd.o
                0x08000be8                LCD_WR_DATA
 .text.LCD_RD_DATA
                0x08000c08       0x24 ./Core/Src/lcd.o
                0x08000c08                LCD_RD_DATA
 .text.lcd_AddressSet
                0x08000c2c       0x98 ./Core/Src/lcd.o
                0x08000c2c                lcd_AddressSet
 .text.lcd_Clear
                0x08000cc4       0x74 ./Core/Src/lcd.o
                0x08000cc4                lcd_Clear
 .text.lcd_Fill
                0x08000d38       0x6c ./Core/Src/lcd.o
                0x08000d38                lcd_Fill
 .text.lcd_DrawPoint
                0x08000da4       0x2e ./Core/Src/lcd.o
                0x08000da4                lcd_DrawPoint
 *fill*         0x08000dd2        0x2 
 .text.lcd_ShowChar
                0x08000dd4      0x1a0 ./Core/Src/lcd.o
                0x08000dd4                lcd_ShowChar
 .text.mypow    0x08000f74       0x38 ./Core/Src/lcd.o
                0x08000f74                mypow
 .text.lcd_ShowIntNum
                0x08000fac       0xfc ./Core/Src/lcd.o
                0x08000fac                lcd_ShowIntNum
 .text.lcd_SetDir
                0x080010a8       0x48 ./Core/Src/lcd.o
                0x080010a8                lcd_SetDir
 .text.lcd_init
                0x080010f0      0x2c0 ./Core/Src/lcd.o
                0x080010f0                lcd_init
 .text.lcd_ShowStr
                0x080013b0       0xc8 ./Core/Src/lcd.o
                0x080013b0                lcd_ShowStr
 .text.lcd_StrCenter
                0x08001478       0x64 ./Core/Src/lcd.o
                0x08001478                lcd_StrCenter
 .text.led7_init
                0x080014dc       0x18 ./Core/Src/led_7seg.o
                0x080014dc                led7_init
 .text.led7_Scan
                0x080014f4      0x118 ./Core/Src/led_7seg.o
                0x080014f4                led7_Scan
 .text.main     0x0800160c      0x19c ./Core/Src/main.o
                0x0800160c                main
 .text.SystemClock_Config
                0x080017a8       0xd4 ./Core/Src/main.o
                0x080017a8                SystemClock_Config
 .text.system_init
                0x0800187c       0x54 ./Core/Src/main.o
                0x0800187c                system_init
 .text.updateTime
                0x080018d0       0x40 ./Core/Src/main.o
                0x080018d0                updateTime
 .text.buttonBai5
                0x08001910       0x44 ./Core/Src/main.o
                0x08001910                buttonBai5
 .text.isButtonUp
                0x08001954       0x20 ./Core/Src/main.o
                0x08001954                isButtonUp
 .text.isButtonDown
                0x08001974       0x20 ./Core/Src/main.o
                0x08001974                isButtonDown
 .text.displayTime
                0x08001994       0xfc ./Core/Src/main.o
                0x08001994                displayTime
 .text.adjustTime
                0x08001a90      0x2bc ./Core/Src/main.o
                0x08001a90                adjustTime
 .text.setAlarm
                0x08001d4c      0x100 ./Core/Src/main.o
                0x08001d4c                setAlarm
 .text.checkAlarm
                0x08001e4c       0x84 ./Core/Src/main.o
                0x08001e4c                checkAlarm
 .text.resendRequest
                0x08001ed0       0x5c ./Core/Src/main.o
                0x08001ed0                resendRequest
 .text.adjustTimeRS232
                0x08001f2c      0x2a4 ./Core/Src/main.o
                0x08001f2c                adjustTimeRS232
 .text.ProcessRingBufferData
                0x080021d0      0x210 ./Core/Src/main.o
                0x080021d0                ProcessRingBufferData
 .text.Error_Handler
                0x080023e0        0xc ./Core/Src/main.o
                0x080023e0                Error_Handler
 .text.timer_init
                0x080023ec       0x14 ./Core/Src/software_timer.o
                0x080023ec                timer_init
 .text.setTimer2
                0x08002400       0x38 ./Core/Src/software_timer.o
                0x08002400                setTimer2
 .text.HAL_TIM_PeriodElapsedCallback
                0x08002438       0x54 ./Core/Src/software_timer.o
                0x08002438                HAL_TIM_PeriodElapsedCallback
 .text.MX_SPI1_Init
                0x0800248c       0x6c ./Core/Src/spi.o
                0x0800248c                MX_SPI1_Init
 .text.HAL_SPI_MspInit
                0x080024f8       0x90 ./Core/Src/spi.o
                0x080024f8                HAL_SPI_MspInit
 .text.HAL_MspInit
                0x08002588       0x50 ./Core/Src/stm32f4xx_hal_msp.o
                0x08002588                HAL_MspInit
 .text.NMI_Handler
                0x080025d8        0x8 ./Core/Src/stm32f4xx_it.o
                0x080025d8                NMI_Handler
 .text.HardFault_Handler
                0x080025e0        0x8 ./Core/Src/stm32f4xx_it.o
                0x080025e0                HardFault_Handler
 .text.MemManage_Handler
                0x080025e8        0x8 ./Core/Src/stm32f4xx_it.o
                0x080025e8                MemManage_Handler
 .text.BusFault_Handler
                0x080025f0        0x8 ./Core/Src/stm32f4xx_it.o
                0x080025f0                BusFault_Handler
 .text.UsageFault_Handler
                0x080025f8        0x8 ./Core/Src/stm32f4xx_it.o
                0x080025f8                UsageFault_Handler
 .text.SVC_Handler
                0x08002600        0xe ./Core/Src/stm32f4xx_it.o
                0x08002600                SVC_Handler
 .text.DebugMon_Handler
                0x0800260e        0xe ./Core/Src/stm32f4xx_it.o
                0x0800260e                DebugMon_Handler
 .text.PendSV_Handler
                0x0800261c        0xe ./Core/Src/stm32f4xx_it.o
                0x0800261c                PendSV_Handler
 .text.SysTick_Handler
                0x0800262a        0xc ./Core/Src/stm32f4xx_it.o
                0x0800262a                SysTick_Handler
 *fill*         0x08002636        0x2 
 .text.TIM2_IRQHandler
                0x08002638       0x14 ./Core/Src/stm32f4xx_it.o
                0x08002638                TIM2_IRQHandler
 .text.USART1_IRQHandler
                0x0800264c       0x14 ./Core/Src/stm32f4xx_it.o
                0x0800264c                USART1_IRQHandler
 .text.SystemInit
                0x08002660       0x24 ./Core/Src/system_stm32f4xx.o
                0x08002660                SystemInit
 .text.MX_TIM2_Init
                0x08002684       0x98 ./Core/Src/tim.o
                0x08002684                MX_TIM2_Init
 .text.HAL_TIM_Base_MspInit
                0x0800271c       0x4c ./Core/Src/tim.o
                0x0800271c                HAL_TIM_Base_MspInit
 .text.uart_init_rs232
                0x08002768       0x1c ./Core/Src/uart.o
                0x08002768                uart_init_rs232
 .text.HAL_UART_RxCpltCallback
                0x08002784       0xa8 ./Core/Src/uart.o
                0x08002784                HAL_UART_RxCpltCallback
 .text.MX_USART1_UART_Init
                0x0800282c       0x54 ./Core/Src/usart.o
                0x0800282c                MX_USART1_UART_Init
 .text.HAL_UART_MspInit
                0x08002880       0xa0 ./Core/Src/usart.o
                0x08002880                HAL_UART_MspInit
 .text.BCD2DEC  0x08002920       0x32 ./Core/Src/utils.o
                0x08002920                BCD2DEC
 *fill*         0x08002952        0x2 
 .text.DEC2BCD  0x08002954       0x48 ./Core/Src/utils.o
                0x08002954                DEC2BCD
 .text.Reset_Handler
                0x0800299c       0x50 ./Core/Startup/startup_stm32f407zetx.o
                0x0800299c                Reset_Handler
 .text.Default_Handler
                0x080029ec        0x2 ./Core/Startup/startup_stm32f407zetx.o
                0x080029ec                RTC_Alarm_IRQHandler
                0x080029ec                HASH_RNG_IRQHandler
                0x080029ec                EXTI2_IRQHandler
                0x080029ec                TIM8_CC_IRQHandler
                0x080029ec                TIM1_CC_IRQHandler
                0x080029ec                DMA2_Stream5_IRQHandler
                0x080029ec                DMA1_Stream5_IRQHandler
                0x080029ec                PVD_IRQHandler
                0x080029ec                SDIO_IRQHandler
                0x080029ec                TAMP_STAMP_IRQHandler
                0x080029ec                CAN2_RX1_IRQHandler
                0x080029ec                EXTI3_IRQHandler
                0x080029ec                TIM8_TRG_COM_TIM14_IRQHandler
                0x080029ec                TIM1_UP_TIM10_IRQHandler
                0x080029ec                TIM8_UP_TIM13_IRQHandler
                0x080029ec                I2C3_ER_IRQHandler
                0x080029ec                EXTI0_IRQHandler
                0x080029ec                I2C2_EV_IRQHandler
                0x080029ec                DMA1_Stream2_IRQHandler
                0x080029ec                CAN1_RX0_IRQHandler
                0x080029ec                FPU_IRQHandler
                0x080029ec                OTG_HS_WKUP_IRQHandler
                0x080029ec                CAN2_SCE_IRQHandler
                0x080029ec                DMA2_Stream2_IRQHandler
                0x080029ec                SPI1_IRQHandler
                0x080029ec                TIM6_DAC_IRQHandler
                0x080029ec                TIM1_BRK_TIM9_IRQHandler
                0x080029ec                DCMI_IRQHandler
                0x080029ec                CAN2_RX0_IRQHandler
                0x080029ec                DMA2_Stream3_IRQHandler
                0x080029ec                USART6_IRQHandler
                0x080029ec                USART3_IRQHandler
                0x080029ec                CAN1_RX1_IRQHandler
                0x080029ec                UART5_IRQHandler
                0x080029ec                DMA2_Stream0_IRQHandler
                0x080029ec                TIM4_IRQHandler
                0x080029ec                I2C1_EV_IRQHandler
                0x080029ec                DMA1_Stream6_IRQHandler
                0x080029ec                DMA1_Stream1_IRQHandler
                0x080029ec                UART4_IRQHandler
                0x080029ec                TIM3_IRQHandler
                0x080029ec                RCC_IRQHandler
                0x080029ec                TIM8_BRK_TIM12_IRQHandler
                0x080029ec                Default_Handler
                0x080029ec                EXTI15_10_IRQHandler
                0x080029ec                ADC_IRQHandler
                0x080029ec                DMA1_Stream7_IRQHandler
                0x080029ec                TIM7_IRQHandler
                0x080029ec                CAN2_TX_IRQHandler
                0x080029ec                TIM5_IRQHandler
                0x080029ec                DMA2_Stream7_IRQHandler
                0x080029ec                I2C3_EV_IRQHandler
                0x080029ec                EXTI9_5_IRQHandler
                0x080029ec                RTC_WKUP_IRQHandler
                0x080029ec                ETH_WKUP_IRQHandler
                0x080029ec                SPI2_IRQHandler
                0x080029ec                OTG_HS_EP1_IN_IRQHandler
                0x080029ec                DMA1_Stream0_IRQHandler
                0x080029ec                CAN1_TX_IRQHandler
                0x080029ec                EXTI4_IRQHandler
                0x080029ec                FSMC_IRQHandler
                0x080029ec                ETH_IRQHandler
                0x080029ec                OTG_HS_EP1_OUT_IRQHandler
                0x080029ec                WWDG_IRQHandler
                0x080029ec                OTG_FS_WKUP_IRQHandler
                0x080029ec                TIM1_TRG_COM_TIM11_IRQHandler
                0x080029ec                OTG_HS_IRQHandler
                0x080029ec                EXTI1_IRQHandler
                0x080029ec                USART2_IRQHandler
                0x080029ec                I2C2_ER_IRQHandler
                0x080029ec                DMA2_Stream1_IRQHandler
                0x080029ec                CAN1_SCE_IRQHandler
                0x080029ec                FLASH_IRQHandler
                0x080029ec                DMA2_Stream4_IRQHandler
                0x080029ec                OTG_FS_IRQHandler
                0x080029ec                SPI3_IRQHandler
                0x080029ec                DMA1_Stream4_IRQHandler
                0x080029ec                I2C1_ER_IRQHandler
                0x080029ec                DMA2_Stream6_IRQHandler
                0x080029ec                DMA1_Stream3_IRQHandler
 *fill*         0x080029ee        0x2 
 .text.HAL_Init
                0x080029f0       0x44 ./Drivers/STM32F4xx_HAL_Driver/Src/stm32f4xx_hal.o
                0x080029f0                HAL_Init
 .text.HAL_InitTick
                0x08002a34       0x60 ./Drivers/STM32F4xx_HAL_Driver/Src/stm32f4xx_hal.o
                0x08002a34                HAL_InitTick
 .text.HAL_IncTick
                0x08002a94       0x28 ./Drivers/STM32F4xx_HAL_Driver/Src/stm32f4xx_hal.o
                0x08002a94                HAL_IncTick
 .text.HAL_GetTick
                0x08002abc       0x18 ./Drivers/STM32F4xx_HAL_Driver/Src/stm32f4xx_hal.o
                0x08002abc                HAL_GetTick
 .text.HAL_Delay
                0x08002ad4       0x48 ./Drivers/STM32F4xx_HAL_Driver/Src/stm32f4xx_hal.o
                0x08002ad4                HAL_Delay
 .text.__NVIC_SetPriorityGrouping
                0x08002b1c       0x48 ./Drivers/STM32F4xx_HAL_Driver/Src/stm32f4xx_hal_cortex.o
 .text.__NVIC_GetPriorityGrouping
                0x08002b64       0x1c ./Drivers/STM32F4xx_HAL_Driver/Src/stm32f4xx_hal_cortex.o
 .text.__NVIC_EnableIRQ
                0x08002b80       0x3c ./Drivers/STM32F4xx_HAL_Driver/Src/stm32f4xx_hal_cortex.o
 .text.__NVIC_SetPriority
                0x08002bbc       0x54 ./Drivers/STM32F4xx_HAL_Driver/Src/stm32f4xx_hal_cortex.o
 .text.NVIC_EncodePriority
                0x08002c10       0x66 ./Drivers/STM32F4xx_HAL_Driver/Src/stm32f4xx_hal_cortex.o
 *fill*         0x08002c76        0x2 
 .text.SysTick_Config
                0x08002c78       0x44 ./Drivers/STM32F4xx_HAL_Driver/Src/stm32f4xx_hal_cortex.o
 .text.HAL_NVIC_SetPriorityGrouping
                0x08002cbc       0x16 ./Drivers/STM32F4xx_HAL_Driver/Src/stm32f4xx_hal_cortex.o
                0x08002cbc                HAL_NVIC_SetPriorityGrouping
 .text.HAL_NVIC_SetPriority
                0x08002cd2       0x38 ./Drivers/STM32F4xx_HAL_Driver/Src/stm32f4xx_hal_cortex.o
                0x08002cd2                HAL_NVIC_SetPriority
 .text.HAL_NVIC_EnableIRQ
                0x08002d0a       0x1c ./Drivers/STM32F4xx_HAL_Driver/Src/stm32f4xx_hal_cortex.o
                0x08002d0a                HAL_NVIC_EnableIRQ
 .text.HAL_SYSTICK_Config
                0x08002d26       0x18 ./Drivers/STM32F4xx_HAL_Driver/Src/stm32f4xx_hal_cortex.o
                0x08002d26                HAL_SYSTICK_Config
 .text.HAL_DMA_Abort
                0x08002d3e       0xe0 ./Drivers/STM32F4xx_HAL_Driver/Src/stm32f4xx_hal_dma.o
                0x08002d3e                HAL_DMA_Abort
 .text.HAL_DMA_Abort_IT
                0x08002e1e       0x44 ./Drivers/STM32F4xx_HAL_Driver/Src/stm32f4xx_hal_dma.o
                0x08002e1e                HAL_DMA_Abort_IT
 *fill*         0x08002e62        0x2 
 .text.HAL_GPIO_Init
                0x08002e64      0x338 ./Drivers/STM32F4xx_HAL_Driver/Src/stm32f4xx_hal_gpio.o
                0x08002e64                HAL_GPIO_Init
 .text.HAL_GPIO_WritePin
                0x0800319c       0x32 ./Drivers/STM32F4xx_HAL_Driver/Src/stm32f4xx_hal_gpio.o
                0x0800319c                HAL_GPIO_WritePin
 *fill*         0x080031ce        0x2 
 .text.HAL_I2C_Init
                0x080031d0      0x288 ./Drivers/STM32F4xx_HAL_Driver/Src/stm32f4xx_hal_i2c.o
                0x080031d0                HAL_I2C_Init
 .text.HAL_I2C_Mem_Write
                0x08003458      0x1f4 ./Drivers/STM32F4xx_HAL_Driver/Src/stm32f4xx_hal_i2c.o
                0x08003458                HAL_I2C_Mem_Write
 .text.HAL_I2C_Mem_Read
                0x0800364c      0x44c ./Drivers/STM32F4xx_HAL_Driver/Src/stm32f4xx_hal_i2c.o
                0x0800364c                HAL_I2C_Mem_Read
 .text.HAL_I2C_IsDeviceReady
                0x08003a98      0x25c ./Drivers/STM32F4xx_HAL_Driver/Src/stm32f4xx_hal_i2c.o
                0x08003a98                HAL_I2C_IsDeviceReady
 .text.I2C_RequestMemoryWrite
                0x08003cf4      0x12c ./Drivers/STM32F4xx_HAL_Driver/Src/stm32f4xx_hal_i2c.o
 .text.I2C_RequestMemoryRead
                0x08003e20      0x1d0 ./Drivers/STM32F4xx_HAL_Driver/Src/stm32f4xx_hal_i2c.o
 .text.I2C_WaitOnFlagUntilTimeout
                0x08003ff0       0xae ./Drivers/STM32F4xx_HAL_Driver/Src/stm32f4xx_hal_i2c.o
 .text.I2C_WaitOnMasterAddressFlagUntilTimeout
                0x0800409e       0xfe ./Drivers/STM32F4xx_HAL_Driver/Src/stm32f4xx_hal_i2c.o
 .text.I2C_WaitOnTXEFlagUntilTimeout
                0x0800419c       0x82 ./Drivers/STM32F4xx_HAL_Driver/Src/stm32f4xx_hal_i2c.o
 .text.I2C_WaitOnBTFFlagUntilTimeout
                0x0800421e       0x82 ./Drivers/STM32F4xx_HAL_Driver/Src/stm32f4xx_hal_i2c.o
 .text.I2C_WaitOnRXNEFlagUntilTimeout
                0x080042a0       0xac ./Drivers/STM32F4xx_HAL_Driver/Src/stm32f4xx_hal_i2c.o
 .text.I2C_IsAcknowledgeFailed
                0x0800434c       0x5e ./Drivers/STM32F4xx_HAL_Driver/Src/stm32f4xx_hal_i2c.o
 *fill*         0x080043aa        0x2 
 .text.HAL_RCC_OscConfig
                0x080043ac      0x4f0 ./Drivers/STM32F4xx_HAL_Driver/Src/stm32f4xx_hal_rcc.o
                0x080043ac                HAL_RCC_OscConfig
 .text.HAL_RCC_ClockConfig
                0x0800489c      0x1cc ./Drivers/STM32F4xx_HAL_Driver/Src/stm32f4xx_hal_rcc.o
                0x0800489c                HAL_RCC_ClockConfig
 .text.HAL_RCC_GetSysClockFreq
                0x08004a68      0x20c ./Drivers/STM32F4xx_HAL_Driver/Src/stm32f4xx_hal_rcc.o
                0x08004a68                HAL_RCC_GetSysClockFreq
 .text.HAL_RCC_GetHCLKFreq
                0x08004c74       0x18 ./Drivers/STM32F4xx_HAL_Driver/Src/stm32f4xx_hal_rcc.o
                0x08004c74                HAL_RCC_GetHCLKFreq
 .text.HAL_RCC_GetPCLK1Freq
                0x08004c8c       0x28 ./Drivers/STM32F4xx_HAL_Driver/Src/stm32f4xx_hal_rcc.o
                0x08004c8c                HAL_RCC_GetPCLK1Freq
 .text.HAL_RCC_GetPCLK2Freq
                0x08004cb4       0x28 ./Drivers/STM32F4xx_HAL_Driver/Src/stm32f4xx_hal_rcc.o
                0x08004cb4                HAL_RCC_GetPCLK2Freq
 .text.HAL_SPI_Init
                0x08004cdc      0x112 ./Drivers/STM32F4xx_HAL_Driver/Src/stm32f4xx_hal_spi.o
                0x08004cdc                HAL_SPI_Init
 .text.HAL_SPI_Transmit
                0x08004dee      0x278 ./Drivers/STM32F4xx_HAL_Driver/Src/stm32f4xx_hal_spi.o
                0x08004dee                HAL_SPI_Transmit
 .text.HAL_SPI_Receive
                0x08005066      0x222 ./Drivers/STM32F4xx_HAL_Driver/Src/stm32f4xx_hal_spi.o
                0x08005066                HAL_SPI_Receive
 .text.HAL_SPI_TransmitReceive
                0x08005288      0x344 ./Drivers/STM32F4xx_HAL_Driver/Src/stm32f4xx_hal_spi.o
                0x08005288                HAL_SPI_TransmitReceive
 .text.SPI_WaitFlagStateUntilTimeout
                0x080055cc      0x110 ./Drivers/STM32F4xx_HAL_Driver/Src/stm32f4xx_hal_spi.o
 .text.SPI_EndRxTransaction
                0x080056dc       0xca ./Drivers/STM32F4xx_HAL_Driver/Src/stm32f4xx_hal_spi.o
 *fill*         0x080057a6        0x2 
 .text.SPI_EndRxTxTransaction
                0x080057a8       0x84 ./Drivers/STM32F4xx_HAL_Driver/Src/stm32f4xx_hal_spi.o
 .text.HAL_SRAM_Init
                0x0800582c       0x88 ./Drivers/STM32F4xx_HAL_Driver/Src/stm32f4xx_hal_sram.o
                0x0800582c                HAL_SRAM_Init
 .text.HAL_TIM_Base_Init
                0x080058b4       0x9e ./Drivers/STM32F4xx_HAL_Driver/Src/stm32f4xx_hal_tim.o
                0x080058b4                HAL_TIM_Base_Init
 *fill*         0x08005952        0x2 
 .text.HAL_TIM_Base_Start_IT
                0x08005954       0xe0 ./Drivers/STM32F4xx_HAL_Driver/Src/stm32f4xx_hal_tim.o
                0x08005954                HAL_TIM_Base_Start_IT
 .text.HAL_TIM_IRQHandler
                0x08005a34      0x210 ./Drivers/STM32F4xx_HAL_Driver/Src/stm32f4xx_hal_tim.o
                0x08005a34                HAL_TIM_IRQHandler
 .text.HAL_TIM_ConfigClockSource
                0x08005c44      0x18e ./Drivers/STM32F4xx_HAL_Driver/Src/stm32f4xx_hal_tim.o
                0x08005c44                HAL_TIM_ConfigClockSource
 .text.HAL_TIM_OC_DelayElapsedCallback
                0x08005dd2       0x14 ./Drivers/STM32F4xx_HAL_Driver/Src/stm32f4xx_hal_tim.o
                0x08005dd2                HAL_TIM_OC_DelayElapsedCallback
 .text.HAL_TIM_IC_CaptureCallback
                0x08005de6       0x14 ./Drivers/STM32F4xx_HAL_Driver/Src/stm32f4xx_hal_tim.o
                0x08005de6                HAL_TIM_IC_CaptureCallback
 .text.HAL_TIM_PWM_PulseFinishedCallback
                0x08005dfa       0x14 ./Drivers/STM32F4xx_HAL_Driver/Src/stm32f4xx_hal_tim.o
                0x08005dfa                HAL_TIM_PWM_PulseFinishedCallback
 .text.HAL_TIM_TriggerCallback
                0x08005e0e       0x14 ./Drivers/STM32F4xx_HAL_Driver/Src/stm32f4xx_hal_tim.o
                0x08005e0e                HAL_TIM_TriggerCallback
 *fill*         0x08005e22        0x2 
 .text.TIM_Base_SetConfig
                0x08005e24      0x140 ./Drivers/STM32F4xx_HAL_Driver/Src/stm32f4xx_hal_tim.o
                0x08005e24                TIM_Base_SetConfig
 .text.TIM_TI1_ConfigInputStage
                0x08005f64       0x5e ./Drivers/STM32F4xx_HAL_Driver/Src/stm32f4xx_hal_tim.o
 .text.TIM_TI2_ConfigInputStage
                0x08005fc2       0x60 ./Drivers/STM32F4xx_HAL_Driver/Src/stm32f4xx_hal_tim.o
 .text.TIM_ITRx_SetConfig
                0x08006022       0x36 ./Drivers/STM32F4xx_HAL_Driver/Src/stm32f4xx_hal_tim.o
 .text.TIM_ETR_SetConfig
                0x08006058       0x40 ./Drivers/STM32F4xx_HAL_Driver/Src/stm32f4xx_hal_tim.o
                0x08006058                TIM_ETR_SetConfig
 .text.HAL_TIMEx_MasterConfigSynchronization
                0x08006098       0xf8 ./Drivers/STM32F4xx_HAL_Driver/Src/stm32f4xx_hal_tim_ex.o
                0x08006098                HAL_TIMEx_MasterConfigSynchronization
 .text.HAL_TIMEx_CommutCallback
                0x08006190       0x14 ./Drivers/STM32F4xx_HAL_Driver/Src/stm32f4xx_hal_tim_ex.o
                0x08006190                HAL_TIMEx_CommutCallback
 .text.HAL_TIMEx_BreakCallback
                0x080061a4       0x14 ./Drivers/STM32F4xx_HAL_Driver/Src/stm32f4xx_hal_tim_ex.o
                0x080061a4                HAL_TIMEx_BreakCallback
 .text.HAL_UART_Init
                0x080061b8       0x9a ./Drivers/STM32F4xx_HAL_Driver/Src/stm32f4xx_hal_uart.o
                0x080061b8                HAL_UART_Init
 .text.HAL_UART_Transmit
                0x08006252      0x124 ./Drivers/STM32F4xx_HAL_Driver/Src/stm32f4xx_hal_uart.o
                0x08006252                HAL_UART_Transmit
 .text.HAL_UART_Receive_IT
                0x08006376       0x60 ./Drivers/STM32F4xx_HAL_Driver/Src/stm32f4xx_hal_uart.o
                0x08006376                HAL_UART_Receive_IT
 *fill*         0x080063d6        0x2 
 .text.HAL_UART_IRQHandler
                0x080063d8      0x51c ./Drivers/STM32F4xx_HAL_Driver/Src/stm32f4xx_hal_uart.o
                0x080063d8                HAL_UART_IRQHandler
 .text.HAL_UART_TxCpltCallback
                0x080068f4       0x14 ./Drivers/STM32F4xx_HAL_Driver/Src/stm32f4xx_hal_uart.o
                0x080068f4                HAL_UART_TxCpltCallback
 .text.HAL_UART_ErrorCallback
                0x08006908       0x14 ./Drivers/STM32F4xx_HAL_Driver/Src/stm32f4xx_hal_uart.o
                0x08006908                HAL_UART_ErrorCallback
 .text.HAL_UARTEx_RxEventCallback
                0x0800691c       0x18 ./Drivers/STM32F4xx_HAL_Driver/Src/stm32f4xx_hal_uart.o
                0x0800691c                HAL_UARTEx_RxEventCallback
 .text.UART_WaitOnFlagUntilTimeout
                0x08006934       0xdc ./Drivers/STM32F4xx_HAL_Driver/Src/stm32f4xx_hal_uart.o
 .text.UART_Start_Receive_IT
                0x08006a10       0x74 ./Drivers/STM32F4xx_HAL_Driver/Src/stm32f4xx_hal_uart.o
                0x08006a10                UART_Start_Receive_IT
 .text.UART_EndRxTransfer
                0x08006a84       0xc6 ./Drivers/STM32F4xx_HAL_Driver/Src/stm32f4xx_hal_uart.o
 .text.UART_DMAAbortOnError
                0x08006b4a       0x28 ./Drivers/STM32F4xx_HAL_Driver/Src/stm32f4xx_hal_uart.o
 .text.UART_Transmit_IT
                0x08006b72       0xa0 ./Drivers/STM32F4xx_HAL_Driver/Src/stm32f4xx_hal_uart.o
 .text.UART_EndTransmit_IT
                0x08006c12       0x30 ./Drivers/STM32F4xx_HAL_Driver/Src/stm32f4xx_hal_uart.o
 .text.UART_Receive_IT
                0x08006c42      0x176 ./Drivers/STM32F4xx_HAL_Driver/Src/stm32f4xx_hal_uart.o
 .text.UART_SetConfig
                0x08006db8      0x4e8 ./Drivers/STM32F4xx_HAL_Driver/Src/stm32f4xx_hal_uart.o
 .text.FSMC_NORSRAM_Init
                0x080072a0       0xa4 ./Drivers/STM32F4xx_HAL_Driver/Src/stm32f4xx_ll_fsmc.o
                0x080072a0                FSMC_NORSRAM_Init
 .text.FSMC_NORSRAM_Timing_Init
                0x08007344       0x7a ./Drivers/STM32F4xx_HAL_Driver/Src/stm32f4xx_ll_fsmc.o
                0x08007344                FSMC_NORSRAM_Timing_Init
 *fill*         0x080073be        0x2 
 .text.FSMC_NORSRAM_Extended_Timing_Init
                0x080073c0       0x80 ./Drivers/STM32F4xx_HAL_Driver/Src/stm32f4xx_ll_fsmc.o
                0x080073c0                FSMC_NORSRAM_Extended_Timing_Init
 .text.memset   0x08007440       0x10 D:/STM32CUBEIDE/STM32CubeIDE_1.16.0/STM32CubeIDE/plugins/com.st.stm32cube.ide.mcu.externaltools.gnu-tools-for-stm32.12.3.rel1.win32_1.0.200.202406191623/tools/bin/../lib/gcc/arm-none-eabi/12.3.1/../../../../arm-none-eabi/lib/thumb/v7e-m+fp/hard\libc_nano.a(libc_a-memset.o)
                0x08007440                memset
 .text.__libc_init_array
                0x08007450       0x48 D:/STM32CUBEIDE/STM32CubeIDE_1.16.0/STM32CubeIDE/plugins/com.st.stm32cube.ide.mcu.externaltools.gnu-tools-for-stm32.12.3.rel1.win32_1.0.200.202406191623/tools/bin/../lib/gcc/arm-none-eabi/12.3.1/../../../../arm-none-eabi/lib/thumb/v7e-m+fp/hard\libc_nano.a(libc_a-init.o)
                0x08007450                __libc_init_array
 *(.glue_7)
 .glue_7        0x08007498        0x0 linker stubs
 *(.glue_7t)
 .glue_7t       0x08007498        0x0 linker stubs
 *(.eh_frame)
 .eh_frame      0x08007498        0x0 D:/STM32CUBEIDE/STM32CubeIDE_1.16.0/STM32CubeIDE/plugins/com.st.stm32cube.ide.mcu.externaltools.gnu-tools-for-stm32.12.3.rel1.win32_1.0.200.202406191623/tools/bin/../lib/gcc/arm-none-eabi/12.3.1/thumb/v7e-m+fp/hard/crtbegin.o
 *(.init)
 .init          0x08007498        0x4 D:/STM32CUBEIDE/STM32CubeIDE_1.16.0/STM32CubeIDE/plugins/com.st.stm32cube.ide.mcu.externaltools.gnu-tools-for-stm32.12.3.rel1.win32_1.0.200.202406191623/tools/bin/../lib/gcc/arm-none-eabi/12.3.1/thumb/v7e-m+fp/hard/crti.o
                0x08007498                _init
 .init          0x0800749c        0x8 D:/STM32CUBEIDE/STM32CubeIDE_1.16.0/STM32CubeIDE/plugins/com.st.stm32cube.ide.mcu.externaltools.gnu-tools-for-stm32.12.3.rel1.win32_1.0.200.202406191623/tools/bin/../lib/gcc/arm-none-eabi/12.3.1/thumb/v7e-m+fp/hard/crtn.o
 *(.fini)
 .fini          0x080074a4        0x4 D:/STM32CUBEIDE/STM32CubeIDE_1.16.0/STM32CubeIDE/plugins/com.st.stm32cube.ide.mcu.externaltools.gnu-tools-for-stm32.12.3.rel1.win32_1.0.200.202406191623/tools/bin/../lib/gcc/arm-none-eabi/12.3.1/thumb/v7e-m+fp/hard/crti.o
                0x080074a4                _fini
 .fini          0x080074a8        0x8 D:/STM32CUBEIDE/STM32CubeIDE_1.16.0/STM32CubeIDE/plugins/com.st.stm32cube.ide.mcu.externaltools.gnu-tools-for-stm32.12.3.rel1.win32_1.0.200.202406191623/tools/bin/../lib/gcc/arm-none-eabi/12.3.1/thumb/v7e-m+fp/hard/crtn.o
                0x080074b0                        . = ALIGN (0x4)
                0x080074b0                        _etext = .

.vfp11_veneer   0x080074b0        0x0
 .vfp11_veneer  0x080074b0        0x0 linker stubs

.v4_bx          0x080074b0        0x0
 .v4_bx         0x080074b0        0x0 linker stubs

.iplt           0x080074b0        0x0
 .iplt          0x080074b0        0x0 D:/STM32CUBEIDE/STM32CubeIDE_1.16.0/STM32CubeIDE/plugins/com.st.stm32cube.ide.mcu.externaltools.gnu-tools-for-stm32.12.3.rel1.win32_1.0.200.202406191623/tools/bin/../lib/gcc/arm-none-eabi/12.3.1/thumb/v7e-m+fp/hard/crtbegin.o

.rodata         0x080074b0     0x3060
                0x080074b0                        . = ALIGN (0x4)
 *(.rodata)
 .rodata        0x080074b0       0xc7 ./Core/Src/main.o
 *(.rodata*)
 *fill*         0x08007577        0x1 
 .rodata.ascii_1608
                0x08007578      0x5f0 ./Core/Src/lcd.o
                0x08007578                ascii_1608
 .rodata.ascii_2412
                0x08007b68     0x11d0 ./Core/Src/lcd.o
                0x08007b68                ascii_2412
 .rodata.ascii_3216
                0x08008d38     0x17c0 ./Core/Src/lcd.o
                0x08008d38                ascii_3216
 .rodata.AHBPrescTable
                0x0800a4f8       0x10 ./Core/Src/system_stm32f4xx.o
                0x0800a4f8                AHBPrescTable
 .rodata.APBPrescTable
                0x0800a508        0x8 ./Core/Src/system_stm32f4xx.o
                0x0800a508                APBPrescTable
                0x0800a510                        . = ALIGN (0x4)

.ARM.extab      0x0800a510        0x0
                0x0800a510                        . = ALIGN (0x4)
 *(.ARM.extab* .gnu.linkonce.armextab.*)
                0x0800a510                        . = ALIGN (0x4)

.ARM            0x0800a510        0x8
                0x0800a510                        . = ALIGN (0x4)
                0x0800a510                        __exidx_start = .
 *(.ARM.exidx*)
 .ARM.exidx     0x0800a510        0x8 D:/STM32CUBEIDE/STM32CubeIDE_1.16.0/STM32CubeIDE/plugins/com.st.stm32cube.ide.mcu.externaltools.gnu-tools-for-stm32.12.3.rel1.win32_1.0.200.202406191623/tools/bin/../lib/gcc/arm-none-eabi/12.3.1/../../../../arm-none-eabi/lib/thumb/v7e-m+fp/hard\libc_nano.a(libc_a-strlen.o)
 .ARM.exidx     0x0800a518        0x0 D:/STM32CUBEIDE/STM32CubeIDE_1.16.0/STM32CubeIDE/plugins/com.st.stm32cube.ide.mcu.externaltools.gnu-tools-for-stm32.12.3.rel1.win32_1.0.200.202406191623/tools/bin/../lib/gcc/arm-none-eabi/12.3.1/thumb/v7e-m+fp/hard\libgcc.a(_udivmoddi4.o)
                                  0x8 (size before relaxing)
                0x0800a518                        __exidx_end = .
                0x0800a518                        . = ALIGN (0x4)

.rel.dyn        0x0800a518        0x0
 .rel.iplt      0x0800a518        0x0 D:/STM32CUBEIDE/STM32CubeIDE_1.16.0/STM32CubeIDE/plugins/com.st.stm32cube.ide.mcu.externaltools.gnu-tools-for-stm32.12.3.rel1.win32_1.0.200.202406191623/tools/bin/../lib/gcc/arm-none-eabi/12.3.1/thumb/v7e-m+fp/hard/crtbegin.o

.preinit_array  0x0800a518        0x0
                0x0800a518                        . = ALIGN (0x4)
                0x0800a518                        PROVIDE (__preinit_array_start = .)
 *(.preinit_array*)
                0x0800a518                        PROVIDE (__preinit_array_end = .)
                0x0800a518                        . = ALIGN (0x4)

.init_array     0x0800a518        0x4
                0x0800a518                        . = ALIGN (0x4)
                0x0800a518                        PROVIDE (__init_array_start = .)
 *(SORT_BY_NAME(.init_array.*))
 *(.init_array*)
 .init_array    0x0800a518        0x4 D:/STM32CUBEIDE/STM32CubeIDE_1.16.0/STM32CubeIDE/plugins/com.st.stm32cube.ide.mcu.externaltools.gnu-tools-for-stm32.12.3.rel1.win32_1.0.200.202406191623/tools/bin/../lib/gcc/arm-none-eabi/12.3.1/thumb/v7e-m+fp/hard/crtbegin.o
                0x0800a51c                        PROVIDE (__init_array_end = .)
                0x0800a51c                        . = ALIGN (0x4)

.fini_array     0x0800a51c        0x4
                0x0800a51c                        . = ALIGN (0x4)
                [!provide]                        PROVIDE (__fini_array_start = .)
 *(SORT_BY_NAME(.fini_array.*))
 *(.fini_array*)
 .fini_array    0x0800a51c        0x4 D:/STM32CUBEIDE/STM32CubeIDE_1.16.0/STM32CubeIDE/plugins/com.st.stm32cube.ide.mcu.externaltools.gnu-tools-for-stm32.12.3.rel1.win32_1.0.200.202406191623/tools/bin/../lib/gcc/arm-none-eabi/12.3.1/thumb/v7e-m+fp/hard/crtbegin.o
                [!provide]                        PROVIDE (__fini_array_end = .)
                0x0800a520                        . = ALIGN (0x4)
                0x0800a520                        _sidata = LOADADDR (.data)

.data           0x20000000       0x18 load address 0x0800a520
                0x20000000                        . = ALIGN (0x4)
                0x20000000                        _sdata = .
 *(.data)
 *(.data*)
 .data.led7seg  0x20000000        0x4 ./Core/Src/led_7seg.o
                0x20000000                led7seg
 .data.spi_buffer
                0x20000004        0x2 ./Core/Src/led_7seg.o
                0x20000004                spi_buffer
 .data.timeout_counter
                0x20000006        0x2 ./Core/Src/main.o
                0x20000006                timeout_counter
 .data.alarm_active
                0x20000008        0x1 ./Core/Src/main.o
 *fill*         0x20000009        0x3 
 .data.SystemCoreClock
                0x2000000c        0x4 ./Core/Src/system_stm32f4xx.o
                0x2000000c                SystemCoreClock
 .data.uwTickPrio
                0x20000010        0x4 ./Drivers/STM32F4xx_HAL_Driver/Src/stm32f4xx_hal.o
                0x20000010                uwTickPrio
 .data.uwTickFreq
                0x20000014        0x1 ./Drivers/STM32F4xx_HAL_Driver/Src/stm32f4xx_hal.o
                0x20000014                uwTickFreq
 *(.RamFunc)
 *(.RamFunc*)
                0x20000018                        . = ALIGN (0x4)
 *fill*         0x20000015        0x3 
                0x20000018                        _edata = .
                0x0800a538                        _siccmram = LOADADDR (.ccmram)

.igot.plt       0x20000018        0x0 load address 0x0800a538
 .igot.plt      0x20000018        0x0 D:/STM32CUBEIDE/STM32CubeIDE_1.16.0/STM32CubeIDE/plugins/com.st.stm32cube.ide.mcu.externaltools.gnu-tools-for-stm32.12.3.rel1.win32_1.0.200.202406191623/tools/bin/../lib/gcc/arm-none-eabi/12.3.1/thumb/v7e-m+fp/hard/crtbegin.o

.ccmram         0x10000000        0x0 load address 0x0800a538
                0x10000000                        . = ALIGN (0x4)
                0x10000000                        _sccmram = .
 *(.ccmram)
 *(.ccmram*)
                0x10000000                        . = ALIGN (0x4)
                0x10000000                        _eccmram = .
                0x10000000                        . = ALIGN (0x4)

.bss            0x20000018      0x218
                0x20000018                        _sbss = .
                0x20000018                        __bss_start__ = _sbss
 *(.bss)
 .bss           0x20000018       0x1c D:/STM32CUBEIDE/STM32CubeIDE_1.16.0/STM32CubeIDE/plugins/com.st.stm32cube.ide.mcu.externaltools.gnu-tools-for-stm32.12.3.rel1.win32_1.0.200.202406191623/tools/bin/../lib/gcc/arm-none-eabi/12.3.1/thumb/v7e-m+fp/hard/crtbegin.o
 *(.bss*)
 .bss.button_count
                0x20000034       0x20 ./Core/Src/button.o
                0x20000034                button_count
 .bss.spi_button
                0x20000054        0x2 ./Core/Src/button.o
                0x20000054                spi_button
 *fill*         0x20000056        0x2 
 .bss.ds3231_buffer
                0x20000058        0x7 ./Core/Src/ds3231.o
                0x20000058                ds3231_buffer
 .bss.ds3231_hours
                0x2000005f        0x1 ./Core/Src/ds3231.o
                0x2000005f                ds3231_hours
 .bss.ds3231_min
                0x20000060        0x1 ./Core/Src/ds3231.o
                0x20000060                ds3231_min
 .bss.ds3231_sec
                0x20000061        0x1 ./Core/Src/ds3231.o
                0x20000061                ds3231_sec
 .bss.ds3231_date
                0x20000062        0x1 ./Core/Src/ds3231.o
                0x20000062                ds3231_date
 .bss.ds3231_day
                0x20000063        0x1 ./Core/Src/ds3231.o
                0x20000063                ds3231_day
 .bss.ds3231_month
                0x20000064        0x1 ./Core/Src/ds3231.o
                0x20000064                ds3231_month
 .bss.ds3231_year
                0x20000065        0x1 ./Core/Src/ds3231.o
                0x20000065                ds3231_year
 *fill*         0x20000066        0x2 
 .bss.hsram1    0x20000068       0x50 ./Core/Src/fsmc.o
                0x20000068                hsram1
 .bss.FSMC_Initialized
                0x200000b8        0x4 ./Core/Src/fsmc.o
 .bss.hi2c1     0x200000bc       0x54 ./Core/Src/i2c.o
                0x200000bc                hi2c1
 .bss.lcddev    0x20000110        0x6 ./Core/Src/lcd.o
                0x20000110                lcddev
 *fill*         0x20000116        0x2 
 .bss.led7_index
                0x20000118        0x4 ./Core/Src/led_7seg.o
                0x20000118                led7_index
 .bss.counter_blink
                0x2000011c        0x1 ./Core/Src/main.o
                0x2000011c                counter_blink
 .bss.blink_flag
                0x2000011d        0x1 ./Core/Src/main.o
                0x2000011d                blink_flag
 *fill*         0x2000011e        0x2 
 .bss.ring_buffer
                0x20000120        0xa ./Core/Src/main.o
                0x20000120                ring_buffer
 .bss.head      0x2000012a        0x2 ./Core/Src/main.o
                0x2000012a                head
 .bss.tail      0x2000012c        0x2 ./Core/Src/main.o
                0x2000012c                tail
 .bss.data_available_flag
                0x2000012e        0x1 ./Core/Src/main.o
                0x2000012e                data_available_flag
 .bss.current_mode
                0x2000012f        0x1 ./Core/Src/main.o
                0x2000012f                current_mode
 .bss.adjust_part
                0x20000130        0x1 ./Core/Src/main.o
                0x20000130                adjust_part
 .bss.alarm_hours
                0x20000131        0x1 ./Core/Src/main.o
                0x20000131                alarm_hours
 .bss.alarm_minutes
                0x20000132        0x1 ./Core/Src/main.o
                0x20000132                alarm_minutes
 .bss.request_RS232_count
                0x20000133        0x1 ./Core/Src/main.o
                0x20000133                request_RS232_count
 .bss.attempt_count
                0x20000134        0x1 ./Core/Src/main.o
                0x20000134                attempt_count
 .bss.temp_value
                0x20000135        0x1 ./Core/Src/main.o
                0x20000135                temp_value
 .bss.digit_count
                0x20000136        0x1 ./Core/Src/main.o
                0x20000136                digit_count
 .bss.request_sent
                0x20000137        0x1 ./Core/Src/main.o
                0x20000137                request_sent
 .bss.error_display_counter
                0x20000138        0x1 ./Core/Src/main.o
                0x20000138                error_display_counter
 .bss.in_error_display
                0x20000139        0x1 ./Core/Src/main.o
                0x20000139                in_error_display
 .bss.flash_counter
                0x2000013a        0x1 ./Core/Src/main.o
                0x2000013a                flash_counter
 *fill*         0x2000013b        0x1 
 .bss.flag_timer2
                0x2000013c        0x2 ./Core/Src/software_timer.o
                0x2000013c                flag_timer2
 .bss.timer2_counter
                0x2000013e        0x2 ./Core/Src/software_timer.o
                0x2000013e                timer2_counter
 .bss.timer2_MUL
                0x20000140        0x2 ./Core/Src/software_timer.o
                0x20000140                timer2_MUL
 *fill*         0x20000142        0x2 
 .bss.hspi1     0x20000144       0x58 ./Core/Src/spi.o
                0x20000144                hspi1
 .bss.htim2     0x2000019c       0x48 ./Core/Src/tim.o
                0x2000019c                htim2
 .bss.receive_buffer1
                0x200001e4        0x1 ./Core/Src/uart.o
                0x200001e4                receive_buffer1
 *fill*         0x200001e5        0x3 
 .bss.huart1    0x200001e8       0x44 ./Core/Src/usart.o
                0x200001e8                huart1
 .bss.uwTick    0x2000022c        0x4 ./Drivers/STM32F4xx_HAL_Driver/Src/stm32f4xx_hal.o
                0x2000022c                uwTick
 *(COMMON)
                0x20000230                        . = ALIGN (0x4)
                0x20000230                        _ebss = .
                0x20000230                        __bss_end__ = _ebss

._user_heap_stack
                0x20000230      0x600
                0x20000230                        . = ALIGN (0x8)
                [!provide]                        PROVIDE (end = .)
                0x20000230                        PROVIDE (_end = .)
                0x20000430                        . = (. + _Min_Heap_Size)
 *fill*         0x20000230      0x200 
                0x20000830                        . = (. + _Min_Stack_Size)
 *fill*         0x20000430      0x400 
                0x20000830                        . = ALIGN (0x8)

/DISCARD/
 libc.a(*)
 libm.a(*)
 libgcc.a(*)

.ARM.attributes
                0x00000000       0x30
 *(.ARM.attributes)
 .ARM.attributes
                0x00000000       0x22 D:/STM32CUBEIDE/STM32CubeIDE_1.16.0/STM32CubeIDE/plugins/com.st.stm32cube.ide.mcu.externaltools.gnu-tools-for-stm32.12.3.rel1.win32_1.0.200.202406191623/tools/bin/../lib/gcc/arm-none-eabi/12.3.1/thumb/v7e-m+fp/hard/crti.o
 .ARM.attributes
                0x00000022       0x34 D:/STM32CUBEIDE/STM32CubeIDE_1.16.0/STM32CubeIDE/plugins/com.st.stm32cube.ide.mcu.externaltools.gnu-tools-for-stm32.12.3.rel1.win32_1.0.200.202406191623/tools/bin/../lib/gcc/arm-none-eabi/12.3.1/thumb/v7e-m+fp/hard/crtbegin.o
 .ARM.attributes
                0x00000056       0x34 ./Core/Src/button.o
 .ARM.attributes
                0x0000008a       0x34 ./Core/Src/ds3231.o
 .ARM.attributes
                0x000000be       0x34 ./Core/Src/fsmc.o
 .ARM.attributes
                0x000000f2       0x34 ./Core/Src/gpio.o
 .ARM.attributes
                0x00000126       0x34 ./Core/Src/i2c.o
 .ARM.attributes
                0x0000015a       0x34 ./Core/Src/lcd.o
 .ARM.attributes
                0x0000018e       0x34 ./Core/Src/led_7seg.o
 .ARM.attributes
                0x000001c2       0x34 ./Core/Src/main.o
 .ARM.attributes
                0x000001f6       0x34 ./Core/Src/software_timer.o
 .ARM.attributes
                0x0000022a       0x34 ./Core/Src/spi.o
 .ARM.attributes
                0x0000025e       0x34 ./Core/Src/stm32f4xx_hal_msp.o
 .ARM.attributes
                0x00000292       0x34 ./Core/Src/stm32f4xx_it.o
 .ARM.attributes
                0x000002c6       0x34 ./Core/Src/system_stm32f4xx.o
 .ARM.attributes
                0x000002fa       0x34 ./Core/Src/tim.o
 .ARM.attributes
                0x0000032e       0x34 ./Core/Src/uart.o
 .ARM.attributes
                0x00000362       0x34 ./Core/Src/usart.o
 .ARM.attributes
                0x00000396       0x34 ./Core/Src/utils.o
 .ARM.attributes
                0x000003ca       0x21 ./Core/Startup/startup_stm32f407zetx.o
 .ARM.attributes
                0x000003eb       0x34 ./Drivers/STM32F4xx_HAL_Driver/Src/stm32f4xx_hal.o
 .ARM.attributes
                0x0000041f       0x34 ./Drivers/STM32F4xx_HAL_Driver/Src/stm32f4xx_hal_cortex.o
 .ARM.attributes
                0x00000453       0x34 ./Drivers/STM32F4xx_HAL_Driver/Src/stm32f4xx_hal_dma.o
 .ARM.attributes
                0x00000487       0x34 ./Drivers/STM32F4xx_HAL_Driver/Src/stm32f4xx_hal_gpio.o
 .ARM.attributes
                0x000004bb       0x34 ./Drivers/STM32F4xx_HAL_Driver/Src/stm32f4xx_hal_i2c.o
 .ARM.attributes
                0x000004ef       0x34 ./Drivers/STM32F4xx_HAL_Driver/Src/stm32f4xx_hal_rcc.o
 .ARM.attributes
                0x00000523       0x34 ./Drivers/STM32F4xx_HAL_Driver/Src/stm32f4xx_hal_spi.o
 .ARM.attributes
                0x00000557       0x34 ./Drivers/STM32F4xx_HAL_Driver/Src/stm32f4xx_hal_sram.o
 .ARM.attributes
                0x0000058b       0x34 ./Drivers/STM32F4xx_HAL_Driver/Src/stm32f4xx_hal_tim.o
 .ARM.attributes
                0x000005bf       0x34 ./Drivers/STM32F4xx_HAL_Driver/Src/stm32f4xx_hal_tim_ex.o
 .ARM.attributes
                0x000005f3       0x34 ./Drivers/STM32F4xx_HAL_Driver/Src/stm32f4xx_hal_uart.o
 .ARM.attributes
                0x00000627       0x34 ./Drivers/STM32F4xx_HAL_Driver/Src/stm32f4xx_ll_fsmc.o
 .ARM.attributes
                0x0000065b       0x34 D:/STM32CUBEIDE/STM32CubeIDE_1.16.0/STM32CubeIDE/plugins/com.st.stm32cube.ide.mcu.externaltools.gnu-tools-for-stm32.12.3.rel1.win32_1.0.200.202406191623/tools/bin/../lib/gcc/arm-none-eabi/12.3.1/../../../../arm-none-eabi/lib/thumb/v7e-m+fp/hard\libc_nano.a(libc_a-memset.o)
 .ARM.attributes
                0x0000068f       0x34 D:/STM32CUBEIDE/STM32CubeIDE_1.16.0/STM32CubeIDE/plugins/com.st.stm32cube.ide.mcu.externaltools.gnu-tools-for-stm32.12.3.rel1.win32_1.0.200.202406191623/tools/bin/../lib/gcc/arm-none-eabi/12.3.1/../../../../arm-none-eabi/lib/thumb/v7e-m+fp/hard\libc_nano.a(libc_a-init.o)
 .ARM.attributes
                0x000006c3       0x17 D:/STM32CUBEIDE/STM32CubeIDE_1.16.0/STM32CubeIDE/plugins/com.st.stm32cube.ide.mcu.externaltools.gnu-tools-for-stm32.12.3.rel1.win32_1.0.200.202406191623/tools/bin/../lib/gcc/arm-none-eabi/12.3.1/../../../../arm-none-eabi/lib/thumb/v7e-m+fp/hard\libc_nano.a(libc_a-strlen.o)
 .ARM.attributes
                0x000006da       0x22 D:/STM32CUBEIDE/STM32CubeIDE_1.16.0/STM32CubeIDE/plugins/com.st.stm32cube.ide.mcu.externaltools.gnu-tools-for-stm32.12.3.rel1.win32_1.0.200.202406191623/tools/bin/../lib/gcc/arm-none-eabi/12.3.1/thumb/v7e-m+fp/hard\libgcc.a(_aeabi_uldivmod.o)
 .ARM.attributes
                0x000006fc       0x34 D:/STM32CUBEIDE/STM32CubeIDE_1.16.0/STM32CubeIDE/plugins/com.st.stm32cube.ide.mcu.externaltools.gnu-tools-for-stm32.12.3.rel1.win32_1.0.200.202406191623/tools/bin/../lib/gcc/arm-none-eabi/12.3.1/thumb/v7e-m+fp/hard\libgcc.a(_udivmoddi4.o)
 .ARM.attributes
                0x00000730       0x22 D:/STM32CUBEIDE/STM32CubeIDE_1.16.0/STM32CubeIDE/plugins/com.st.stm32cube.ide.mcu.externaltools.gnu-tools-for-stm32.12.3.rel1.win32_1.0.200.202406191623/tools/bin/../lib/gcc/arm-none-eabi/12.3.1/thumb/v7e-m+fp/hard\libgcc.a(_dvmd_tls.o)
 .ARM.attributes
                0x00000752       0x22 D:/STM32CUBEIDE/STM32CubeIDE_1.16.0/STM32CubeIDE/plugins/com.st.stm32cube.ide.mcu.externaltools.gnu-tools-for-stm32.12.3.rel1.win32_1.0.200.202406191623/tools/bin/../lib/gcc/arm-none-eabi/12.3.1/thumb/v7e-m+fp/hard/crtn.o
OUTPUT(Bai5_UART.elf elf32-littlearm)
LOAD linker stubs
LOAD D:/STM32CUBEIDE/STM32CubeIDE_1.16.0/STM32CubeIDE/plugins/com.st.stm32cube.ide.mcu.externaltools.gnu-tools-for-stm32.12.3.rel1.win32_1.0.200.202406191623/tools/bin/../lib/gcc/arm-none-eabi/12.3.1/../../../../arm-none-eabi/lib/thumb/v7e-m+fp/hard\libc.a
LOAD D:/STM32CUBEIDE/STM32CubeIDE_1.16.0/STM32CubeIDE/plugins/com.st.stm32cube.ide.mcu.externaltools.gnu-tools-for-stm32.12.3.rel1.win32_1.0.200.202406191623/tools/bin/../lib/gcc/arm-none-eabi/12.3.1/../../../../arm-none-eabi/lib/thumb/v7e-m+fp/hard\libm.a
LOAD D:/STM32CUBEIDE/STM32CubeIDE_1.16.0/STM32CubeIDE/plugins/com.st.stm32cube.ide.mcu.externaltools.gnu-tools-for-stm32.12.3.rel1.win32_1.0.200.202406191623/tools/bin/../lib/gcc/arm-none-eabi/12.3.1/thumb/v7e-m+fp/hard\libgcc.a

.debug_info     0x00000000    0x1789c
 .debug_info    0x00000000      0x76e ./Core/Src/button.o
 .debug_info    0x0000076e      0x7d5 ./Core/Src/ds3231.o
 .debug_info    0x00000f43      0x99a ./Core/Src/fsmc.o
 .debug_info    0x000018dd      0x45d ./Core/Src/gpio.o
 .debug_info    0x00001d3a      0x968 ./Core/Src/i2c.o
 .debug_info    0x000026a2      0xe15 ./Core/Src/lcd.o
 .debug_info    0x000034b7      0x803 ./Core/Src/led_7seg.o
 .debug_info    0x00003cba      0xf60 ./Core/Src/main.o
 .debug_info    0x00004c1a      0x744 ./Core/Src/software_timer.o
 .debug_info    0x0000535e      0x943 ./Core/Src/spi.o
 .debug_info    0x00005ca1      0x269 ./Core/Src/stm32f4xx_hal_msp.o
 .debug_info    0x00005f0a      0x963 ./Core/Src/stm32f4xx_it.o
 .debug_info    0x0000686d      0x512 ./Core/Src/system_stm32f4xx.o
 .debug_info    0x00006d7f      0xbf9 ./Core/Src/tim.o
 .debug_info    0x00007978      0x79a ./Core/Src/uart.o
 .debug_info    0x00008112      0xb65 ./Core/Src/usart.o
 .debug_info    0x00008c77       0xd5 ./Core/Src/utils.o
 .debug_info    0x00008d4c       0x30 ./Core/Startup/startup_stm32f407zetx.o
 .debug_info    0x00008d7c      0x948 ./Drivers/STM32F4xx_HAL_Driver/Src/stm32f4xx_hal.o
 .debug_info    0x000096c4      0xd46 ./Drivers/STM32F4xx_HAL_Driver/Src/stm32f4xx_hal_cortex.o
 .debug_info    0x0000a40a      0x8e7 ./Drivers/STM32F4xx_HAL_Driver/Src/stm32f4xx_hal_dma.o
 .debug_info    0x0000acf1      0x6c3 ./Drivers/STM32F4xx_HAL_Driver/Src/stm32f4xx_hal_gpio.o
 .debug_info    0x0000b3b4     0x23e1 ./Drivers/STM32F4xx_HAL_Driver/Src/stm32f4xx_hal_i2c.o
 .debug_info    0x0000d795      0x8b1 ./Drivers/STM32F4xx_HAL_Driver/Src/stm32f4xx_hal_rcc.o
 .debug_info    0x0000e046     0x15fb ./Drivers/STM32F4xx_HAL_Driver/Src/stm32f4xx_hal_spi.o
 .debug_info    0x0000f641      0xb3e ./Drivers/STM32F4xx_HAL_Driver/Src/stm32f4xx_hal_sram.o
 .debug_info    0x0001017f     0x2949 ./Drivers/STM32F4xx_HAL_Driver/Src/stm32f4xx_hal_tim.o
 .debug_info    0x00012ac8     0x14ae ./Drivers/STM32F4xx_HAL_Driver/Src/stm32f4xx_hal_tim_ex.o
 .debug_info    0x00013f76     0x2f9a ./Drivers/STM32F4xx_HAL_Driver/Src/stm32f4xx_hal_uart.o
 .debug_info    0x00016f10      0x98c ./Drivers/STM32F4xx_HAL_Driver/Src/stm32f4xx_ll_fsmc.o

.debug_abbrev   0x00000000     0x3c4d
 .debug_abbrev  0x00000000      0x1dd ./Core/Src/button.o
 .debug_abbrev  0x000001dd      0x1cf ./Core/Src/ds3231.o
 .debug_abbrev  0x000003ac      0x215 ./Core/Src/fsmc.o
 .debug_abbrev  0x000005c1      0x152 ./Core/Src/gpio.o
 .debug_abbrev  0x00000713      0x1f1 ./Core/Src/i2c.o
 .debug_abbrev  0x00000904      0x32a ./Core/Src/lcd.o
 .debug_abbrev  0x00000c2e      0x1cc ./Core/Src/led_7seg.o
 .debug_abbrev  0x00000dfa      0x2fd ./Core/Src/main.o
 .debug_abbrev  0x000010f7      0x202 ./Core/Src/software_timer.o
 .debug_abbrev  0x000012f9      0x1f3 ./Core/Src/spi.o
 .debug_abbrev  0x000014ec       0xd8 ./Core/Src/stm32f4xx_hal_msp.o
 .debug_abbrev  0x000015c4      0x195 ./Core/Src/stm32f4xx_it.o
 .debug_abbrev  0x00001759      0x11a ./Core/Src/system_stm32f4xx.o
 .debug_abbrev  0x00001873      0x1f0 ./Core/Src/tim.o
 .debug_abbrev  0x00001a63      0x232 ./Core/Src/uart.o
 .debug_abbrev  0x00001c95      0x211 ./Core/Src/usart.o
 .debug_abbrev  0x00001ea6       0x86 ./Core/Src/utils.o
 .debug_abbrev  0x00001f2c       0x24 ./Core/Startup/startup_stm32f407zetx.o
 .debug_abbrev  0x00001f50      0x213 ./Drivers/STM32F4xx_HAL_Driver/Src/stm32f4xx_hal.o
 .debug_abbrev  0x00002163      0x327 ./Drivers/STM32F4xx_HAL_Driver/Src/stm32f4xx_hal_cortex.o
 .debug_abbrev  0x0000248a      0x264 ./Drivers/STM32F4xx_HAL_Driver/Src/stm32f4xx_hal_dma.o
 .debug_abbrev  0x000026ee      0x1d4 ./Drivers/STM32F4xx_HAL_Driver/Src/stm32f4xx_hal_gpio.o
 .debug_abbrev  0x000028c2      0x2ad ./Drivers/STM32F4xx_HAL_Driver/Src/stm32f4xx_hal_i2c.o
 .debug_abbrev  0x00002b6f      0x2b6 ./Drivers/STM32F4xx_HAL_Driver/Src/stm32f4xx_hal_rcc.o
 .debug_abbrev  0x00002e25      0x284 ./Drivers/STM32F4xx_HAL_Driver/Src/stm32f4xx_hal_spi.o
 .debug_abbrev  0x000030a9      0x208 ./Drivers/STM32F4xx_HAL_Driver/Src/stm32f4xx_hal_sram.o
 .debug_abbrev  0x000032b1      0x271 ./Drivers/STM32F4xx_HAL_Driver/Src/stm32f4xx_hal_tim.o
 .debug_abbrev  0x00003522      0x27c ./Drivers/STM32F4xx_HAL_Driver/Src/stm32f4xx_hal_tim_ex.o
 .debug_abbrev  0x0000379e      0x307 ./Drivers/STM32F4xx_HAL_Driver/Src/stm32f4xx_hal_uart.o
 .debug_abbrev  0x00003aa5      0x1a8 ./Drivers/STM32F4xx_HAL_Driver/Src/stm32f4xx_ll_fsmc.o

.debug_aranges  0x00000000     0x1538
 .debug_aranges
                0x00000000       0x28 ./Core/Src/button.o
 .debug_aranges
                0x00000028       0x30 ./Core/Src/ds3231.o
 .debug_aranges
                0x00000058       0x40 ./Core/Src/fsmc.o
 .debug_aranges
                0x00000098       0x20 ./Core/Src/gpio.o
 .debug_aranges
                0x000000b8       0x30 ./Core/Src/i2c.o
 .debug_aranges
                0x000000e8       0xe8 ./Core/Src/lcd.o
 .debug_aranges
                0x000001d0       0x48 ./Core/Src/led_7seg.o
 .debug_aranges
                0x00000218       0xa8 ./Core/Src/main.o
 .debug_aranges
                0x000002c0       0x30 ./Core/Src/software_timer.o
 .debug_aranges
                0x000002f0       0x30 ./Core/Src/spi.o
 .debug_aranges
                0x00000320       0x20 ./Core/Src/stm32f4xx_hal_msp.o
 .debug_aranges
                0x00000340       0x70 ./Core/Src/stm32f4xx_it.o
 .debug_aranges
                0x000003b0       0x28 ./Core/Src/system_stm32f4xx.o
 .debug_aranges
                0x000003d8       0x30 ./Core/Src/tim.o
 .debug_aranges
                0x00000408       0x48 ./Core/Src/uart.o
 .debug_aranges
                0x00000450       0x30 ./Core/Src/usart.o
 .debug_aranges
                0x00000480       0x28 ./Core/Src/utils.o
 .debug_aranges
                0x000004a8       0x28 ./Core/Startup/startup_stm32f407zetx.o
 .debug_aranges
                0x000004d0       0xf0 ./Drivers/STM32F4xx_HAL_Driver/Src/stm32f4xx_hal.o
 .debug_aranges
                0x000005c0      0x118 ./Drivers/STM32F4xx_HAL_Driver/Src/stm32f4xx_hal_cortex.o
 .debug_aranges
                0x000006d8       0x90 ./Drivers/STM32F4xx_HAL_Driver/Src/stm32f4xx_hal_dma.o
 .debug_aranges
                0x00000768       0x58 ./Drivers/STM32F4xx_HAL_Driver/Src/stm32f4xx_hal_gpio.o
 .debug_aranges
                0x000007c0      0x2a0 ./Drivers/STM32F4xx_HAL_Driver/Src/stm32f4xx_hal_i2c.o
 .debug_aranges
                0x00000a60       0x88 ./Drivers/STM32F4xx_HAL_Driver/Src/stm32f4xx_hal_rcc.o
 .debug_aranges
                0x00000ae8      0x1d0 ./Drivers/STM32F4xx_HAL_Driver/Src/stm32f4xx_hal_spi.o
 .debug_aranges
                0x00000cb8       0xa0 ./Drivers/STM32F4xx_HAL_Driver/Src/stm32f4xx_hal_sram.o
 .debug_aranges
                0x00000d58      0x3d0 ./Drivers/STM32F4xx_HAL_Driver/Src/stm32f4xx_hal_tim.o
 .debug_aranges
                0x00001128      0x168 ./Drivers/STM32F4xx_HAL_Driver/Src/stm32f4xx_hal_tim_ex.o
 .debug_aranges
                0x00001290      0x200 ./Drivers/STM32F4xx_HAL_Driver/Src/stm32f4xx_hal_uart.o
 .debug_aranges
                0x00001490       0xa8 ./Drivers/STM32F4xx_HAL_Driver/Src/stm32f4xx_ll_fsmc.o

.debug_rnglists
                0x00000000     0x108d
 .debug_rnglists
                0x00000000       0x1a ./Core/Src/button.o
 .debug_rnglists
                0x0000001a       0x21 ./Core/Src/ds3231.o
 .debug_rnglists
                0x0000003b       0x2d ./Core/Src/fsmc.o
 .debug_rnglists
                0x00000068       0x14 ./Core/Src/gpio.o
 .debug_rnglists
                0x0000007c       0x20 ./Core/Src/i2c.o
 .debug_rnglists
                0x0000009c       0xb5 ./Core/Src/lcd.o
 .debug_rnglists
                0x00000151       0x32 ./Core/Src/led_7seg.o
 .debug_rnglists
                0x00000183       0x81 ./Core/Src/main.o
 .debug_rnglists
                0x00000204       0x1f ./Core/Src/software_timer.o
 .debug_rnglists
                0x00000223       0x20 ./Core/Src/spi.o
 .debug_rnglists
                0x00000243       0x13 ./Core/Src/stm32f4xx_hal_msp.o
 .debug_rnglists
                0x00000256       0x4f ./Core/Src/stm32f4xx_it.o
 .debug_rnglists
                0x000002a5       0x1a ./Core/Src/system_stm32f4xx.o
 .debug_rnglists
                0x000002bf       0x20 ./Core/Src/tim.o
 .debug_rnglists
                0x000002df       0x33 ./Core/Src/uart.o
 .debug_rnglists
                0x00000312       0x20 ./Core/Src/usart.o
 .debug_rnglists
                0x00000332       0x19 ./Core/Src/utils.o
 .debug_rnglists
                0x0000034b       0x19 ./Core/Startup/startup_stm32f407zetx.o
 .debug_rnglists
                0x00000364       0xaf ./Drivers/STM32F4xx_HAL_Driver/Src/stm32f4xx_hal.o
 .debug_rnglists
                0x00000413       0xce ./Drivers/STM32F4xx_HAL_Driver/Src/stm32f4xx_hal_cortex.o
 .debug_rnglists
                0x000004e1       0x70 ./Drivers/STM32F4xx_HAL_Driver/Src/stm32f4xx_hal_dma.o
 .debug_rnglists
                0x00000551       0x3f ./Drivers/STM32F4xx_HAL_Driver/Src/stm32f4xx_hal_gpio.o
 .debug_rnglists
                0x00000590      0x23f ./Drivers/STM32F4xx_HAL_Driver/Src/stm32f4xx_hal_i2c.o
 .debug_rnglists
                0x000007cf       0x66 ./Drivers/STM32F4xx_HAL_Driver/Src/stm32f4xx_hal_rcc.o
 .debug_rnglists
                0x00000835      0x16f ./Drivers/STM32F4xx_HAL_Driver/Src/stm32f4xx_hal_spi.o
 .debug_rnglists
                0x000009a4       0x76 ./Drivers/STM32F4xx_HAL_Driver/Src/stm32f4xx_hal_sram.o
 .debug_rnglists
                0x00000a1a      0x31a ./Drivers/STM32F4xx_HAL_Driver/Src/stm32f4xx_hal_tim.o
 .debug_rnglists
                0x00000d34      0x125 ./Drivers/STM32F4xx_HAL_Driver/Src/stm32f4xx_hal_tim_ex.o
 .debug_rnglists
                0x00000e59      0x1b7 ./Drivers/STM32F4xx_HAL_Driver/Src/stm32f4xx_hal_uart.o
 .debug_rnglists
                0x00001010       0x7d ./Drivers/STM32F4xx_HAL_Driver/Src/stm32f4xx_ll_fsmc.o

.debug_macro    0x00000000    0x2410c
 .debug_macro   0x00000000      0x23a ./Core/Src/button.o
 .debug_macro   0x0000023a      0xab4 ./Core/Src/button.o
 .debug_macro   0x00000cee      0x2ad ./Core/Src/button.o
 .debug_macro   0x00000f9b       0x2e ./Core/Src/button.o
 .debug_macro   0x00000fc9       0x2f ./Core/Src/button.o
 .debug_macro   0x00000ff8       0x22 ./Core/Src/button.o
 .debug_macro   0x0000101a       0x8e ./Core/Src/button.o
 .debug_macro   0x000010a8       0x51 ./Core/Src/button.o
 .debug_macro   0x000010f9      0x103 ./Core/Src/button.o
 .debug_macro   0x000011fc       0x6a ./Core/Src/button.o
 .debug_macro   0x00001266      0x1df ./Core/Src/button.o
 .debug_macro   0x00001445       0x1c ./Core/Src/button.o
 .debug_macro   0x00001461       0x22 ./Core/Src/button.o
 .debug_macro   0x00001483       0xd9 ./Core/Src/button.o
 .debug_macro   0x0000155c     0x102d ./Core/Src/button.o
 .debug_macro   0x00002589      0x11f ./Core/Src/button.o
 .debug_macro   0x000026a8    0x15e58 ./Core/Src/button.o
 .debug_macro   0x00018500       0x6d ./Core/Src/button.o
 .debug_macro   0x0001856d     0x3666 ./Core/Src/button.o
 .debug_macro   0x0001bbd3      0x189 ./Core/Src/button.o
 .debug_macro   0x0001bd5c       0x5c ./Core/Src/button.o
 .debug_macro   0x0001bdb8      0x96b ./Core/Src/button.o
 .debug_macro   0x0001c723      0x9fe ./Core/Src/button.o
 .debug_macro   0x0001d121      0x116 ./Core/Src/button.o
 .debug_macro   0x0001d237      0x13e ./Core/Src/button.o
 .debug_macro   0x0001d375       0xa5 ./Core/Src/button.o
 .debug_macro   0x0001d41a      0x174 ./Core/Src/button.o
 .debug_macro   0x0001d58e      0x287 ./Core/Src/button.o
 .debug_macro   0x0001d815       0x5f ./Core/Src/button.o
 .debug_macro   0x0001d874      0x236 ./Core/Src/button.o
 .debug_macro   0x0001daaa      0x12c ./Core/Src/button.o
 .debug_macro   0x0001dbd6      0x21e ./Core/Src/button.o
 .debug_macro   0x0001ddf4       0x2e ./Core/Src/button.o
 .debug_macro   0x0001de22      0x543 ./Core/Src/button.o
 .debug_macro   0x0001e365      0x1b5 ./Core/Src/button.o
 .debug_macro   0x0001e51a       0xd6 ./Core/Src/button.o
 .debug_macro   0x0001e5f0      0x11a ./Core/Src/button.o
 .debug_macro   0x0001e70a       0x7e ./Core/Src/button.o
 .debug_macro   0x0001e788       0x89 ./Core/Src/button.o
 .debug_macro   0x0001e811      0x225 ./Core/Src/button.o
 .debug_macro   0x0001ea36      0x8d1 ./Core/Src/button.o
 .debug_macro   0x0001f307       0x47 ./Core/Src/button.o
 .debug_macro   0x0001f34e      0x295 ./Core/Src/button.o
 .debug_macro   0x0001f5e3      0x12d ./Core/Src/button.o
 .debug_macro   0x0001f710       0x88 ./Core/Src/button.o
 .debug_macro   0x0001f798      0x245 ./Core/Src/ds3231.o
 .debug_macro   0x0001f9dd       0x2e ./Core/Src/ds3231.o
 .debug_macro   0x0001fa0b      0x226 ./Core/Src/fsmc.o
 .debug_macro   0x0001fc31      0x226 ./Core/Src/gpio.o
 .debug_macro   0x0001fe57      0x226 ./Core/Src/i2c.o
 .debug_macro   0x0002007d      0x33b ./Core/Src/lcd.o
 .debug_macro   0x000203b8       0x2a ./Core/Src/lcd.o
 .debug_macro   0x000203e2       0x61 ./Core/Src/lcd.o
 .debug_macro   0x00020443       0x43 ./Core/Src/lcd.o
 .debug_macro   0x00020486       0x34 ./Core/Src/lcd.o
 .debug_macro   0x000204ba       0x16 ./Core/Src/lcd.o
 .debug_macro   0x000204d0       0x35 ./Core/Src/lcd.o
 .debug_macro   0x00020505       0x16 ./Core/Src/lcd.o
 .debug_macro   0x0002051b       0x43 ./Core/Src/lcd.o
 .debug_macro   0x0002055e       0x34 ./Core/Src/lcd.o
 .debug_macro   0x00020592       0x10 ./Core/Src/lcd.o
 .debug_macro   0x000205a2       0x58 ./Core/Src/lcd.o
 .debug_macro   0x000205fa       0x8e ./Core/Src/lcd.o
 .debug_macro   0x00020688       0x1c ./Core/Src/lcd.o
 .debug_macro   0x000206a4      0x177 ./Core/Src/lcd.o
 .debug_macro   0x0002081b      0x369 ./Core/Src/lcd.o
 .debug_macro   0x00020b84       0x16 ./Core/Src/lcd.o
 .debug_macro   0x00020b9a       0x29 ./Core/Src/lcd.o
 .debug_macro   0x00020bc3       0x16 ./Core/Src/lcd.o
 .debug_macro   0x00020bd9       0x20 ./Core/Src/lcd.o
 .debug_macro   0x00020bf9       0xca ./Core/Src/lcd.o
 .debug_macro   0x00020cc3      0x230 ./Core/Src/led_7seg.o
 .debug_macro   0x00020ef3      0x430 ./Core/Src/main.o
 .debug_macro   0x00021323       0x1c ./Core/Src/main.o
 .debug_macro   0x0002133f       0x10 ./Core/Src/main.o
 .debug_macro   0x0002134f       0x1c ./Core/Src/main.o
 .debug_macro   0x0002136b       0x16 ./Core/Src/main.o
 .debug_macro   0x00021381      0x146 ./Core/Src/main.o
 .debug_macro   0x000214c7      0x236 ./Core/Src/software_timer.o
 .debug_macro   0x000216fd      0x226 ./Core/Src/spi.o
 .debug_macro   0x00021923      0x21c ./Core/Src/stm32f4xx_hal_msp.o
 .debug_macro   0x00021b3f      0x226 ./Core/Src/stm32f4xx_it.o
 .debug_macro   0x00021d65      0x20d ./Core/Src/system_stm32f4xx.o
 .debug_macro   0x00021f72      0x226 ./Core/Src/tim.o
 .debug_macro   0x00022198      0x331 ./Core/Src/uart.o
 .debug_macro   0x000224c9       0x16 ./Core/Src/uart.o
 .debug_macro   0x000224df       0x16 ./Core/Src/uart.o
 .debug_macro   0x000224f5      0x226 ./Core/Src/usart.o
 .debug_macro   0x0002271b       0x6d ./Core/Src/utils.o
 .debug_macro   0x00022788      0x26d ./Drivers/STM32F4xx_HAL_Driver/Src/stm32f4xx_hal.o
 .debug_macro   0x000229f5      0x20d ./Drivers/STM32F4xx_HAL_Driver/Src/stm32f4xx_hal_cortex.o
 .debug_macro   0x00022c02      0x213 ./Drivers/STM32F4xx_HAL_Driver/Src/stm32f4xx_hal_dma.o
 .debug_macro   0x00022e15      0x213 ./Drivers/STM32F4xx_HAL_Driver/Src/stm32f4xx_hal_gpio.o
 .debug_macro   0x00023028      0x254 ./Drivers/STM32F4xx_HAL_Driver/Src/stm32f4xx_hal_i2c.o
 .debug_macro   0x0002327c      0x231 ./Drivers/STM32F4xx_HAL_Driver/Src/stm32f4xx_hal_rcc.o
 .debug_macro   0x000234ad      0x21c ./Drivers/STM32F4xx_HAL_Driver/Src/stm32f4xx_hal_spi.o
 .debug_macro   0x000236c9      0x20d ./Drivers/STM32F4xx_HAL_Driver/Src/stm32f4xx_hal_sram.o
 .debug_macro   0x000238d6      0x20e ./Drivers/STM32F4xx_HAL_Driver/Src/stm32f4xx_hal_tim.o
 .debug_macro   0x00023ae4      0x20d ./Drivers/STM32F4xx_HAL_Driver/Src/stm32f4xx_hal_tim_ex.o
 .debug_macro   0x00023cf1      0x20e ./Drivers/STM32F4xx_HAL_Driver/Src/stm32f4xx_hal_uart.o
 .debug_macro   0x00023eff      0x20d ./Drivers/STM32F4xx_HAL_Driver/Src/stm32f4xx_ll_fsmc.o

.debug_line     0x00000000    0x1d025
 .debug_line    0x00000000      0x849 ./Core/Src/button.o
 .debug_line    0x00000849      0x861 ./Core/Src/ds3231.o
 .debug_line    0x000010aa      0x8be ./Core/Src/fsmc.o
 .debug_line    0x00001968      0x81c ./Core/Src/gpio.o
 .debug_line    0x00002184      0x827 ./Core/Src/i2c.o
 .debug_line    0x000029ab     0x11e2 ./Core/Src/lcd.o
 .debug_line    0x00003b8d      0x8b6 ./Core/Src/led_7seg.o
 .debug_line    0x00004443     0x1143 ./Core/Src/main.o
 .debug_line    0x00005586      0x825 ./Core/Src/software_timer.o
 .debug_line    0x00005dab      0x82f ./Core/Src/spi.o
 .debug_line    0x000065da      0x7be ./Core/Src/stm32f4xx_hal_msp.o
 .debug_line    0x00006d98      0x8b0 ./Core/Src/stm32f4xx_it.o
 .debug_line    0x00007648      0x842 ./Core/Src/system_stm32f4xx.o
 .debug_line    0x00007e8a      0x82b ./Core/Src/tim.o
 .debug_line    0x000086b5      0xb14 ./Core/Src/uart.o
 .debug_line    0x000091c9      0x82a ./Core/Src/usart.o
 .debug_line    0x000099f3      0x442 ./Core/Src/utils.o
 .debug_line    0x00009e35       0x7a ./Core/Startup/startup_stm32f407zetx.o
 .debug_line    0x00009eaf      0xaab ./Drivers/STM32F4xx_HAL_Driver/Src/stm32f4xx_hal.o
 .debug_line    0x0000a95a      0xd58 ./Drivers/STM32F4xx_HAL_Driver/Src/stm32f4xx_hal_cortex.o
 .debug_line    0x0000b6b2     0x101e ./Drivers/STM32F4xx_HAL_Driver/Src/stm32f4xx_hal_dma.o
 .debug_line    0x0000c6d0      0xc39 ./Drivers/STM32F4xx_HAL_Driver/Src/stm32f4xx_hal_gpio.o
 .debug_line    0x0000d309     0x3b48 ./Drivers/STM32F4xx_HAL_Driver/Src/stm32f4xx_hal_i2c.o
 .debug_line    0x00010e51      0xe1e ./Drivers/STM32F4xx_HAL_Driver/Src/stm32f4xx_hal_rcc.o
 .debug_line    0x00011c6f     0x1d5e ./Drivers/STM32F4xx_HAL_Driver/Src/stm32f4xx_hal_spi.o
 .debug_line    0x000139cd      0xc47 ./Drivers/STM32F4xx_HAL_Driver/Src/stm32f4xx_hal_sram.o
 .debug_line    0x00014614     0x37bb ./Drivers/STM32F4xx_HAL_Driver/Src/stm32f4xx_hal_tim.o
 .debug_line    0x00017dcf     0x1aa2 ./Drivers/STM32F4xx_HAL_Driver/Src/stm32f4xx_hal_tim_ex.o
 .debug_line    0x00019871     0x2b44 ./Drivers/STM32F4xx_HAL_Driver/Src/stm32f4xx_hal_uart.o
 .debug_line    0x0001c3b5      0xc70 ./Drivers/STM32F4xx_HAL_Driver/Src/stm32f4xx_ll_fsmc.o

.debug_str      0x00000000    0xd2946
 .debug_str     0x00000000    0xc9622 ./Core/Src/button.o
                              0xc992f (size before relaxing)
 .debug_str     0x000c9622      0x400 ./Core/Src/ds3231.o
                              0xc9a8d (size before relaxing)
 .debug_str     0x000c9a22      0x3ef ./Core/Src/fsmc.o
                              0xc9af4 (size before relaxing)
 .debug_str     0x000c9e11       0x20 ./Core/Src/gpio.o
                              0xc95a2 (size before relaxing)
 .debug_str     0x000c9e31       0x58 ./Core/Src/i2c.o
                              0xc9ad1 (size before relaxing)
 .debug_str     0x000c9e89     0x36ee ./Core/Src/lcd.o
                              0xccb71 (size before relaxing)
 .debug_str     0x000cd577       0xa9 ./Core/Src/led_7seg.o
                              0xc996c (size before relaxing)
 .debug_str     0x000cd620      0xc9c ./Core/Src/main.o
                              0xcdb1a (size before relaxing)
 .debug_str     0x000ce2bc      0x2f3 ./Core/Src/software_timer.o
                              0xc99f1 (size before relaxing)
 .debug_str     0x000ce5af       0x4b ./Core/Src/spi.o
                              0xc9a2e (size before relaxing)
 .debug_str     0x000ce5fa       0x2c ./Core/Src/stm32f4xx_hal_msp.o
                              0xc94d7 (size before relaxing)
 .debug_str     0x000ce626      0x112 ./Core/Src/stm32f4xx_it.o
                              0xc9be3 (size before relaxing)
 .debug_str     0x000ce738       0xdb ./Core/Src/system_stm32f4xx.o
                              0xc9365 (size before relaxing)
 .debug_str     0x000ce813      0x653 ./Core/Src/tim.o
                              0xca0ac (size before relaxing)
 .debug_str     0x000cee66       0x9e ./Core/Src/uart.o
                              0xcd113 (size before relaxing)
 .debug_str     0x000cef04       0x51 ./Core/Src/usart.o
                              0xc9f6b (size before relaxing)
 .debug_str     0x000cef55       0x14 ./Core/Src/utils.o
                               0x3d55 (size before relaxing)
 .debug_str     0x000cef69       0x44 ./Core/Startup/startup_stm32f407zetx.o
                                 0x91 (size before relaxing)
 .debug_str     0x000cefad      0x603 ./Drivers/STM32F4xx_HAL_Driver/Src/stm32f4xx_hal.o
                              0xc9ee9 (size before relaxing)
 .debug_str     0x000cf5b0      0x32d ./Drivers/STM32F4xx_HAL_Driver/Src/stm32f4xx_hal_cortex.o
                              0xc9c1c (size before relaxing)
 .debug_str     0x000cf8dd      0x315 ./Drivers/STM32F4xx_HAL_Driver/Src/stm32f4xx_hal_dma.o
                              0xc977f (size before relaxing)
 .debug_str     0x000cfbf2      0x109 ./Drivers/STM32F4xx_HAL_Driver/Src/stm32f4xx_hal_gpio.o
                              0xc94e0 (size before relaxing)
 .debug_str     0x000cfcfb      0xa92 ./Drivers/STM32F4xx_HAL_Driver/Src/stm32f4xx_hal_i2c.o
                              0xca330 (size before relaxing)
 .debug_str     0x000d078d      0x213 ./Drivers/STM32F4xx_HAL_Driver/Src/stm32f4xx_hal_rcc.o
                              0xc9799 (size before relaxing)
 .debug_str     0x000d09a0      0x536 ./Drivers/STM32F4xx_HAL_Driver/Src/stm32f4xx_hal_spi.o
                              0xc9c29 (size before relaxing)
 .debug_str     0x000d0ed6      0x1a6 ./Drivers/STM32F4xx_HAL_Driver/Src/stm32f4xx_hal_sram.o
                              0xc990c (size before relaxing)
 .debug_str     0x000d107c      0xd9d ./Drivers/STM32F4xx_HAL_Driver/Src/stm32f4xx_hal_tim.o
                              0xca6df (size before relaxing)
 .debug_str     0x000d1e19      0x493 ./Drivers/STM32F4xx_HAL_Driver/Src/stm32f4xx_hal_tim_ex.o
                              0xc9efb (size before relaxing)
 .debug_str     0x000d22ac      0x595 ./Drivers/STM32F4xx_HAL_Driver/Src/stm32f4xx_hal_uart.o
                              0xc9d38 (size before relaxing)
 .debug_str     0x000d2841      0x105 ./Drivers/STM32F4xx_HAL_Driver/Src/stm32f4xx_ll_fsmc.o
                              0xc9714 (size before relaxing)

.comment        0x00000000       0x43
 .comment       0x00000000       0x43 ./Core/Src/button.o
                                 0x44 (size before relaxing)
 .comment       0x00000043       0x44 ./Core/Src/ds3231.o
 .comment       0x00000043       0x44 ./Core/Src/fsmc.o
 .comment       0x00000043       0x44 ./Core/Src/gpio.o
 .comment       0x00000043       0x44 ./Core/Src/i2c.o
 .comment       0x00000043       0x44 ./Core/Src/lcd.o
 .comment       0x00000043       0x44 ./Core/Src/led_7seg.o
 .comment       0x00000043       0x44 ./Core/Src/main.o
 .comment       0x00000043       0x44 ./Core/Src/software_timer.o
 .comment       0x00000043       0x44 ./Core/Src/spi.o
 .comment       0x00000043       0x44 ./Core/Src/stm32f4xx_hal_msp.o
 .comment       0x00000043       0x44 ./Core/Src/stm32f4xx_it.o
 .comment       0x00000043       0x44 ./Core/Src/system_stm32f4xx.o
 .comment       0x00000043       0x44 ./Core/Src/tim.o
 .comment       0x00000043       0x44 ./Core/Src/uart.o
 .comment       0x00000043       0x44 ./Core/Src/usart.o
 .comment       0x00000043       0x44 ./Core/Src/utils.o
 .comment       0x00000043       0x44 ./Drivers/STM32F4xx_HAL_Driver/Src/stm32f4xx_hal.o
 .comment       0x00000043       0x44 ./Drivers/STM32F4xx_HAL_Driver/Src/stm32f4xx_hal_cortex.o
 .comment       0x00000043       0x44 ./Drivers/STM32F4xx_HAL_Driver/Src/stm32f4xx_hal_dma.o
 .comment       0x00000043       0x44 ./Drivers/STM32F4xx_HAL_Driver/Src/stm32f4xx_hal_gpio.o
 .comment       0x00000043       0x44 ./Drivers/STM32F4xx_HAL_Driver/Src/stm32f4xx_hal_i2c.o
 .comment       0x00000043       0x44 ./Drivers/STM32F4xx_HAL_Driver/Src/stm32f4xx_hal_rcc.o
 .comment       0x00000043       0x44 ./Drivers/STM32F4xx_HAL_Driver/Src/stm32f4xx_hal_spi.o
 .comment       0x00000043       0x44 ./Drivers/STM32F4xx_HAL_Driver/Src/stm32f4xx_hal_sram.o
 .comment       0x00000043       0x44 ./Drivers/STM32F4xx_HAL_Driver/Src/stm32f4xx_hal_tim.o
 .comment       0x00000043       0x44 ./Drivers/STM32F4xx_HAL_Driver/Src/stm32f4xx_hal_tim_ex.o
 .comment       0x00000043       0x44 ./Drivers/STM32F4xx_HAL_Driver/Src/stm32f4xx_hal_uart.o
 .comment       0x00000043       0x44 ./Drivers/STM32F4xx_HAL_Driver/Src/stm32f4xx_ll_fsmc.o

.debug_frame    0x00000000     0x5794
 .debug_frame   0x00000000       0x50 ./Core/Src/button.o
 .debug_frame   0x00000050       0x74 ./Core/Src/ds3231.o
 .debug_frame   0x000000c4       0xbc ./Core/Src/fsmc.o
 .debug_frame   0x00000180       0x34 ./Core/Src/gpio.o
 .debug_frame   0x000001b4       0x74 ./Core/Src/i2c.o
 .debug_frame   0x00000228      0x3e0 ./Core/Src/lcd.o
 .debug_frame   0x00000608       0xe8 ./Core/Src/led_7seg.o
 .debug_frame   0x000006f0      0x250 ./Core/Src/main.o
 .debug_frame   0x00000940       0x78 ./Core/Src/software_timer.o
 .debug_frame   0x000009b8       0x74 ./Core/Src/spi.o
 .debug_frame   0x00000a2c       0x38 ./Core/Src/stm32f4xx_hal_msp.o
 .debug_frame   0x00000a64      0x13c ./Core/Src/stm32f4xx_it.o
 .debug_frame   0x00000ba0       0x58 ./Core/Src/system_stm32f4xx.o
 .debug_frame   0x00000bf8       0x7c ./Core/Src/tim.o
 .debug_frame   0x00000c74       0xe0 ./Core/Src/uart.o
 .debug_frame   0x00000d54       0x74 ./Core/Src/usart.o
 .debug_frame   0x00000dc8       0x60 ./Core/Src/utils.o
 .debug_frame   0x00000e28      0x374 ./Drivers/STM32F4xx_HAL_Driver/Src/stm32f4xx_hal.o
 .debug_frame   0x0000119c      0x498 ./Drivers/STM32F4xx_HAL_Driver/Src/stm32f4xx_hal_cortex.o
 .debug_frame   0x00001634      0x250 ./Drivers/STM32F4xx_HAL_Driver/Src/stm32f4xx_hal_dma.o
 .debug_frame   0x00001884      0x14c ./Drivers/STM32F4xx_HAL_Driver/Src/stm32f4xx_hal_gpio.o
 .debug_frame   0x000019d0      0xc5c ./Drivers/STM32F4xx_HAL_Driver/Src/stm32f4xx_hal_i2c.o
 .debug_frame   0x0000262c      0x1f4 ./Drivers/STM32F4xx_HAL_Driver/Src/stm32f4xx_hal_rcc.o
 .debug_frame   0x00002820      0x824 ./Drivers/STM32F4xx_HAL_Driver/Src/stm32f4xx_hal_spi.o
 .debug_frame   0x00003044      0x2a0 ./Drivers/STM32F4xx_HAL_Driver/Src/stm32f4xx_hal_sram.o
 .debug_frame   0x000032e4     0x11c4 ./Drivers/STM32F4xx_HAL_Driver/Src/stm32f4xx_hal_tim.o
 .debug_frame   0x000044a8      0x638 ./Drivers/STM32F4xx_HAL_Driver/Src/stm32f4xx_hal_tim_ex.o
 .debug_frame   0x00004ae0      0x92c ./Drivers/STM32F4xx_HAL_Driver/Src/stm32f4xx_hal_uart.o
 .debug_frame   0x0000540c      0x2dc ./Drivers/STM32F4xx_HAL_Driver/Src/stm32f4xx_ll_fsmc.o
 .debug_frame   0x000056e8       0x20 D:/STM32CUBEIDE/STM32CubeIDE_1.16.0/STM32CubeIDE/plugins/com.st.stm32cube.ide.mcu.externaltools.gnu-tools-for-stm32.12.3.rel1.win32_1.0.200.202406191623/tools/bin/../lib/gcc/arm-none-eabi/12.3.1/../../../../arm-none-eabi/lib/thumb/v7e-m+fp/hard\libc_nano.a(libc_a-memset.o)
 .debug_frame   0x00005708       0x2c D:/STM32CUBEIDE/STM32CubeIDE_1.16.0/STM32CubeIDE/plugins/com.st.stm32cube.ide.mcu.externaltools.gnu-tools-for-stm32.12.3.rel1.win32_1.0.200.202406191623/tools/bin/../lib/gcc/arm-none-eabi/12.3.1/../../../../arm-none-eabi/lib/thumb/v7e-m+fp/hard\libc_nano.a(libc_a-init.o)
 .debug_frame   0x00005734       0x2c D:/STM32CUBEIDE/STM32CubeIDE_1.16.0/STM32CubeIDE/plugins/com.st.stm32cube.ide.mcu.externaltools.gnu-tools-for-stm32.12.3.rel1.win32_1.0.200.202406191623/tools/bin/../lib/gcc/arm-none-eabi/12.3.1/thumb/v7e-m+fp/hard\libgcc.a(_aeabi_uldivmod.o)
 .debug_frame   0x00005760       0x34 D:/STM32CUBEIDE/STM32CubeIDE_1.16.0/STM32CubeIDE/plugins/com.st.stm32cube.ide.mcu.externaltools.gnu-tools-for-stm32.12.3.rel1.win32_1.0.200.202406191623/tools/bin/../lib/gcc/arm-none-eabi/12.3.1/thumb/v7e-m+fp/hard\libgcc.a(_udivmoddi4.o)

.debug_line_str
                0x00000000       0x75
 .debug_line_str
                0x00000000       0x75 ./Core/Startup/startup_stm32f407zetx.o
