../Core/Src/main.c:128:5:main	24	static
../Core/Src/main.c:242:6:SystemClock_Config	88	static
../Core/Src/main.c:283:6:system_init	8	static
../Core/Src/main.c:300:6:test_LedDebug	8	static
../Core/Src/main.c:307:6:test_button	16	static
../Core/Src/main.c:316:6:test_Uart	8	static
../Core/Src/main.c:326:6:updateTime	8	static
../Core/Src/main.c:335:6:buttonBai5	8	static
../Core/Src/main.c:343:9:isButtonUp	4	static
../Core/Src/main.c:350:9:isButtonDown	4	static
../Core/Src/main.c:357:6:displayTime	24	static
../Core/Src/main.c:368:6:adjustTime	24	static
../Core/Src/main.c:441:6:setAlarm	24	static
../Core/Src/main.c:468:6:checkAlarm	16	static
../Core/Src/main.c:488:6:resendRequest	8	static
../Core/Src/main.c:499:6:adjustTimeRS232	24	static
../Core/Src/main.c:580:6:ProcessRingBufferData	16	static
../Core/Src/main.c:637:6:Error_Handler	4	static,ignoring_inline_asm
