../Core/Src/main.c:89:5:main	8	static
../Core/Src/main.c:170:6:SystemClock_Config	88	static
../Core/Src/main.c:211:6:system_init	8	static
../Core/Src/main.c:223:6:test_LedDebug	8	static
../Core/Src/main.c:230:6:test_7seg	8	static
../Core/Src/main.c:236:6:test_button	16	static
../Core/Src/main.c:245:6:updateTime	8	static
../Core/Src/main.c:255:9:isButtonUp	4	static
../Core/Src/main.c:262:9:isButtonDown	4	static
../Core/Src/main.c:270:6:isButtonUp_2000	4	static
../Core/Src/main.c:283:6:displayTime	24	static
../Core/Src/main.c:294:6:adjustTime	24	static
../Core/Src/main.c:423:6:setAlarm	24	static
../Core/Src/main.c:449:6:checkAlarm	16	static
../Core/Src/main.c:501:6:Error_Handler	4	static,ignoring_inline_asm
